Dataset generated: dataset.csv

Simulation: BMI drift = -0.2
  Calibration targets -- inci(all): 0.02435%  prev(all): 0.43911%
  Year  1  [inci(all): 0.03193% vs 0.02435%  |  prev(all): 0.6777% vs 0.43911%]
    inci: all=0.0319[0.0280,0.0357]  young=0.0046[0.0000,0.0120]  long(15-24)=0.0071[0.0000,0.0143]
    prev: all=0.6777[0.6600,0.6973]  young=0.0379[0.0240,0.0545]  long(15-24)=0.0494[0.0286,0.0708]
  Year  2  [inci(all): 0.03208% vs 0.02435%  |  prev(all): 0.6793% vs 0.43911%]
    inci: all=0.0321[0.0286,0.0364]  young=0.0059[0.0015,0.0120]  long(15-24)=0.0070[0.0000,0.0142]
    prev: all=0.6793[0.6612,0.6973]  young=0.0403[0.0267,0.0554]  long(15-24)=0.0515[0.0282,0.0755]
  Year  3  [inci(all): 0.03288% vs 0.02435%  |  prev(all): 0.6825% vs 0.43911%]
    inci: all=0.0329[0.0294,0.0373]  young=0.0045[0.0000,0.0119]  long(15-24)=0.0047[0.0000,0.0140]
    prev: all=0.6825[0.6655,0.7021]  young=0.0384[0.0251,0.0544]  long(15-24)=0.0488[0.0302,0.0696]
  Year  4  [inci(all): 0.03248% vs 0.02435%  |  prev(all): 0.6828% vs 0.43911%]
    inci: all=0.0325[0.0287,0.0365]  young=0.0029[0.0000,0.0074]  long(15-24)=0.0023[0.0000,0.0093]
    prev: all=0.6828[0.6641,0.7016]  young=0.0366[0.0234,0.0514]  long(15-24)=0.0461[0.0277,0.0647]
  Year  5  [inci(all): 0.03248% vs 0.02435%  |  prev(all): 0.6851% vs 0.43911%]
    inci: all=0.0325[0.0283,0.0365]  young=0.0058[0.0014,0.0131]  long(15-24)=0.0068[0.0000,0.0160]
    prev: all=0.6851[0.6664,0.7040]  young=0.0378[0.0247,0.0534]  long(15-24)=0.0477[0.0295,0.0688]
  Year  6  [inci(all): 0.03248% vs 0.02435%  |  prev(all): 0.6845% vs 0.43911%]
    inci: all=0.0325[0.0286,0.0365]  young=0.0043[0.0000,0.0100]  long(15-24)=0.0045[0.0000,0.0114]
    prev: all=0.6845[0.6692,0.7020]  young=0.0373[0.0245,0.0533]  long(15-24)=0.0453[0.0270,0.0660]
  Year  7  [inci(all): 0.03208% vs 0.02435%  |  prev(all): 0.6855% vs 0.43911%]
    inci: all=0.0321[0.0283,0.0361]  young=0.0057[0.0000,0.0114]  long(15-24)=0.0045[0.0000,0.0135]
    prev: all=0.6855[0.6680,0.7021]  young=0.0369[0.0227,0.0496]  long(15-24)=0.0445[0.0246,0.0608]
  Year  8  [inci(all): 0.03207% vs 0.02435%  |  prev(all): 0.6853% vs 0.43911%]
    inci: all=0.0321[0.0279,0.0361]  young=0.0028[0.0000,0.0071]  long(15-24)=0.0022[0.0000,0.0089]
    prev: all=0.6853[0.6673,0.7053]  young=0.0351[0.0212,0.0467]  long(15-24)=0.0421[0.0223,0.0620]
  Year  9  [inci(all): 0.03248% vs 0.02435%  |  prev(all): 0.6819% vs 0.43911%]
    inci: all=0.0325[0.0284,0.0364]  young=0.0056[0.0014,0.0112]  long(15-24)=0.0066[0.0000,0.0133]
    prev: all=0.6819[0.6653,0.7016]  young=0.0376[0.0237,0.0531]  long(15-24)=0.0440[0.0263,0.0679]
  Year 10  [inci(all): 0.03328% vs 0.02435%  |  prev(all): 0.6828% vs 0.43911%]
    inci: all=0.0333[0.0291,0.0377]  young=0.0042[0.0000,0.0111]  long(15-24)=0.0043[0.0000,0.0109]
    prev: all=0.6828[0.6657,0.7012]  young=0.0362[0.0248,0.0510]  long(15-24)=0.0433[0.0281,0.0652]
  Year 11  [inci(all): 0.03154% vs 0.02435%  |  prev(all): 0.6803% vs 0.43911%]
    inci: all=0.0315[0.0278,0.0353]  young=0.0055[0.0000,0.0096]  long(15-24)=0.0064[0.0000,0.0129]
    prev: all=0.6803[0.6613,0.6968]  young=0.0372[0.0261,0.0517]  long(15-24)=0.0450[0.0302,0.0667]
  Year 12  [inci(all): 0.03100% vs 0.02435%  |  prev(all): 0.6769% vs 0.43911%]
    inci: all=0.0310[0.0274,0.0354]  young=0.0054[0.0014,0.0123]  long(15-24)=0.0043[0.0000,0.0128]
    prev: all=0.6769[0.6560,0.6964]  young=0.0394[0.0259,0.0530]  long(15-24)=0.0470[0.0298,0.0661]
  Year 13  [inci(all): 0.03234% vs 0.02435%  |  prev(all): 0.6751% vs 0.43911%]
    inci: all=0.0323[0.0278,0.0369]  young=0.0040[0.0000,0.0095]  long(15-24)=0.0042[0.0000,0.0105]
    prev: all=0.6751[0.6569,0.6937]  young=0.0365[0.0242,0.0527]  long(15-24)=0.0443[0.0274,0.0638]
  Year 14  [inci(all): 0.03126% vs 0.02435%  |  prev(all): 0.6721% vs 0.43911%]
    inci: all=0.0313[0.0280,0.0356]  young=0.0040[0.0000,0.0094]  long(15-24)=0.0042[0.0000,0.0105]
    prev: all=0.6721[0.6535,0.6904]  young=0.0360[0.0241,0.0492]  long(15-24)=0.0423[0.0231,0.0606]
  Year 15  [inci(all): 0.03113% vs 0.02435%  |  prev(all): 0.6691% vs 0.43911%]
    inci: all=0.0311[0.0268,0.0344]  young=0.0053[0.0013,0.0107]  long(15-24)=0.0062[0.0000,0.0146]
    prev: all=0.6691[0.6493,0.6893]  young=0.0383[0.0252,0.0546]  long(15-24)=0.0458[0.0271,0.0689]
  Year 16  [inci(all): 0.03046% vs 0.02435%  |  prev(all): 0.6635% vs 0.43911%]
    inci: all=0.0305[0.0267,0.0338]  young=0.0040[0.0000,0.0105]  long(15-24)=0.0041[0.0000,0.0123]
    prev: all=0.6635[0.6467,0.6788]  young=0.0369[0.0238,0.0539]  long(15-24)=0.0454[0.0288,0.0663]
  Year 17  [inci(all): 0.03073% vs 0.02435%  |  prev(all): 0.6592% vs 0.43911%]
    inci: all=0.0307[0.0270,0.0352]  young=0.0026[0.0000,0.0066]  long(15-24)=0.0041[0.0000,0.0102]
    prev: all=0.6592[0.6411,0.6805]  young=0.0365[0.0247,0.0497]  long(15-24)=0.0451[0.0268,0.0652]
  Year 18  [inci(all): 0.03019% vs 0.02435%  |  prev(all): 0.6547% vs 0.43911%]
    inci: all=0.0302[0.0264,0.0345]  young=0.0039[0.0000,0.0092]  long(15-24)=0.0041[0.0000,0.0122]
    prev: all=0.6547[0.6367,0.6739]  young=0.0363[0.0260,0.0520]  long(15-24)=0.0448[0.0304,0.0669]
  Year 19  [inci(all): 0.03073% vs 0.02435%  |  prev(all): 0.6503% vs 0.43911%]
    inci: all=0.0307[0.0263,0.0346]  young=0.0039[0.0000,0.0103]  long(15-24)=0.0060[0.0000,0.0122]
    prev: all=0.6503[0.6303,0.6719]  young=0.0365[0.0244,0.0505]  long(15-24)=0.0466[0.0264,0.0630]
  Year 20  [inci(all): 0.02991% vs 0.02435%  |  prev(all): 0.6449% vs 0.43911%]
    inci: all=0.0299[0.0267,0.0337]  young=0.0038[0.0000,0.0089]  long(15-24)=0.0040[0.0000,0.0101]
    prev: all=0.6449[0.6279,0.6624]  young=0.0359[0.0218,0.0488]  long(15-24)=0.0460[0.0279,0.0648]
  Year 21  [inci(all): 0.03018% vs 0.02435%  |  prev(all): 0.6415% vs 0.43911%]
    inci: all=0.0302[0.0263,0.0342]  young=0.0051[0.0013,0.0102]  long(15-24)=0.0059[0.0000,0.0139]
    prev: all=0.6415[0.6239,0.6579]  young=0.0369[0.0243,0.0502]  long(15-24)=0.0477[0.0319,0.0674]
  Year 22  [inci(all): 0.02978% vs 0.02435%  |  prev(all): 0.6356% vs 0.43911%]
    inci: all=0.0298[0.0259,0.0338]  young=0.0051[0.0000,0.0102]  long(15-24)=0.0040[0.0000,0.0100]
    prev: all=0.6356[0.6189,0.6536]  young=0.0357[0.0230,0.0537]  long(15-24)=0.0454[0.0297,0.0673]
  Year 23  [inci(all): 0.03057% vs 0.02435%  |  prev(all): 0.6293% vs 0.43911%]
    inci: all=0.0306[0.0263,0.0339]  young=0.0038[0.0000,0.0101]  long(15-24)=0.0059[0.0000,0.0138]
    prev: all=0.6293[0.6068,0.6512]  young=0.0354[0.0241,0.0479]  long(15-24)=0.0468[0.0277,0.0629]
  Year 24  [inci(all): 0.02964% vs 0.02435%  |  prev(all): 0.6245% vs 0.43911%]
    inci: all=0.0296[0.0260,0.0337]  young=0.0038[0.0000,0.0089]  long(15-24)=0.0058[0.0000,0.0137]
    prev: all=0.6245[0.6043,0.6408]  young=0.0352[0.0240,0.0492]  long(15-24)=0.0451[0.0274,0.0627]
  Year 25  [inci(all): 0.03005% vs 0.02435%  |  prev(all): 0.6185% vs 0.43911%]
    inci: all=0.0300[0.0262,0.0338]  young=0.0050[0.0013,0.0113]  long(15-24)=0.0058[0.0000,0.0137]
    prev: all=0.6185[0.6024,0.6344]  young=0.0353[0.0226,0.0478]  long(15-24)=0.0451[0.0254,0.0642]

Simulation: BMI drift = -0.1
  Calibration targets -- inci(all): 0.02435%  prev(all): 0.43911%
  Year  1  [inci(all): 0.03193% vs 0.02435%  |  prev(all): 0.6777% vs 0.43911%]
    inci: all=0.0319[0.0280,0.0357]  young=0.0046[0.0000,0.0120]  long(15-24)=0.0071[0.0000,0.0143]
    prev: all=0.6777[0.6600,0.6973]  young=0.0379[0.0240,0.0545]  long(15-24)=0.0494[0.0286,0.0708]
  Year  2  [inci(all): 0.03220% vs 0.02435%  |  prev(all): 0.6793% vs 0.43911%]
    inci: all=0.0322[0.0286,0.0364]  young=0.0059[0.0015,0.0120]  long(15-24)=0.0070[0.0000,0.0142]
    prev: all=0.6793[0.6612,0.6973]  young=0.0403[0.0267,0.0554]  long(15-24)=0.0515[0.0282,0.0755]
  Year  3  [inci(all): 0.03288% vs 0.02435%  |  prev(all): 0.6825% vs 0.43911%]
    inci: all=0.0329[0.0295,0.0373]  young=0.0045[0.0000,0.0119]  long(15-24)=0.0047[0.0000,0.0140]
    prev: all=0.6825[0.6655,0.7021]  young=0.0385[0.0251,0.0544]  long(15-24)=0.0488[0.0302,0.0696]
  Year  4  [inci(all): 0.03248% vs 0.02435%  |  prev(all): 0.6831% vs 0.43911%]
    inci: all=0.0325[0.0287,0.0365]  young=0.0029[0.0000,0.0074]  long(15-24)=0.0023[0.0000,0.0093]
    prev: all=0.6831[0.6643,0.7017]  young=0.0366[0.0249,0.0514]  long(15-24)=0.0461[0.0277,0.0647]
  Year  5  [inci(all): 0.03248% vs 0.02435%  |  prev(all): 0.6852% vs 0.43911%]
    inci: all=0.0325[0.0285,0.0365]  young=0.0058[0.0014,0.0131]  long(15-24)=0.0068[0.0000,0.0160]
    prev: all=0.6852[0.6664,0.7040]  young=0.0379[0.0247,0.0534]  long(15-24)=0.0478[0.0295,0.0688]
  Year  6  [inci(all): 0.03248% vs 0.02435%  |  prev(all): 0.6848% vs 0.43911%]
    inci: all=0.0325[0.0286,0.0366]  young=0.0043[0.0000,0.0100]  long(15-24)=0.0045[0.0000,0.0114]
    prev: all=0.6848[0.6695,0.7020]  young=0.0375[0.0245,0.0534]  long(15-24)=0.0454[0.0270,0.0660]
  Year  7  [inci(all): 0.03221% vs 0.02435%  |  prev(all): 0.6859% vs 0.43911%]
    inci: all=0.0322[0.0286,0.0361]  young=0.0057[0.0000,0.0114]  long(15-24)=0.0045[0.0000,0.0135]
    prev: all=0.6859[0.6684,0.7025]  young=0.0370[0.0227,0.0496]  long(15-24)=0.0445[0.0246,0.0608]
  Year  8  [inci(all): 0.03221% vs 0.02435%  |  prev(all): 0.6859% vs 0.43911%]
    inci: all=0.0322[0.0279,0.0362]  young=0.0028[0.0000,0.0085]  long(15-24)=0.0022[0.0000,0.0089]
    prev: all=0.6859[0.6679,0.7056]  young=0.0352[0.0226,0.0468]  long(15-24)=0.0422[0.0244,0.0622]
  Year  9  [inci(all): 0.03248% vs 0.02435%  |  prev(all): 0.6825% vs 0.43911%]
    inci: all=0.0325[0.0284,0.0365]  young=0.0056[0.0014,0.0112]  long(15-24)=0.0066[0.0000,0.0133]
    prev: all=0.6825[0.6657,0.7021]  young=0.0376[0.0238,0.0531]  long(15-24)=0.0441[0.0264,0.0679]
  Year 10  [inci(all): 0.03355% vs 0.02435%  |  prev(all): 0.6835% vs 0.43911%]
    inci: all=0.0335[0.0291,0.0378]  young=0.0042[0.0000,0.0111]  long(15-24)=0.0043[0.0000,0.0109]
    prev: all=0.6835[0.6663,0.7015]  young=0.0373[0.0248,0.0511]  long(15-24)=0.0435[0.0281,0.0652]
  Year 11  [inci(all): 0.03154% vs 0.02435%  |  prev(all): 0.6808% vs 0.43911%]
    inci: all=0.0315[0.0279,0.0353]  young=0.0055[0.0000,0.0096]  long(15-24)=0.0064[0.0000,0.0129]
    prev: all=0.6808[0.6620,0.6972]  young=0.0383[0.0262,0.0520]  long(15-24)=0.0451[0.0302,0.0667]
  Year 12  [inci(all): 0.03113% vs 0.02435%  |  prev(all): 0.6777% vs 0.43911%]
    inci: all=0.0311[0.0275,0.0357]  young=0.0055[0.0014,0.0123]  long(15-24)=0.0064[0.0000,0.0149]
    prev: all=0.6777[0.6564,0.6979]  young=0.0395[0.0271,0.0531]  long(15-24)=0.0472[0.0299,0.0666]
  Year 13  [inci(all): 0.03247% vs 0.02435%  |  prev(all): 0.6760% vs 0.43911%]
    inci: all=0.0325[0.0278,0.0372]  young=0.0041[0.0000,0.0095]  long(15-24)=0.0042[0.0000,0.0106]
    prev: all=0.6760[0.6576,0.6948]  young=0.0377[0.0243,0.0527]  long(15-24)=0.0446[0.0275,0.0655]
  Year 14  [inci(all): 0.03127% vs 0.02435%  |  prev(all): 0.6733% vs 0.43911%]
    inci: all=0.0313[0.0282,0.0356]  young=0.0040[0.0000,0.0094]  long(15-24)=0.0042[0.0000,0.0105]
    prev: all=0.6733[0.6544,0.6912]  young=0.0373[0.0241,0.0506]  long(15-24)=0.0441[0.0249,0.0631]
  Year 15  [inci(all): 0.03140% vs 0.02435%  |  prev(all): 0.6700% vs 0.43911%]
    inci: all=0.0314[0.0272,0.0349]  young=0.0053[0.0013,0.0107]  long(15-24)=0.0062[0.0000,0.0146]
    prev: all=0.6700[0.6509,0.6901]  young=0.0385[0.0253,0.0557]  long(15-24)=0.0460[0.0291,0.0708]
  Year 16  [inci(all): 0.03072% vs 0.02435%  |  prev(all): 0.6648% vs 0.43911%]
    inci: all=0.0307[0.0268,0.0342]  young=0.0040[0.0000,0.0105]  long(15-24)=0.0041[0.0000,0.0124]
    prev: all=0.6648[0.6476,0.6800]  young=0.0381[0.0251,0.0540]  long(15-24)=0.0458[0.0290,0.0663]
  Year 17  [inci(all): 0.03086% vs 0.02435%  |  prev(all): 0.6611% vs 0.43911%]
    inci: all=0.0309[0.0271,0.0352]  young=0.0026[0.0000,0.0066]  long(15-24)=0.0041[0.0000,0.0102]
    prev: all=0.6611[0.6423,0.6824]  young=0.0369[0.0249,0.0510]  long(15-24)=0.0454[0.0286,0.0671]
  Year 18  [inci(all): 0.03019% vs 0.02435%  |  prev(all): 0.6564% vs 0.43911%]
    inci: all=0.0302[0.0264,0.0349]  young=0.0039[0.0000,0.0104]  long(15-24)=0.0041[0.0000,0.0122]
    prev: all=0.6564[0.6385,0.6757]  young=0.0375[0.0273,0.0533]  long(15-24)=0.0468[0.0306,0.0692]
  Year 19  [inci(all): 0.03099% vs 0.02435%  |  prev(all): 0.6520% vs 0.43911%]
    inci: all=0.0310[0.0263,0.0348]  young=0.0039[0.0013,0.0104]  long(15-24)=0.0060[0.0000,0.0122]
    prev: all=0.6520[0.6320,0.6733]  young=0.0375[0.0246,0.0518]  long(15-24)=0.0484[0.0284,0.0649]
  Year 20  [inci(all): 0.03005% vs 0.02435%  |  prev(all): 0.6468% vs 0.43911%]
    inci: all=0.0301[0.0268,0.0338]  young=0.0039[0.0000,0.0090]  long(15-24)=0.0040[0.0000,0.0120]
    prev: all=0.6468[0.6299,0.6645]  young=0.0371[0.0231,0.0501]  long(15-24)=0.0479[0.0297,0.0682]
  Year 21  [inci(all): 0.03032% vs 0.02435%  |  prev(all): 0.6437% vs 0.43911%]
    inci: all=0.0303[0.0263,0.0342]  young=0.0051[0.0013,0.0102]  long(15-24)=0.0059[0.0000,0.0139]
    prev: all=0.6437[0.6255,0.6603]  young=0.0382[0.0256,0.0522]  long(15-24)=0.0494[0.0322,0.0698]
  Year 22  [inci(all): 0.03005% vs 0.02435%  |  prev(all): 0.6379% vs 0.43911%]
    inci: all=0.0300[0.0263,0.0341]  young=0.0051[0.0013,0.0114]  long(15-24)=0.0040[0.0000,0.0119]
    prev: all=0.6379[0.6213,0.6556]  young=0.0370[0.0243,0.0558]  long(15-24)=0.0474[0.0299,0.0695]
  Year 23  [inci(all): 0.03072% vs 0.02435%  |  prev(all): 0.6319% vs 0.43911%]
    inci: all=0.0307[0.0264,0.0345]  young=0.0050[0.0000,0.0101]  long(15-24)=0.0059[0.0000,0.0138]
    prev: all=0.6319[0.6085,0.6535]  young=0.0368[0.0253,0.0497]  long(15-24)=0.0474[0.0296,0.0654]
  Year 24  [inci(all): 0.02977% vs 0.02435%  |  prev(all): 0.6271% vs 0.43911%]
    inci: all=0.0298[0.0262,0.0338]  young=0.0038[0.0000,0.0089]  long(15-24)=0.0058[0.0000,0.0137]
    prev: all=0.6271[0.6067,0.6435]  young=0.0365[0.0251,0.0507]  long(15-24)=0.0471[0.0294,0.0649]
  Year 25  [inci(all): 0.03031% vs 0.02435%  |  prev(all): 0.6211% vs 0.43911%]
    inci: all=0.0303[0.0263,0.0342]  young=0.0050[0.0013,0.0113]  long(15-24)=0.0059[0.0000,0.0137]
    prev: all=0.6211[0.6060,0.6369]  young=0.0364[0.0251,0.0488]  long(15-24)=0.0470[0.0292,0.0642]

Simulation: BMI drift = +0.0
  Calibration targets -- inci(all): 0.02435%  prev(all): 0.43911%
  Year  1  [inci(all): 0.03193% vs 0.02435%  |  prev(all): 0.6777% vs 0.43911%]
    inci: all=0.0319[0.0280,0.0357]  young=0.0046[0.0000,0.0120]  long(15-24)=0.0071[0.0000,0.0143]
    prev: all=0.6777[0.6600,0.6973]  young=0.0379[0.0240,0.0545]  long(15-24)=0.0494[0.0286,0.0708]
  Year  2  [inci(all): 0.03220% vs 0.02435%  |  prev(all): 0.6793% vs 0.43911%]
    inci: all=0.0322[0.0286,0.0364]  young=0.0059[0.0015,0.0120]  long(15-24)=0.0070[0.0000,0.0142]
    prev: all=0.6793[0.6612,0.6973]  young=0.0403[0.0267,0.0554]  long(15-24)=0.0515[0.0282,0.0755]
  Year  3  [inci(all): 0.03288% vs 0.02435%  |  prev(all): 0.6825% vs 0.43911%]
    inci: all=0.0329[0.0295,0.0374]  young=0.0045[0.0000,0.0119]  long(15-24)=0.0047[0.0000,0.0140]
    prev: all=0.6825[0.6655,0.7021]  young=0.0385[0.0251,0.0544]  long(15-24)=0.0488[0.0302,0.0696]
  Year  4  [inci(all): 0.03248% vs 0.02435%  |  prev(all): 0.6832% vs 0.43911%]
    inci: all=0.0325[0.0287,0.0365]  young=0.0029[0.0000,0.0074]  long(15-24)=0.0023[0.0000,0.0093]
    prev: all=0.6832[0.6643,0.7017]  young=0.0366[0.0249,0.0514]  long(15-24)=0.0461[0.0277,0.0647]
  Year  5  [inci(all): 0.03248% vs 0.02435%  |  prev(all): 0.6853% vs 0.43911%]
    inci: all=0.0325[0.0285,0.0365]  young=0.0058[0.0014,0.0131]  long(15-24)=0.0068[0.0000,0.0160]
    prev: all=0.6853[0.6664,0.7040]  young=0.0379[0.0247,0.0534]  long(15-24)=0.0478[0.0295,0.0688]
  Year  6  [inci(all): 0.03261% vs 0.02435%  |  prev(all): 0.6848% vs 0.43911%]
    inci: all=0.0326[0.0286,0.0368]  young=0.0043[0.0000,0.0100]  long(15-24)=0.0045[0.0000,0.0114]
    prev: all=0.6848[0.6697,0.7021]  young=0.0375[0.0245,0.0534]  long(15-24)=0.0454[0.0270,0.0660]
  Year  7  [inci(all): 0.03235% vs 0.02435%  |  prev(all): 0.6864% vs 0.43911%]
    inci: all=0.0323[0.0287,0.0362]  young=0.0057[0.0000,0.0114]  long(15-24)=0.0067[0.0000,0.0135]
    prev: all=0.6864[0.6684,0.7029]  young=0.0370[0.0228,0.0499]  long(15-24)=0.0445[0.0246,0.0608]
  Year  8  [inci(all): 0.03234% vs 0.02435%  |  prev(all): 0.6864% vs 0.43911%]
    inci: all=0.0323[0.0279,0.0364]  young=0.0028[0.0000,0.0085]  long(15-24)=0.0044[0.0000,0.0111]
    prev: all=0.6864[0.6680,0.7061]  young=0.0354[0.0226,0.0468]  long(15-24)=0.0423[0.0244,0.0622]
  Year  9  [inci(all): 0.03261% vs 0.02435%  |  prev(all): 0.6829% vs 0.43911%]
    inci: all=0.0326[0.0286,0.0366]  young=0.0056[0.0014,0.0112]  long(15-24)=0.0066[0.0000,0.0133]
    prev: all=0.6829[0.6665,0.7028]  young=0.0378[0.0252,0.0543]  long(15-24)=0.0441[0.0264,0.0679]
  Year 10  [inci(all): 0.03369% vs 0.02435%  |  prev(all): 0.6839% vs 0.43911%]
    inci: all=0.0337[0.0294,0.0381]  young=0.0042[0.0000,0.0111]  long(15-24)=0.0044[0.0000,0.0109]
    prev: all=0.6839[0.6671,0.7021]  young=0.0375[0.0248,0.0524]  long(15-24)=0.0437[0.0281,0.0652]
  Year 11  [inci(all): 0.03167% vs 0.02435%  |  prev(all): 0.6815% vs 0.43911%]
    inci: all=0.0317[0.0279,0.0354]  young=0.0055[0.0000,0.0096]  long(15-24)=0.0064[0.0000,0.0129]
    prev: all=0.6815[0.6628,0.6976]  young=0.0384[0.0262,0.0523]  long(15-24)=0.0452[0.0302,0.0667]
  Year 12  [inci(all): 0.03114% vs 0.02435%  |  prev(all): 0.6788% vs 0.43911%]
    inci: all=0.0311[0.0276,0.0357]  young=0.0055[0.0014,0.0136]  long(15-24)=0.0064[0.0000,0.0150]
    prev: all=0.6788[0.6575,0.6985]  young=0.0396[0.0271,0.0533]  long(15-24)=0.0490[0.0300,0.0679]
  Year 13  [inci(all): 0.03261% vs 0.02435%  |  prev(all): 0.6772% vs 0.43911%]
    inci: all=0.0326[0.0279,0.0373]  young=0.0041[0.0000,0.0095]  long(15-24)=0.0042[0.0000,0.0106]
    prev: all=0.6772[0.6588,0.6964]  young=0.0379[0.0243,0.0527]  long(15-24)=0.0463[0.0275,0.0658]
  Year 14  [inci(all): 0.03140% vs 0.02435%  |  prev(all): 0.6741% vs 0.43911%]
    inci: all=0.0314[0.0283,0.0357]  young=0.0040[0.0000,0.0094]  long(15-24)=0.0042[0.0000,0.0105]
    prev: all=0.6741[0.6556,0.6919]  young=0.0373[0.0241,0.0520]  long(15-24)=0.0441[0.0251,0.0631]
  Year 15  [inci(all): 0.03153% vs 0.02435%  |  prev(all): 0.6712% vs 0.43911%]
    inci: all=0.0315[0.0272,0.0350]  young=0.0053[0.0013,0.0107]  long(15-24)=0.0062[0.0000,0.0146]
    prev: all=0.6712[0.6520,0.6916]  young=0.0386[0.0253,0.0557]  long(15-24)=0.0460[0.0291,0.0708]
  Year 16  [inci(all): 0.03086% vs 0.02435%  |  prev(all): 0.6660% vs 0.43911%]
    inci: all=0.0309[0.0268,0.0343]  young=0.0040[0.0000,0.0106]  long(15-24)=0.0041[0.0000,0.0124]
    prev: all=0.6660[0.6491,0.6809]  young=0.0381[0.0264,0.0540]  long(15-24)=0.0458[0.0290,0.0681]
  Year 17  [inci(all): 0.03100% vs 0.02435%  |  prev(all): 0.6627% vs 0.43911%]
    inci: all=0.0310[0.0271,0.0352]  young=0.0039[0.0000,0.0078]  long(15-24)=0.0041[0.0000,0.0102]
    prev: all=0.6627[0.6436,0.6833]  young=0.0379[0.0260,0.0522]  long(15-24)=0.0471[0.0306,0.0673]
  Year 18  [inci(all): 0.03033% vs 0.02435%  |  prev(all): 0.6580% vs 0.43911%]
    inci: all=0.0303[0.0267,0.0349]  young=0.0039[0.0013,0.0104]  long(15-24)=0.0061[0.0000,0.0123]
    prev: all=0.6580[0.6400,0.6772]  young=0.0377[0.0285,0.0547]  long(15-24)=0.0483[0.0325,0.0692]
  Year 19  [inci(all): 0.03140% vs 0.02435%  |  prev(all): 0.6539% vs 0.43911%]
    inci: all=0.0314[0.0267,0.0349]  young=0.0052[0.0013,0.0104]  long(15-24)=0.0061[0.0000,0.0122]
    prev: all=0.6539[0.6333,0.6749]  young=0.0389[0.0258,0.0544]  long(15-24)=0.0489[0.0304,0.0672]
  Year 20  [inci(all): 0.03019% vs 0.02435%  |  prev(all): 0.6489% vs 0.43911%]
    inci: all=0.0302[0.0270,0.0339]  young=0.0039[0.0000,0.0090]  long(15-24)=0.0060[0.0000,0.0121]
    prev: all=0.6489[0.6311,0.6663]  young=0.0385[0.0243,0.0514]  long(15-24)=0.0500[0.0317,0.0688]
  Year 21  [inci(all): 0.03046% vs 0.02435%  |  prev(all): 0.6456% vs 0.43911%]
    inci: all=0.0305[0.0264,0.0342]  young=0.0051[0.0013,0.0102]  long(15-24)=0.0059[0.0000,0.0139]
    prev: all=0.6456[0.6273,0.6620]  young=0.0395[0.0269,0.0548]  long(15-24)=0.0502[0.0340,0.0732]
  Year 22  [inci(all): 0.03031% vs 0.02435%  |  prev(all): 0.6404% vs 0.43911%]
    inci: all=0.0303[0.0263,0.0342]  young=0.0051[0.0013,0.0114]  long(15-24)=0.0040[0.0000,0.0119]
    prev: all=0.6404[0.6236,0.6579]  young=0.0383[0.0278,0.0559]  long(15-24)=0.0478[0.0318,0.0697]
  Year 23  [inci(all): 0.03099% vs 0.02435%  |  prev(all): 0.6343% vs 0.43911%]
    inci: all=0.0310[0.0267,0.0345]  young=0.0050[0.0000,0.0101]  long(15-24)=0.0059[0.0000,0.0138]
    prev: all=0.6343[0.6103,0.6557]  young=0.0381[0.0266,0.0518]  long(15-24)=0.0495[0.0315,0.0675]
  Year 24  [inci(all): 0.03005% vs 0.02435%  |  prev(all): 0.6295% vs 0.43911%]
    inci: all=0.0300[0.0263,0.0339]  young=0.0038[0.0000,0.0089]  long(15-24)=0.0059[0.0000,0.0137]
    prev: all=0.6295[0.6112,0.6461]  young=0.0378[0.0252,0.0516]  long(15-24)=0.0490[0.0313,0.0666]
  Year 25  [inci(all): 0.03045% vs 0.02435%  |  prev(all): 0.6241% vs 0.43911%]
    inci: all=0.0305[0.0267,0.0345]  young=0.0050[0.0013,0.0113]  long(15-24)=0.0059[0.0000,0.0137]
    prev: all=0.6241[0.6080,0.6400]  young=0.0378[0.0251,0.0503]  long(15-24)=0.0491[0.0311,0.0662]

Simulation: BMI drift = +0.1
  Calibration targets -- inci(all): 0.02435%  prev(all): 0.43911%
  Year  1  [inci(all): 0.03193% vs 0.02435%  |  prev(all): 0.6777% vs 0.43911%]
    inci: all=0.0319[0.0280,0.0357]  young=0.0046[0.0000,0.0120]  long(15-24)=0.0071[0.0000,0.0143]
    prev: all=0.6777[0.6600,0.6973]  young=0.0379[0.0240,0.0545]  long(15-24)=0.0494[0.0286,0.0708]
  Year  2  [inci(all): 0.03221% vs 0.02435%  |  prev(all): 0.6793% vs 0.43911%]
    inci: all=0.0322[0.0286,0.0364]  young=0.0060[0.0015,0.0120]  long(15-24)=0.0070[0.0000,0.0165]
    prev: all=0.6793[0.6612,0.6973]  young=0.0403[0.0268,0.0554]  long(15-24)=0.0516[0.0282,0.0755]
  Year  3  [inci(all): 0.03301% vs 0.02435%  |  prev(all): 0.6827% vs 0.43911%]
    inci: all=0.0330[0.0295,0.0374]  young=0.0045[0.0000,0.0119]  long(15-24)=0.0047[0.0000,0.0140]
    prev: all=0.6827[0.6655,0.7021]  young=0.0385[0.0251,0.0545]  long(15-24)=0.0489[0.0302,0.0698]
  Year  4  [inci(all): 0.03261% vs 0.02435%  |  prev(all): 0.6832% vs 0.43911%]
    inci: all=0.0326[0.0289,0.0365]  young=0.0029[0.0000,0.0074]  long(15-24)=0.0023[0.0000,0.0093]
    prev: all=0.6832[0.6643,0.7019]  young=0.0366[0.0249,0.0514]  long(15-24)=0.0461[0.0277,0.0649]
  Year  5  [inci(all): 0.03261% vs 0.02435%  |  prev(all): 0.6856% vs 0.43911%]
    inci: all=0.0326[0.0286,0.0365]  young=0.0058[0.0014,0.0131]  long(15-24)=0.0068[0.0000,0.0160]
    prev: all=0.6856[0.6668,0.7043]  young=0.0380[0.0247,0.0537]  long(15-24)=0.0479[0.0295,0.0688]
  Year  6  [inci(all): 0.03262% vs 0.02435%  |  prev(all): 0.6851% vs 0.43911%]
    inci: all=0.0326[0.0289,0.0368]  young=0.0043[0.0000,0.0100]  long(15-24)=0.0045[0.0000,0.0114]
    prev: all=0.6851[0.6699,0.7023]  young=0.0375[0.0245,0.0534]  long(15-24)=0.0454[0.0270,0.0660]
  Year  7  [inci(all): 0.03248% vs 0.02435%  |  prev(all): 0.6867% vs 0.43911%]
    inci: all=0.0325[0.0287,0.0362]  young=0.0057[0.0000,0.0114]  long(15-24)=0.0067[0.0000,0.0135]
    prev: all=0.6867[0.6687,0.7037]  young=0.0370[0.0228,0.0499]  long(15-24)=0.0445[0.0246,0.0608]
  Year  8  [inci(all): 0.03247% vs 0.02435%  |  prev(all): 0.6867% vs 0.43911%]
    inci: all=0.0325[0.0279,0.0364]  young=0.0028[0.0000,0.0085]  long(15-24)=0.0044[0.0000,0.0111]
    prev: all=0.6867[0.6684,0.7067]  young=0.0354[0.0226,0.0468]  long(15-24)=0.0423[0.0244,0.0622]
  Year  9  [inci(all): 0.03274% vs 0.02435%  |  prev(all): 0.6835% vs 0.43911%]
    inci: all=0.0327[0.0286,0.0366]  young=0.0056[0.0014,0.0112]  long(15-24)=0.0066[0.0000,0.0133]
    prev: all=0.6835[0.6667,0.7032]  young=0.0378[0.0264,0.0543]  long(15-24)=0.0441[0.0264,0.0679]
  Year 10  [inci(all): 0.03381% vs 0.02435%  |  prev(all): 0.6844% vs 0.43911%]
    inci: all=0.0338[0.0294,0.0381]  young=0.0042[0.0000,0.0111]  long(15-24)=0.0044[0.0000,0.0109]
    prev: all=0.6844[0.6673,0.7027]  young=0.0386[0.0248,0.0524]  long(15-24)=0.0450[0.0283,0.0652]
  Year 11  [inci(all): 0.03181% vs 0.02435%  |  prev(all): 0.6821% vs 0.43911%]
    inci: all=0.0318[0.0279,0.0356]  young=0.0055[0.0014,0.0110]  long(15-24)=0.0065[0.0000,0.0150]
    prev: all=0.6821[0.6637,0.6987]  young=0.0386[0.0262,0.0531]  long(15-24)=0.0472[0.0323,0.0682]
  Year 12  [inci(all): 0.03140% vs 0.02435%  |  prev(all): 0.6797% vs 0.43911%]
    inci: all=0.0314[0.0278,0.0357]  young=0.0068[0.0014,0.0137]  long(15-24)=0.0064[0.0000,0.0150]
    prev: all=0.6797[0.6581,0.6993]  young=0.0409[0.0285,0.0548]  long(15-24)=0.0492[0.0321,0.0688]
  Year 13  [inci(all): 0.03274% vs 0.02435%  |  prev(all): 0.6784% vs 0.43911%]
    inci: all=0.0327[0.0280,0.0374]  young=0.0041[0.0000,0.0095]  long(15-24)=0.0042[0.0000,0.0106]
    prev: all=0.6784[0.6600,0.6973]  young=0.0392[0.0255,0.0542]  long(15-24)=0.0467[0.0295,0.0673]
  Year 14  [inci(all): 0.03140% vs 0.02435%  |  prev(all): 0.6752% vs 0.43911%]
    inci: all=0.0314[0.0285,0.0357]  young=0.0040[0.0000,0.0094]  long(15-24)=0.0042[0.0000,0.0105]
    prev: all=0.6752[0.6569,0.6931]  young=0.0389[0.0254,0.0530]  long(15-24)=0.0460[0.0272,0.0653]
  Year 15  [inci(all): 0.03167% vs 0.02435%  |  prev(all): 0.6724% vs 0.43911%]
    inci: all=0.0317[0.0274,0.0352]  young=0.0053[0.0013,0.0119]  long(15-24)=0.0062[0.0021,0.0146]
    prev: all=0.6724[0.6533,0.6924]  young=0.0399[0.0265,0.0560]  long(15-24)=0.0481[0.0291,0.0729]
  Year 16  [inci(all): 0.03086% vs 0.02435%  |  prev(all): 0.6672% vs 0.43911%]
    inci: all=0.0309[0.0270,0.0345]  young=0.0040[0.0000,0.0106]  long(15-24)=0.0041[0.0000,0.0124]
    prev: all=0.6672[0.6507,0.6827]  young=0.0385[0.0264,0.0542]  long(15-24)=0.0476[0.0309,0.0684]
  Year 17  [inci(all): 0.03113% vs 0.02435%  |  prev(all): 0.6639% vs 0.43911%]
    inci: all=0.0311[0.0272,0.0354]  young=0.0039[0.0000,0.0079]  long(15-24)=0.0041[0.0000,0.0103]
    prev: all=0.6639[0.6444,0.6857]  young=0.0391[0.0260,0.0523]  long(15-24)=0.0490[0.0307,0.0691]
  Year 18  [inci(all): 0.03046% vs 0.02435%  |  prev(all): 0.6595% vs 0.43911%]
    inci: all=0.0305[0.0267,0.0349]  young=0.0052[0.0013,0.0104]  long(15-24)=0.0061[0.0000,0.0123]
    prev: all=0.6595[0.6415,0.6789]  young=0.0390[0.0286,0.0561]  long(15-24)=0.0491[0.0326,0.0699]
  Year 19  [inci(all): 0.03153% vs 0.02435%  |  prev(all): 0.6556% vs 0.43911%]
    inci: all=0.0315[0.0271,0.0352]  young=0.0052[0.0013,0.0104]  long(15-24)=0.0061[0.0000,0.0122]
    prev: all=0.6556[0.6347,0.6768]  young=0.0401[0.0271,0.0546]  long(15-24)=0.0508[0.0323,0.0689]
  Year 20  [inci(all): 0.03045% vs 0.02435%  |  prev(all): 0.6505% vs 0.43911%]
    inci: all=0.0305[0.0272,0.0341]  young=0.0039[0.0000,0.0091]  long(15-24)=0.0060[0.0000,0.0121]
    prev: all=0.6505[0.6323,0.6677]  young=0.0387[0.0244,0.0515]  long(15-24)=0.0502[0.0319,0.0704]
  Year 21  [inci(all): 0.03072% vs 0.02435%  |  prev(all): 0.6477% vs 0.43911%]
    inci: all=0.0307[0.0266,0.0345]  young=0.0051[0.0013,0.0103]  long(15-24)=0.0060[0.0000,0.0141]
    prev: all=0.6477[0.6293,0.6643]  young=0.0407[0.0282,0.0573]  long(15-24)=0.0521[0.0360,0.0740]
  Year 22  [inci(all): 0.03032% vs 0.02435%  |  prev(all): 0.6423% vs 0.43911%]
    inci: all=0.0303[0.0263,0.0345]  young=0.0051[0.0013,0.0115]  long(15-24)=0.0040[0.0000,0.0119]
    prev: all=0.6423[0.6251,0.6603]  young=0.0404[0.0278,0.0584]  long(15-24)=0.0498[0.0336,0.0720]
  Year 23  [inci(all): 0.03125% vs 0.02435%  |  prev(all): 0.6364% vs 0.43911%]
    inci: all=0.0313[0.0270,0.0349]  young=0.0050[0.0000,0.0113]  long(15-24)=0.0059[0.0000,0.0157]
    prev: all=0.6364[0.6132,0.6577]  young=0.0394[0.0277,0.0541]  long(15-24)=0.0513[0.0316,0.0694]
  Year 24  [inci(all): 0.03031% vs 0.02435%  |  prev(all): 0.6317% vs 0.43911%]
    inci: all=0.0303[0.0263,0.0345]  young=0.0038[0.0000,0.0101]  long(15-24)=0.0059[0.0000,0.0137]
    prev: all=0.6317[0.6129,0.6483]  young=0.0391[0.0276,0.0518]  long(15-24)=0.0510[0.0313,0.0671]
  Year 25  [inci(all): 0.03072% vs 0.02435%  |  prev(all): 0.6267% vs 0.43911%]
    inci: all=0.0307[0.0268,0.0346]  young=0.0050[0.0013,0.0113]  long(15-24)=0.0059[0.0000,0.0137]
    prev: all=0.6267[0.6103,0.6421]  young=0.0392[0.0263,0.0515]  long(15-24)=0.0512[0.0312,0.0666]

Simulation: BMI drift = +0.2
  Calibration targets -- inci(all): 0.02435%  prev(all): 0.43911%
  Year  1  [inci(all): 0.03193% vs 0.02435%  |  prev(all): 0.6777% vs 0.43911%]
    inci: all=0.0319[0.0280,0.0357]  young=0.0046[0.0000,0.0120]  long(15-24)=0.0071[0.0000,0.0143]
    prev: all=0.6777[0.6600,0.6973]  young=0.0379[0.0240,0.0545]  long(15-24)=0.0494[0.0286,0.0708]
  Year  2  [inci(all): 0.03221% vs 0.02435%  |  prev(all): 0.6793% vs 0.43911%]
    inci: all=0.0322[0.0286,0.0364]  young=0.0060[0.0015,0.0120]  long(15-24)=0.0070[0.0000,0.0165]
    prev: all=0.6793[0.6612,0.6973]  young=0.0403[0.0268,0.0554]  long(15-24)=0.0516[0.0282,0.0755]
  Year  3  [inci(all): 0.03301% vs 0.02435%  |  prev(all): 0.6827% vs 0.43911%]
    inci: all=0.0330[0.0295,0.0374]  young=0.0045[0.0000,0.0119]  long(15-24)=0.0047[0.0000,0.0140]
    prev: all=0.6827[0.6656,0.7021]  young=0.0385[0.0251,0.0545]  long(15-24)=0.0489[0.0302,0.0698]
  Year  4  [inci(all): 0.03275% vs 0.02435%  |  prev(all): 0.6832% vs 0.43911%]
    inci: all=0.0327[0.0290,0.0365]  young=0.0029[0.0000,0.0074]  long(15-24)=0.0023[0.0000,0.0093]
    prev: all=0.6832[0.6644,0.7020]  young=0.0366[0.0249,0.0514]  long(15-24)=0.0461[0.0277,0.0649]
  Year  5  [inci(all): 0.03261% vs 0.02435%  |  prev(all): 0.6856% vs 0.43911%]
    inci: all=0.0326[0.0286,0.0365]  young=0.0058[0.0014,0.0131]  long(15-24)=0.0068[0.0000,0.0160]
    prev: all=0.6856[0.6669,0.7044]  young=0.0380[0.0247,0.0537]  long(15-24)=0.0479[0.0295,0.0688]
  Year  6  [inci(all): 0.03275% vs 0.02435%  |  prev(all): 0.6851% vs 0.43911%]
    inci: all=0.0327[0.0289,0.0368]  young=0.0043[0.0000,0.0100]  long(15-24)=0.0045[0.0000,0.0114]
    prev: all=0.6851[0.6700,0.7024]  young=0.0375[0.0245,0.0547]  long(15-24)=0.0456[0.0270,0.0677]
  Year  7  [inci(all): 0.03261% vs 0.02435%  |  prev(all): 0.6868% vs 0.43911%]
    inci: all=0.0326[0.0287,0.0366]  young=0.0057[0.0000,0.0128]  long(15-24)=0.0067[0.0000,0.0157]
    prev: all=0.6868[0.6688,0.7040]  young=0.0370[0.0228,0.0499]  long(15-24)=0.0446[0.0246,0.0608]
  Year  8  [inci(all): 0.03248% vs 0.02435%  |  prev(all): 0.6869% vs 0.43911%]
    inci: all=0.0325[0.0281,0.0365]  young=0.0028[0.0000,0.0085]  long(15-24)=0.0044[0.0000,0.0111]
    prev: all=0.6869[0.6687,0.7068]  young=0.0364[0.0239,0.0481]  long(15-24)=0.0425[0.0244,0.0624]
  Year  9  [inci(all): 0.03275% vs 0.02435%  |  prev(all): 0.6839% vs 0.43911%]
    inci: all=0.0327[0.0286,0.0366]  young=0.0056[0.0014,0.0112]  long(15-24)=0.0066[0.0000,0.0133]
    prev: all=0.6839[0.6669,0.7037]  young=0.0378[0.0264,0.0543]  long(15-24)=0.0458[0.0264,0.0682]
  Year 10  [inci(all): 0.03383% vs 0.02435%  |  prev(all): 0.6848% vs 0.43911%]
    inci: all=0.0338[0.0297,0.0384]  young=0.0042[0.0000,0.0111]  long(15-24)=0.0044[0.0000,0.0109]
    prev: all=0.6848[0.6679,0.7032]  young=0.0386[0.0248,0.0524]  long(15-24)=0.0453[0.0283,0.0654]
  Year 11  [inci(all): 0.03194% vs 0.02435%  |  prev(all): 0.6827% vs 0.43911%]
    inci: all=0.0319[0.0282,0.0357]  young=0.0055[0.0014,0.0110]  long(15-24)=0.0065[0.0000,0.0150]
    prev: all=0.6827[0.6644,0.6993]  young=0.0387[0.0262,0.0536]  long(15-24)=0.0472[0.0323,0.0682]
  Year 12  [inci(all): 0.03141% vs 0.02435%  |  prev(all): 0.6805% vs 0.43911%]
    inci: all=0.0314[0.0278,0.0357]  young=0.0068[0.0014,0.0137]  long(15-24)=0.0064[0.0000,0.0150]
    prev: all=0.6805[0.6585,0.6999]  young=0.0409[0.0285,0.0548]  long(15-24)=0.0492[0.0321,0.0702]
  Year 13  [inci(all): 0.03288% vs 0.02435%  |  prev(all): 0.6792% vs 0.43911%]
    inci: all=0.0329[0.0285,0.0376]  young=0.0041[0.0000,0.0095]  long(15-24)=0.0042[0.0000,0.0106]
    prev: all=0.6792[0.6607,0.6976]  young=0.0403[0.0257,0.0550]  long(15-24)=0.0469[0.0295,0.0678]
  Year 14  [inci(all): 0.03154% vs 0.02435%  |  prev(all): 0.6763% vs 0.43911%]
    inci: all=0.0315[0.0287,0.0357]  young=0.0040[0.0000,0.0094]  long(15-24)=0.0042[0.0000,0.0125]
    prev: all=0.6763[0.6581,0.6937]  young=0.0390[0.0268,0.0536]  long(15-24)=0.0461[0.0274,0.0653]
  Year 15  [inci(all): 0.03180% vs 0.02435%  |  prev(all): 0.6737% vs 0.43911%]
    inci: all=0.0318[0.0275,0.0353]  young=0.0053[0.0013,0.0119]  long(15-24)=0.0062[0.0021,0.0146]
    prev: all=0.6737[0.6547,0.6935]  young=0.0411[0.0265,0.0561]  long(15-24)=0.0495[0.0291,0.0729]
  Year 16  [inci(all): 0.03100% vs 0.02435%  |  prev(all): 0.6683% vs 0.43911%]
    inci: all=0.0310[0.0271,0.0346]  young=0.0040[0.0000,0.0106]  long(15-24)=0.0041[0.0000,0.0125]
    prev: all=0.6683[0.6513,0.6841]  young=0.0395[0.0277,0.0553]  long(15-24)=0.0478[0.0310,0.0684]
  Year 17  [inci(all): 0.03140% vs 0.02435%  |  prev(all): 0.6653% vs 0.43911%]
    inci: all=0.0314[0.0275,0.0356]  young=0.0039[0.0000,0.0079]  long(15-24)=0.0041[0.0000,0.0103]
    prev: all=0.6653[0.6463,0.6871]  young=0.0394[0.0260,0.0535]  long(15-24)=0.0492[0.0307,0.0694]
  Year 18  [inci(all): 0.03059% vs 0.02435%  |  prev(all): 0.6609% vs 0.43911%]
    inci: all=0.0306[0.0268,0.0349]  young=0.0052[0.0013,0.0104]  long(15-24)=0.0061[0.0000,0.0123]
    prev: all=0.6609[0.6425,0.6803]  young=0.0402[0.0287,0.0562]  long(15-24)=0.0507[0.0345,0.0699]
  Year 19  [inci(all): 0.03180% vs 0.02435%  |  prev(all): 0.6572% vs 0.43911%]
    inci: all=0.0318[0.0272,0.0356]  young=0.0052[0.0013,0.0116]  long(15-24)=0.0061[0.0000,0.0141]
    prev: all=0.6572[0.6363,0.6783]  young=0.0413[0.0272,0.0570]  long(15-24)=0.0526[0.0342,0.0704]
  Year 20  [inci(all): 0.03059% vs 0.02435%  |  prev(all): 0.6525% vs 0.43911%]
    inci: all=0.0306[0.0274,0.0343]  young=0.0051[0.0000,0.0103]  long(15-24)=0.0060[0.0000,0.0121]
    prev: all=0.6525[0.6336,0.6693]  young=0.0399[0.0257,0.0530]  long(15-24)=0.0521[0.0339,0.0721]
  Year 21  [inci(all): 0.03086% vs 0.02435%  |  prev(all): 0.6500% vs 0.43911%]
    inci: all=0.0309[0.0267,0.0346]  young=0.0051[0.0013,0.0103]  long(15-24)=0.0060[0.0000,0.0141]
    prev: all=0.6500[0.6313,0.6663]  young=0.0420[0.0295,0.0573]  long(15-24)=0.0541[0.0362,0.0755]
  Year 22  [inci(all): 0.03059% vs 0.02435%  |  prev(all): 0.6445% vs 0.43911%]
    inci: all=0.0306[0.0266,0.0346]  young=0.0051[0.0013,0.0115]  long(15-24)=0.0040[0.0000,0.0119]
    prev: all=0.6445[0.6273,0.6636]  young=0.0418[0.0290,0.0596]  long(15-24)=0.0535[0.0356,0.0755]
  Year 23  [inci(all): 0.03139% vs 0.02435%  |  prev(all): 0.6389% vs 0.43911%]
    inci: all=0.0314[0.0272,0.0352]  young=0.0050[0.0000,0.0113]  long(15-24)=0.0059[0.0000,0.0157]
    prev: all=0.6389[0.6152,0.6603]  young=0.0416[0.0279,0.0560]  long(15-24)=0.0532[0.0335,0.0732]
  Year 24  [inci(all): 0.03058% vs 0.02435%  |  prev(all): 0.6347% vs 0.43911%]
    inci: all=0.0306[0.0267,0.0345]  young=0.0050[0.0000,0.0101]  long(15-24)=0.0059[0.0000,0.0137]
    prev: all=0.6347[0.6155,0.6516]  young=0.0403[0.0278,0.0544]  long(15-24)=0.0514[0.0333,0.0691]
  Year 25  [inci(all): 0.03085% vs 0.02435%  |  prev(all): 0.6299% vs 0.43911%]
    inci: all=0.0309[0.0268,0.0347]  young=0.0050[0.0013,0.0113]  long(15-24)=0.0059[0.0000,0.0156]
    prev: all=0.6299[0.6135,0.6452]  young=0.0403[0.0275,0.0540]  long(15-24)=0.0528[0.0332,0.0703]

Merging output files...
Merged: prev_all.csv
Merged: inci_all.csv
Merged: prev_young.csv
Merged: inci_young.csv
Merged: prev_longitudinal_by_cohort.csv
Merged: inci_longitudinal_by_cohort.csv
Program finished.
DONE exit=0
