Dataset generated: dataset.csv

Simulation: BMI drift = -0.2
  Calibration targets -- inci(all): 0.02435%  prev(all): 0.43911%
  Year  1  [inci(all): 0.03021% vs 0.02435%  |  prev(all): 0.6750% vs 0.43911%]
    inci: all=0.0302[0.0101,0.0604]  young=0.0000[0.0000,0.0568]  long(15-24)=0.0000[0.0000,0.0894]
    prev: all=0.6750[0.5750,0.7850]  young=0.0548[0.0000,0.1703]  long(15-24)=0.0000[0.0000,0.1840]
  Year  2  [inci(all): 0.03520% vs 0.02435%  |  prev(all): 0.6800% vs 0.43911%]
    inci: all=0.0352[0.0101,0.0604]  young=0.0000[0.0000,0.0569]  long(15-24)=0.0000[0.0000,0.0895]
    prev: all=0.6800[0.5750,0.7950]  young=0.0549[0.0000,0.1664]  long(15-24)=0.0000[0.0000,0.1855]
  Year  3  [inci(all): 0.03021% vs 0.02435%  |  prev(all): 0.6900% vs 0.43911%]
    inci: all=0.0302[0.0101,0.0604]  young=0.0000[0.0000,0.0569]  long(15-24)=0.0000[0.0000,0.0870]
    prev: all=0.6900[0.5700,0.7900]  young=0.0000[0.0000,0.1636]  long(15-24)=0.0000[0.0000,0.1812]
  Year  4  [inci(all): 0.03020% vs 0.02435%  |  prev(all): 0.6750% vs 0.43911%]
    inci: all=0.0302[0.0101,0.0604]  young=0.0000[0.0000,0.0558]  long(15-24)=0.0000[0.0000,0.0874]
    prev: all=0.6750[0.5900,0.8000]  young=0.0000[0.0000,0.1147]  long(15-24)=0.0000[0.0000,0.1784]
  Year  5  [inci(all): 0.03021% vs 0.02435%  |  prev(all): 0.6850% vs 0.43911%]
    inci: all=0.0302[0.0050,0.0554]  young=0.0000[0.0000,0.0549]  long(15-24)=0.0000[0.0000,0.0853]
    prev: all=0.6850[0.5800,0.7950]  young=0.0525[0.0000,0.1638]  long(15-24)=0.0000[0.0000,0.1751]
  Year  6  [inci(all): 0.03019% vs 0.02435%  |  prev(all): 0.6850% vs 0.43911%]
    inci: all=0.0302[0.0101,0.0554]  young=0.0000[0.0000,0.0542]  long(15-24)=0.0000[0.0000,0.0850]
    prev: all=0.6850[0.5700,0.7900]  young=0.0000[0.0000,0.1575]  long(15-24)=0.0000[0.0000,0.1741]
  Year  7  [inci(all): 0.03021% vs 0.02435%  |  prev(all): 0.6900% vs 0.43911%]
    inci: all=0.0302[0.0101,0.0603]  young=0.0000[0.0000,0.0545]  long(15-24)=0.0000[0.0000,0.0858]
    prev: all=0.6900[0.5700,0.8050]  young=0.0509[0.0000,0.1581]  long(15-24)=0.0000[0.0000,0.1742]
  Year  8  [inci(all): 0.03021% vs 0.02435%  |  prev(all): 0.6850% vs 0.43911%]
    inci: all=0.0302[0.0101,0.0553]  young=0.0000[0.0000,0.0519]  long(15-24)=0.0000[0.0000,0.0812]
    prev: all=0.6850[0.5550,0.7950]  young=0.0504[0.0000,0.1564]  long(15-24)=0.0000[0.0000,0.1732]
  Year  9  [inci(all): 0.03021% vs 0.02435%  |  prev(all): 0.6850% vs 0.43911%]
    inci: all=0.0302[0.0101,0.0604]  young=0.0000[0.0000,0.0539]  long(15-24)=0.0000[0.0000,0.0843]
    prev: all=0.6850[0.5600,0.8050]  young=0.0000[0.0000,0.1570]  long(15-24)=0.0000[0.0000,0.1712]
  Year 10  [inci(all): 0.03023% vs 0.02435%  |  prev(all): 0.6800% vs 0.43911%]
    inci: all=0.0302[0.0101,0.0604]  young=0.0000[0.0000,0.0523]  long(15-24)=0.0000[0.0000,0.0814]
    prev: all=0.6800[0.5700,0.8000]  young=0.0502[0.0000,0.1080]  long(15-24)=0.0000[0.0000,0.1682]
  Year 11  [inci(all): 0.03020% vs 0.02435%  |  prev(all): 0.6800% vs 0.43911%]
    inci: all=0.0302[0.0050,0.0554]  young=0.0000[0.0000,0.0521]  long(15-24)=0.0000[0.0000,0.0809]
    prev: all=0.6800[0.5750,0.8050]  young=0.0000[0.0000,0.1544]  long(15-24)=0.0000[0.0000,0.1715]
  Year 12  [inci(all): 0.03020% vs 0.02435%  |  prev(all): 0.6750% vs 0.43911%]
    inci: all=0.0302[0.0101,0.0554]  young=0.0000[0.0000,0.0524]  long(15-24)=0.0000[0.0000,0.0824]
    prev: all=0.6750[0.5600,0.8000]  young=0.0491[0.0000,0.1514]  long(15-24)=0.0000[0.0000,0.1649]
  Year 13  [inci(all): 0.03023% vs 0.02435%  |  prev(all): 0.6850% vs 0.43911%]
    inci: all=0.0302[0.0151,0.0604]  young=0.0000[0.0000,0.0506]  long(15-24)=0.0000[0.0000,0.0769]
    prev: all=0.6850[0.5750,0.7950]  young=0.0480[0.0000,0.1535]  long(15-24)=0.0000[0.0000,0.2297]
  Year 14  [inci(all): 0.03020% vs 0.02435%  |  prev(all): 0.6800% vs 0.43911%]
    inci: all=0.0302[0.0101,0.0553]  young=0.0000[0.0000,0.0509]  long(15-24)=0.0000[0.0000,0.0792]
    prev: all=0.6800[0.5750,0.8150]  young=0.0483[0.0000,0.1514]  long(15-24)=0.0000[0.0000,0.2240]
  Year 15  [inci(all): 0.03019% vs 0.02435%  |  prev(all): 0.6750% vs 0.43911%]
    inci: all=0.0302[0.0101,0.0603]  young=0.0000[0.0000,0.0511]  long(15-24)=0.0000[0.0000,0.0801]
    prev: all=0.6750[0.5550,0.7900]  young=0.0493[0.0000,0.1495]  long(15-24)=0.0000[0.0000,0.1596]
  Year 16  [inci(all): 0.03019% vs 0.02435%  |  prev(all): 0.6550% vs 0.43911%]
    inci: all=0.0302[0.0101,0.0553]  young=0.0000[0.0000,0.0498]  long(15-24)=0.0000[0.0000,0.0769]
    prev: all=0.6550[0.5500,0.7750]  young=0.0000[0.0000,0.1480]  long(15-24)=0.0000[0.0000,0.1585]
  Year 17  [inci(all): 0.03019% vs 0.02435%  |  prev(all): 0.6650% vs 0.43911%]
    inci: all=0.0302[0.0101,0.0554]  young=0.0000[0.0000,0.0488]  long(15-24)=0.0000[0.0000,0.0755]
    prev: all=0.6650[0.5600,0.7650]  young=0.0476[0.0000,0.1471]  long(15-24)=0.0000[0.0000,0.1663]
  Year 18  [inci(all): 0.03019% vs 0.02435%  |  prev(all): 0.6550% vs 0.43911%]
    inci: all=0.0302[0.0101,0.0554]  young=0.0000[0.0000,0.0490]  long(15-24)=0.0000[0.0000,0.0763]
    prev: all=0.6550[0.5550,0.7750]  young=0.0000[0.0000,0.1004]  long(15-24)=0.0000[0.0000,0.1541]
  Year 19  [inci(all): 0.03019% vs 0.02435%  |  prev(all): 0.6500% vs 0.43911%]
    inci: all=0.0302[0.0100,0.0604]  young=0.0000[0.0000,0.0482]  long(15-24)=0.0000[0.0000,0.0743]
    prev: all=0.6500[0.5500,0.7650]  young=0.0472[0.0000,0.1459]  long(15-24)=0.0000[0.0000,0.2262]
  Year 20  [inci(all): 0.03019% vs 0.02435%  |  prev(all): 0.6450% vs 0.43911%]
    inci: all=0.0302[0.0101,0.0554]  young=0.0000[0.0000,0.0488]  long(15-24)=0.0000[0.0000,0.0751]
    prev: all=0.6450[0.5450,0.7600]  young=0.0000[0.0000,0.1444]  long(15-24)=0.0000[0.0000,0.1585]
  Year 21  [inci(all): 0.03018% vs 0.02435%  |  prev(all): 0.6450% vs 0.43911%]
    inci: all=0.0302[0.0101,0.0553]  young=0.0000[0.0000,0.0490]  long(15-24)=0.0000[0.0000,0.0755]
    prev: all=0.6450[0.5350,0.7500]  young=0.0469[0.0000,0.1445]  long(15-24)=0.0000[0.0000,0.2166]
  Year 22  [inci(all): 0.03017% vs 0.02435%  |  prev(all): 0.6300% vs 0.43911%]
    inci: all=0.0302[0.0101,0.0604]  young=0.0000[0.0000,0.0484]  long(15-24)=0.0000[0.0000,0.0749]
    prev: all=0.6300[0.5250,0.7300]  young=0.0000[0.0000,0.1410]  long(15-24)=0.0000[0.0000,0.1580]
  Year 23  [inci(all): 0.03017% vs 0.02435%  |  prev(all): 0.6300% vs 0.43911%]
    inci: all=0.0302[0.0101,0.0604]  young=0.0000[0.0000,0.0481]  long(15-24)=0.0000[0.0000,0.0747]
    prev: all=0.6300[0.5200,0.7550]  young=0.0459[0.0000,0.1425]  long(15-24)=0.0000[0.0000,0.1546]
  Year 24  [inci(all): 0.03018% vs 0.02435%  |  prev(all): 0.6250% vs 0.43911%]
    inci: all=0.0302[0.0050,0.0503]  young=0.0000[0.0000,0.0479]  long(15-24)=0.0000[0.0000,0.0739]
    prev: all=0.6250[0.5200,0.7300]  young=0.0000[0.0000,0.1399]  long(15-24)=0.0000[0.0000,0.1517]
  Year 25  [inci(all): 0.03018% vs 0.02435%  |  prev(all): 0.6150% vs 0.43911%]
    inci: all=0.0302[0.0100,0.0554]  young=0.0000[0.0000,0.0485]  long(15-24)=0.0000[0.0000,0.0750]
    prev: all=0.6150[0.5150,0.7250]  young=0.0459[0.0000,0.1408]  long(15-24)=0.0000[0.0000,0.2196]

Simulation: BMI drift = -0.1
  Calibration targets -- inci(all): 0.02435%  prev(all): 0.43911%
  Year  1  [inci(all): 0.03021% vs 0.02435%  |  prev(all): 0.6750% vs 0.43911%]
    inci: all=0.0302[0.0101,0.0604]  young=0.0000[0.0000,0.0568]  long(15-24)=0.0000[0.0000,0.0894]
    prev: all=0.6750[0.5750,0.7850]  young=0.0548[0.0000,0.1703]  long(15-24)=0.0000[0.0000,0.1840]
  Year  2  [inci(all): 0.03520% vs 0.02435%  |  prev(all): 0.6800% vs 0.43911%]
    inci: all=0.0352[0.0101,0.0604]  young=0.0000[0.0000,0.0569]  long(15-24)=0.0000[0.0000,0.0895]
    prev: all=0.6800[0.5750,0.7950]  young=0.0549[0.0000,0.1664]  long(15-24)=0.0000[0.0000,0.1855]
  Year  3  [inci(all): 0.03021% vs 0.02435%  |  prev(all): 0.6900% vs 0.43911%]
    inci: all=0.0302[0.0101,0.0604]  young=0.0000[0.0000,0.0569]  long(15-24)=0.0000[0.0000,0.0870]
    prev: all=0.6900[0.5700,0.7900]  young=0.0000[0.0000,0.1636]  long(15-24)=0.0000[0.0000,0.1812]
  Year  4  [inci(all): 0.03020% vs 0.02435%  |  prev(all): 0.6750% vs 0.43911%]
    inci: all=0.0302[0.0101,0.0604]  young=0.0000[0.0000,0.0558]  long(15-24)=0.0000[0.0000,0.0874]
    prev: all=0.6750[0.5900,0.8000]  young=0.0000[0.0000,0.1155]  long(15-24)=0.0000[0.0000,0.1784]
  Year  5  [inci(all): 0.03021% vs 0.02435%  |  prev(all): 0.6850% vs 0.43911%]
    inci: all=0.0302[0.0050,0.0554]  young=0.0000[0.0000,0.0549]  long(15-24)=0.0000[0.0000,0.0853]
    prev: all=0.6850[0.5800,0.7950]  young=0.0525[0.0000,0.1638]  long(15-24)=0.0000[0.0000,0.2477]
  Year  6  [inci(all): 0.03019% vs 0.02435%  |  prev(all): 0.6850% vs 0.43911%]
    inci: all=0.0302[0.0101,0.0554]  young=0.0000[0.0000,0.0542]  long(15-24)=0.0000[0.0000,0.0850]
    prev: all=0.6850[0.5700,0.7950]  young=0.0000[0.0000,0.1575]  long(15-24)=0.0000[0.0000,0.1741]
  Year  7  [inci(all): 0.03021% vs 0.02435%  |  prev(all): 0.6900% vs 0.43911%]
    inci: all=0.0302[0.0101,0.0604]  young=0.0000[0.0000,0.0545]  long(15-24)=0.0000[0.0000,0.0858]
    prev: all=0.6900[0.5700,0.8050]  young=0.0510[0.0000,0.1581]  long(15-24)=0.0000[0.0000,0.1742]
  Year  8  [inci(all): 0.03021% vs 0.02435%  |  prev(all): 0.6850% vs 0.43911%]
    inci: all=0.0302[0.0101,0.0553]  young=0.0000[0.0000,0.0524]  long(15-24)=0.0000[0.0000,0.0812]
    prev: all=0.6850[0.5550,0.7950]  young=0.0504[0.0000,0.1564]  long(15-24)=0.0000[0.0000,0.1732]
  Year  9  [inci(all): 0.03021% vs 0.02435%  |  prev(all): 0.6850% vs 0.43911%]
    inci: all=0.0302[0.0101,0.0604]  young=0.0000[0.0000,0.0539]  long(15-24)=0.0000[0.0000,0.0843]
    prev: all=0.6850[0.5600,0.8050]  young=0.0000[0.0000,0.1570]  long(15-24)=0.0000[0.0000,0.1712]
  Year 10  [inci(all): 0.03024% vs 0.02435%  |  prev(all): 0.6800% vs 0.43911%]
    inci: all=0.0302[0.0101,0.0604]  young=0.0000[0.0000,0.0523]  long(15-24)=0.0000[0.0000,0.0814]
    prev: all=0.6800[0.5700,0.8000]  young=0.0505[0.0000,0.1080]  long(15-24)=0.0000[0.0000,0.1682]
  Year 11  [inci(all): 0.03020% vs 0.02435%  |  prev(all): 0.6800% vs 0.43911%]
    inci: all=0.0302[0.0050,0.0554]  young=0.0000[0.0000,0.0521]  long(15-24)=0.0000[0.0000,0.0809]
    prev: all=0.6800[0.5750,0.8050]  young=0.0000[0.0000,0.1554]  long(15-24)=0.0000[0.0000,0.1720]
  Year 12  [inci(all): 0.03020% vs 0.02435%  |  prev(all): 0.6750% vs 0.43911%]
    inci: all=0.0302[0.0101,0.0554]  young=0.0000[0.0000,0.0524]  long(15-24)=0.0000[0.0000,0.0824]
    prev: all=0.6750[0.5600,0.8000]  young=0.0491[0.0000,0.1514]  long(15-24)=0.0000[0.0000,0.1649]
  Year 13  [inci(all): 0.03023% vs 0.02435%  |  prev(all): 0.6850% vs 0.43911%]
    inci: all=0.0302[0.0151,0.0604]  young=0.0000[0.0000,0.0507]  long(15-24)=0.0000[0.0000,0.0769]
    prev: all=0.6850[0.5750,0.8000]  young=0.0487[0.0000,0.1535]  long(15-24)=0.0000[0.0000,0.2297]
  Year 14  [inci(all): 0.03020% vs 0.02435%  |  prev(all): 0.6800% vs 0.43911%]
    inci: all=0.0302[0.0101,0.0553]  young=0.0000[0.0000,0.0509]  long(15-24)=0.0000[0.0000,0.0792]
    prev: all=0.6800[0.5750,0.8150]  young=0.0484[0.0000,0.1514]  long(15-24)=0.0000[0.0000,0.2240]
  Year 15  [inci(all): 0.03019% vs 0.02435%  |  prev(all): 0.6750% vs 0.43911%]
    inci: all=0.0302[0.0101,0.0603]  young=0.0000[0.0000,0.0511]  long(15-24)=0.0000[0.0000,0.0801]
    prev: all=0.6750[0.5550,0.7900]  young=0.0493[0.0000,0.1495]  long(15-24)=0.0000[0.0000,0.1596]
  Year 16  [inci(all): 0.03019% vs 0.02435%  |  prev(all): 0.6600% vs 0.43911%]
    inci: all=0.0302[0.0101,0.0554]  young=0.0000[0.0000,0.0498]  long(15-24)=0.0000[0.0000,0.0769]
    prev: all=0.6600[0.5550,0.7750]  young=0.0476[0.0000,0.1491]  long(15-24)=0.0000[0.0000,0.1626]
  Year 17  [inci(all): 0.03020% vs 0.02435%  |  prev(all): 0.6650% vs 0.43911%]
    inci: all=0.0302[0.0101,0.0554]  young=0.0000[0.0000,0.0488]  long(15-24)=0.0000[0.0000,0.0755]
    prev: all=0.6650[0.5600,0.7650]  young=0.0477[0.0000,0.1471]  long(15-24)=0.0000[0.0000,0.1663]
  Year 18  [inci(all): 0.03019% vs 0.02435%  |  prev(all): 0.6550% vs 0.43911%]
    inci: all=0.0302[0.0101,0.0604]  young=0.0000[0.0000,0.0493]  long(15-24)=0.0000[0.0000,0.0763]
    prev: all=0.6550[0.5550,0.7750]  young=0.0000[0.0000,0.1004]  long(15-24)=0.0000[0.0000,0.1541]
  Year 19  [inci(all): 0.03019% vs 0.02435%  |  prev(all): 0.6550% vs 0.43911%]
    inci: all=0.0302[0.0100,0.0604]  young=0.0000[0.0000,0.0482]  long(15-24)=0.0000[0.0000,0.0743]
    prev: all=0.6550[0.5500,0.7700]  young=0.0472[0.0000,0.1461]  long(15-24)=0.0000[0.0000,0.2262]
  Year 20  [inci(all): 0.03019% vs 0.02435%  |  prev(all): 0.6450% vs 0.43911%]
    inci: all=0.0302[0.0101,0.0554]  young=0.0000[0.0000,0.0490]  long(15-24)=0.0000[0.0000,0.0755]
    prev: all=0.6450[0.5450,0.7600]  young=0.0469[0.0000,0.1451]  long(15-24)=0.0000[0.0000,0.2206]
  Year 21  [inci(all): 0.03018% vs 0.02435%  |  prev(all): 0.6450% vs 0.43911%]
    inci: all=0.0302[0.0101,0.0553]  young=0.0000[0.0000,0.0490]  long(15-24)=0.0000[0.0000,0.0755]
    prev: all=0.6450[0.5400,0.7500]  young=0.0471[0.0000,0.1445]  long(15-24)=0.0712[0.0000,0.2166]
  Year 22  [inci(all): 0.03018% vs 0.02435%  |  prev(all): 0.6300% vs 0.43911%]
    inci: all=0.0302[0.0101,0.0604]  young=0.0000[0.0000,0.0484]  long(15-24)=0.0000[0.0000,0.0749]
    prev: all=0.6300[0.5250,0.7350]  young=0.0458[0.0000,0.1429]  long(15-24)=0.0000[0.0000,0.2174]
  Year 23  [inci(all): 0.03017% vs 0.02435%  |  prev(all): 0.6350% vs 0.43911%]
    inci: all=0.0302[0.0101,0.0604]  young=0.0000[0.0000,0.0481]  long(15-24)=0.0000[0.0000,0.0747]
    prev: all=0.6350[0.5250,0.7550]  young=0.0461[0.0000,0.1425]  long(15-24)=0.0000[0.0000,0.1546]
  Year 24  [inci(all): 0.03018% vs 0.02435%  |  prev(all): 0.6300% vs 0.43911%]
    inci: all=0.0302[0.0050,0.0553]  young=0.0000[0.0000,0.0479]  long(15-24)=0.0000[0.0000,0.0739]
    prev: all=0.6300[0.5200,0.7350]  young=0.0000[0.0000,0.1408]  long(15-24)=0.0000[0.0000,0.1559]
  Year 25  [inci(all): 0.03018% vs 0.02435%  |  prev(all): 0.6200% vs 0.43911%]
    inci: all=0.0302[0.0100,0.0554]  young=0.0000[0.0000,0.0485]  long(15-24)=0.0000[0.0000,0.0750]
    prev: all=0.6200[0.5150,0.7250]  young=0.0459[0.0000,0.1434]  long(15-24)=0.0000[0.0000,0.2196]

Simulation: BMI drift = +0.0
  Calibration targets -- inci(all): 0.02435%  prev(all): 0.43911%
  Year  1  [inci(all): 0.03021% vs 0.02435%  |  prev(all): 0.6750% vs 0.43911%]
    inci: all=0.0302[0.0101,0.0604]  young=0.0000[0.0000,0.0568]  long(15-24)=0.0000[0.0000,0.0894]
    prev: all=0.6750[0.5750,0.7850]  young=0.0548[0.0000,0.1703]  long(15-24)=0.0000[0.0000,0.1840]
  Year  2  [inci(all): 0.03520% vs 0.02435%  |  prev(all): 0.6800% vs 0.43911%]
    inci: all=0.0352[0.0101,0.0604]  young=0.0000[0.0000,0.0569]  long(15-24)=0.0000[0.0000,0.0895]
    prev: all=0.6800[0.5750,0.7950]  young=0.0549[0.0000,0.1664]  long(15-24)=0.0000[0.0000,0.1855]
  Year  3  [inci(all): 0.03021% vs 0.02435%  |  prev(all): 0.6900% vs 0.43911%]
    inci: all=0.0302[0.0101,0.0604]  young=0.0000[0.0000,0.0569]  long(15-24)=0.0000[0.0000,0.0870]
    prev: all=0.6900[0.5700,0.7900]  young=0.0000[0.0000,0.1636]  long(15-24)=0.0000[0.0000,0.1812]
  Year  4  [inci(all): 0.03020% vs 0.02435%  |  prev(all): 0.6750% vs 0.43911%]
    inci: all=0.0302[0.0101,0.0604]  young=0.0000[0.0000,0.0558]  long(15-24)=0.0000[0.0000,0.0874]
    prev: all=0.6750[0.5900,0.8000]  young=0.0000[0.0000,0.1155]  long(15-24)=0.0000[0.0000,0.1784]
  Year  5  [inci(all): 0.03021% vs 0.02435%  |  prev(all): 0.6850% vs 0.43911%]
    inci: all=0.0302[0.0050,0.0554]  young=0.0000[0.0000,0.0549]  long(15-24)=0.0000[0.0000,0.0853]
    prev: all=0.6850[0.5800,0.7950]  young=0.0525[0.0000,0.1638]  long(15-24)=0.0000[0.0000,0.2477]
  Year  6  [inci(all): 0.03019% vs 0.02435%  |  prev(all): 0.6850% vs 0.43911%]
    inci: all=0.0302[0.0101,0.0554]  young=0.0000[0.0000,0.0542]  long(15-24)=0.0000[0.0000,0.0850]
    prev: all=0.6850[0.5700,0.7950]  young=0.0000[0.0000,0.1575]  long(15-24)=0.0000[0.0000,0.1741]
  Year  7  [inci(all): 0.03021% vs 0.02435%  |  prev(all): 0.6900% vs 0.43911%]
    inci: all=0.0302[0.0101,0.0604]  young=0.0000[0.0000,0.0545]  long(15-24)=0.0000[0.0000,0.0858]
    prev: all=0.6900[0.5700,0.8050]  young=0.0510[0.0000,0.1581]  long(15-24)=0.0000[0.0000,0.1742]
  Year  8  [inci(all): 0.03021% vs 0.02435%  |  prev(all): 0.6850% vs 0.43911%]
    inci: all=0.0302[0.0101,0.0553]  young=0.0000[0.0000,0.0525]  long(15-24)=0.0000[0.0000,0.0817]
    prev: all=0.6850[0.5550,0.7950]  young=0.0506[0.0000,0.1564]  long(15-24)=0.0000[0.0000,0.1732]
  Year  9  [inci(all): 0.03021% vs 0.02435%  |  prev(all): 0.6850% vs 0.43911%]
    inci: all=0.0302[0.0101,0.0604]  young=0.0000[0.0000,0.0540]  long(15-24)=0.0000[0.0000,0.0843]
    prev: all=0.6850[0.5600,0.8050]  young=0.0000[0.0000,0.1570]  long(15-24)=0.0000[0.0000,0.1712]
  Year 10  [inci(all): 0.03517% vs 0.02435%  |  prev(all): 0.6800% vs 0.43911%]
    inci: all=0.0352[0.0101,0.0604]  young=0.0000[0.0000,0.0523]  long(15-24)=0.0000[0.0000,0.0814]
    prev: all=0.6800[0.5700,0.8000]  young=0.0505[0.0000,0.1080]  long(15-24)=0.0000[0.0000,0.1682]
  Year 11  [inci(all): 0.03020% vs 0.02435%  |  prev(all): 0.6800% vs 0.43911%]
    inci: all=0.0302[0.0050,0.0554]  young=0.0000[0.0000,0.0521]  long(15-24)=0.0000[0.0000,0.0809]
    prev: all=0.6800[0.5750,0.8050]  young=0.0000[0.0000,0.1554]  long(15-24)=0.0000[0.0000,0.1720]
  Year 12  [inci(all): 0.03020% vs 0.02435%  |  prev(all): 0.6800% vs 0.43911%]
    inci: all=0.0302[0.0101,0.0554]  young=0.0000[0.0000,0.0527]  long(15-24)=0.0000[0.0000,0.0824]
    prev: all=0.6800[0.5600,0.8050]  young=0.0495[0.0000,0.1514]  long(15-24)=0.0000[0.0000,0.1649]
  Year 13  [inci(all): 0.03023% vs 0.02435%  |  prev(all): 0.6850% vs 0.43911%]
    inci: all=0.0302[0.0151,0.0604]  young=0.0000[0.0000,0.0507]  long(15-24)=0.0000[0.0000,0.0769]
    prev: all=0.6850[0.5800,0.8000]  young=0.0489[0.0000,0.1535]  long(15-24)=0.0000[0.0000,0.2297]
  Year 14  [inci(all): 0.03020% vs 0.02435%  |  prev(all): 0.6800% vs 0.43911%]
    inci: all=0.0302[0.0101,0.0553]  young=0.0000[0.0000,0.0509]  long(15-24)=0.0000[0.0000,0.0792]
    prev: all=0.6800[0.5750,0.8150]  young=0.0485[0.0000,0.1514]  long(15-24)=0.0000[0.0000,0.2240]
  Year 15  [inci(all): 0.03020% vs 0.02435%  |  prev(all): 0.6750% vs 0.43911%]
    inci: all=0.0302[0.0101,0.0603]  young=0.0000[0.0000,0.0511]  long(15-24)=0.0000[0.0000,0.0801]
    prev: all=0.6750[0.5550,0.7900]  young=0.0493[0.0000,0.1495]  long(15-24)=0.0000[0.0000,0.1596]
  Year 16  [inci(all): 0.03019% vs 0.02435%  |  prev(all): 0.6600% vs 0.43911%]
    inci: all=0.0302[0.0101,0.0554]  young=0.0000[0.0000,0.0500]  long(15-24)=0.0000[0.0000,0.0772]
    prev: all=0.6600[0.5550,0.7750]  young=0.0477[0.0000,0.1491]  long(15-24)=0.0000[0.0000,0.1626]
  Year 17  [inci(all): 0.03020% vs 0.02435%  |  prev(all): 0.6650% vs 0.43911%]
    inci: all=0.0302[0.0101,0.0554]  young=0.0000[0.0000,0.0489]  long(15-24)=0.0000[0.0000,0.0761]
    prev: all=0.6650[0.5600,0.7700]  young=0.0477[0.0000,0.1471]  long(15-24)=0.0000[0.0000,0.1663]
  Year 18  [inci(all): 0.03020% vs 0.02435%  |  prev(all): 0.6600% vs 0.43911%]
    inci: all=0.0302[0.0101,0.0604]  young=0.0000[0.0000,0.0493]  long(15-24)=0.0000[0.0000,0.0763]
    prev: all=0.6600[0.5550,0.7800]  young=0.0000[0.0000,0.1042]  long(15-24)=0.0000[0.0000,0.1563]
  Year 19  [inci(all): 0.03020% vs 0.02435%  |  prev(all): 0.6550% vs 0.43911%]
    inci: all=0.0302[0.0100,0.0604]  young=0.0000[0.0000,0.0482]  long(15-24)=0.0000[0.0000,0.0753]
    prev: all=0.6550[0.5500,0.7750]  young=0.0473[0.0000,0.1467]  long(15-24)=0.0000[0.0000,0.2280]
  Year 20  [inci(all): 0.03019% vs 0.02435%  |  prev(all): 0.6450% vs 0.43911%]
    inci: all=0.0302[0.0101,0.0554]  young=0.0000[0.0000,0.0490]  long(15-24)=0.0000[0.0000,0.0759]
    prev: all=0.6450[0.5500,0.7600]  young=0.0471[0.0000,0.1451]  long(15-24)=0.0000[0.0000,0.2206]
  Year 21  [inci(all): 0.03018% vs 0.02435%  |  prev(all): 0.6450% vs 0.43911%]
    inci: all=0.0302[0.0101,0.0553]  young=0.0000[0.0000,0.0490]  long(15-24)=0.0000[0.0000,0.0755]
    prev: all=0.6450[0.5400,0.7500]  young=0.0472[0.0000,0.1445]  long(15-24)=0.0719[0.0000,0.2166]
  Year 22  [inci(all): 0.03018% vs 0.02435%  |  prev(all): 0.6300% vs 0.43911%]
    inci: all=0.0302[0.0101,0.0604]  young=0.0000[0.0000,0.0484]  long(15-24)=0.0000[0.0000,0.0749]
    prev: all=0.6300[0.5250,0.7400]  young=0.0463[0.0000,0.1468]  long(15-24)=0.0000[0.0000,0.2182]
  Year 23  [inci(all): 0.03018% vs 0.02435%  |  prev(all): 0.6350% vs 0.43911%]
    inci: all=0.0302[0.0101,0.0604]  young=0.0000[0.0000,0.0481]  long(15-24)=0.0000[0.0000,0.0747]
    prev: all=0.6350[0.5300,0.7600]  young=0.0464[0.0000,0.1443]  long(15-24)=0.0000[0.0000,0.2204]
  Year 24  [inci(all): 0.03018% vs 0.02435%  |  prev(all): 0.6300% vs 0.43911%]
    inci: all=0.0302[0.0050,0.0553]  young=0.0000[0.0000,0.0479]  long(15-24)=0.0000[0.0000,0.0747]
    prev: all=0.6300[0.5250,0.7400]  young=0.0000[0.0000,0.1433]  long(15-24)=0.0000[0.0000,0.2131]
  Year 25  [inci(all): 0.03018% vs 0.02435%  |  prev(all): 0.6200% vs 0.43911%]
    inci: all=0.0302[0.0101,0.0554]  young=0.0000[0.0000,0.0485]  long(15-24)=0.0000[0.0000,0.0750]
    prev: all=0.6200[0.5150,0.7250]  young=0.0463[0.0000,0.1434]  long(15-24)=0.0703[0.0000,0.2196]

Simulation: BMI drift = +0.1
  Calibration targets -- inci(all): 0.02435%  prev(all): 0.43911%
  Year  1  [inci(all): 0.03021% vs 0.02435%  |  prev(all): 0.6750% vs 0.43911%]
    inci: all=0.0302[0.0101,0.0604]  young=0.0000[0.0000,0.0568]  long(15-24)=0.0000[0.0000,0.0894]
    prev: all=0.6750[0.5750,0.7850]  young=0.0548[0.0000,0.1703]  long(15-24)=0.0000[0.0000,0.1840]
  Year  2  [inci(all): 0.03520% vs 0.02435%  |  prev(all): 0.6800% vs 0.43911%]
    inci: all=0.0352[0.0101,0.0604]  young=0.0000[0.0000,0.0569]  long(15-24)=0.0000[0.0000,0.0895]
    prev: all=0.6800[0.5750,0.7950]  young=0.0549[0.0000,0.1674]  long(15-24)=0.0000[0.0000,0.1883]
  Year  3  [inci(all): 0.03021% vs 0.02435%  |  prev(all): 0.6900% vs 0.43911%]
    inci: all=0.0302[0.0101,0.0604]  young=0.0000[0.0000,0.0569]  long(15-24)=0.0000[0.0000,0.0870]
    prev: all=0.6900[0.5700,0.7900]  young=0.0000[0.0000,0.1636]  long(15-24)=0.0000[0.0000,0.1812]
  Year  4  [inci(all): 0.03020% vs 0.02435%  |  prev(all): 0.6750% vs 0.43911%]
    inci: all=0.0302[0.0101,0.0604]  young=0.0000[0.0000,0.0558]  long(15-24)=0.0000[0.0000,0.0874]
    prev: all=0.6750[0.5900,0.8000]  young=0.0000[0.0000,0.1155]  long(15-24)=0.0000[0.0000,0.1784]
  Year  5  [inci(all): 0.03021% vs 0.02435%  |  prev(all): 0.6850% vs 0.43911%]
    inci: all=0.0302[0.0050,0.0554]  young=0.0000[0.0000,0.0549]  long(15-24)=0.0000[0.0000,0.0853]
    prev: all=0.6850[0.5800,0.7950]  young=0.0526[0.0000,0.1638]  long(15-24)=0.0000[0.0000,0.2498]
  Year  6  [inci(all): 0.03019% vs 0.02435%  |  prev(all): 0.6850% vs 0.43911%]
    inci: all=0.0302[0.0101,0.0554]  young=0.0000[0.0000,0.0542]  long(15-24)=0.0000[0.0000,0.0850]
    prev: all=0.6850[0.5700,0.7950]  young=0.0000[0.0000,0.1575]  long(15-24)=0.0000[0.0000,0.1741]
  Year  7  [inci(all): 0.03021% vs 0.02435%  |  prev(all): 0.6950% vs 0.43911%]
    inci: all=0.0302[0.0101,0.0604]  young=0.0000[0.0000,0.0545]  long(15-24)=0.0000[0.0000,0.0858]
    prev: all=0.6950[0.5700,0.8050]  young=0.0510[0.0000,0.1581]  long(15-24)=0.0000[0.0000,0.1742]
  Year  8  [inci(all): 0.03021% vs 0.02435%  |  prev(all): 0.6850% vs 0.43911%]
    inci: all=0.0302[0.0101,0.0553]  young=0.0000[0.0000,0.0525]  long(15-24)=0.0000[0.0000,0.0817]
    prev: all=0.6850[0.5550,0.7950]  young=0.0506[0.0000,0.1564]  long(15-24)=0.0000[0.0000,0.1732]
  Year  9  [inci(all): 0.03021% vs 0.02435%  |  prev(all): 0.6850% vs 0.43911%]
    inci: all=0.0302[0.0101,0.0604]  young=0.0000[0.0000,0.0540]  long(15-24)=0.0000[0.0000,0.0843]
    prev: all=0.6850[0.5600,0.8050]  young=0.0000[0.0000,0.1570]  long(15-24)=0.0000[0.0000,0.1712]
  Year 10  [inci(all): 0.03520% vs 0.02435%  |  prev(all): 0.6850% vs 0.43911%]
    inci: all=0.0352[0.0101,0.0604]  young=0.0000[0.0000,0.0523]  long(15-24)=0.0000[0.0000,0.0814]
    prev: all=0.6850[0.5700,0.8050]  young=0.0505[0.0000,0.1080]  long(15-24)=0.0000[0.0000,0.1682]
  Year 11  [inci(all): 0.03021% vs 0.02435%  |  prev(all): 0.6850% vs 0.43911%]
    inci: all=0.0302[0.0050,0.0554]  young=0.0000[0.0000,0.0521]  long(15-24)=0.0000[0.0000,0.0816]
    prev: all=0.6850[0.5750,0.8100]  young=0.0000[0.0000,0.1554]  long(15-24)=0.0000[0.0000,0.1720]
  Year 12  [inci(all): 0.03020% vs 0.02435%  |  prev(all): 0.6800% vs 0.43911%]
    inci: all=0.0302[0.0101,0.0554]  young=0.0000[0.0000,0.0527]  long(15-24)=0.0000[0.0000,0.0824]
    prev: all=0.6800[0.5600,0.8050]  young=0.0497[0.0000,0.1550]  long(15-24)=0.0000[0.0000,0.1667]
  Year 13  [inci(all): 0.03518% vs 0.02435%  |  prev(all): 0.6900% vs 0.43911%]
    inci: all=0.0352[0.0151,0.0604]  young=0.0000[0.0000,0.0507]  long(15-24)=0.0000[0.0000,0.0769]
    prev: all=0.6900[0.5800,0.8000]  young=0.0492[0.0000,0.1546]  long(15-24)=0.0000[0.0000,0.2297]
  Year 14  [inci(all): 0.03020% vs 0.02435%  |  prev(all): 0.6800% vs 0.43911%]
    inci: all=0.0302[0.0101,0.0553]  young=0.0000[0.0000,0.0509]  long(15-24)=0.0000[0.0000,0.0792]
    prev: all=0.6800[0.5750,0.8250]  young=0.0487[0.0000,0.1514]  long(15-24)=0.0000[0.0000,0.2240]
  Year 15  [inci(all): 0.03021% vs 0.02435%  |  prev(all): 0.6800% vs 0.43911%]
    inci: all=0.0302[0.0101,0.0603]  young=0.0000[0.0000,0.0511]  long(15-24)=0.0000[0.0000,0.0801]
    prev: all=0.6800[0.5550,0.7950]  young=0.0494[0.0000,0.1499]  long(15-24)=0.0000[0.0000,0.1596]
  Year 16  [inci(all): 0.03019% vs 0.02435%  |  prev(all): 0.6600% vs 0.43911%]
    inci: all=0.0302[0.0101,0.0554]  young=0.0000[0.0000,0.0500]  long(15-24)=0.0000[0.0000,0.0772]
    prev: all=0.6600[0.5550,0.7800]  young=0.0477[0.0000,0.1491]  long(15-24)=0.0000[0.0000,0.1626]
  Year 17  [inci(all): 0.03020% vs 0.02435%  |  prev(all): 0.6700% vs 0.43911%]
    inci: all=0.0302[0.0101,0.0603]  young=0.0000[0.0000,0.0489]  long(15-24)=0.0000[0.0000,0.0765]
    prev: all=0.6700[0.5600,0.7750]  young=0.0478[0.0000,0.1471]  long(15-24)=0.0000[0.0000,0.1663]
  Year 18  [inci(all): 0.03020% vs 0.02435%  |  prev(all): 0.6600% vs 0.43911%]
    inci: all=0.0302[0.0101,0.0604]  young=0.0000[0.0000,0.0494]  long(15-24)=0.0000[0.0000,0.0763]
    prev: all=0.6600[0.5600,0.7800]  young=0.0000[0.0000,0.1042]  long(15-24)=0.0000[0.0000,0.1563]
  Year 19  [inci(all): 0.03020% vs 0.02435%  |  prev(all): 0.6600% vs 0.43911%]
    inci: all=0.0302[0.0100,0.0604]  young=0.0000[0.0000,0.0482]  long(15-24)=0.0000[0.0000,0.0753]
    prev: all=0.6600[0.5500,0.7750]  young=0.0474[0.0000,0.1467]  long(15-24)=0.0000[0.0000,0.2280]
  Year 20  [inci(all): 0.03019% vs 0.02435%  |  prev(all): 0.6500% vs 0.43911%]
    inci: all=0.0302[0.0101,0.0554]  young=0.0000[0.0000,0.0490]  long(15-24)=0.0000[0.0000,0.0759]
    prev: all=0.6500[0.5500,0.7650]  young=0.0474[0.0000,0.1457]  long(15-24)=0.0000[0.0000,0.2242]
  Year 21  [inci(all): 0.03019% vs 0.02435%  |  prev(all): 0.6500% vs 0.43911%]
    inci: all=0.0302[0.0101,0.0554]  young=0.0000[0.0000,0.0494]  long(15-24)=0.0000[0.0000,0.0755]
    prev: all=0.6500[0.5400,0.7550]  young=0.0472[0.0000,0.1445]  long(15-24)=0.0724[0.0000,0.2166]
  Year 22  [inci(all): 0.03018% vs 0.02435%  |  prev(all): 0.6350% vs 0.43911%]
    inci: all=0.0302[0.0101,0.0604]  young=0.0000[0.0000,0.0486]  long(15-24)=0.0000[0.0000,0.0749]
    prev: all=0.6350[0.5250,0.7400]  young=0.0467[0.0000,0.1468]  long(15-24)=0.0000[0.0000,0.2182]
  Year 23  [inci(all): 0.03018% vs 0.02435%  |  prev(all): 0.6350% vs 0.43911%]
    inci: all=0.0302[0.0101,0.0604]  young=0.0000[0.0000,0.0481]  long(15-24)=0.0000[0.0000,0.0747]
    prev: all=0.6350[0.5300,0.7650]  young=0.0465[0.0000,0.1443]  long(15-24)=0.0696[0.0000,0.2204]
  Year 24  [inci(all): 0.03019% vs 0.02435%  |  prev(all): 0.6350% vs 0.43911%]
    inci: all=0.0302[0.0050,0.0553]  young=0.0000[0.0000,0.0479]  long(15-24)=0.0000[0.0000,0.0749]
    prev: all=0.6350[0.5250,0.7400]  young=0.0454[0.0000,0.1440]  long(15-24)=0.0000[0.0000,0.2131]
  Year 25  [inci(all): 0.03018% vs 0.02435%  |  prev(all): 0.6200% vs 0.43911%]
    inci: all=0.0302[0.0101,0.0554]  young=0.0000[0.0000,0.0485]  long(15-24)=0.0000[0.0000,0.0750]
    prev: all=0.6200[0.5200,0.7300]  young=0.0465[0.0000,0.1440]  long(15-24)=0.0710[0.0000,0.2196]

Simulation: BMI drift = +0.2
  Calibration targets -- inci(all): 0.02435%  prev(all): 0.43911%
  Year  1  [inci(all): 0.03021% vs 0.02435%  |  prev(all): 0.6750% vs 0.43911%]
    inci: all=0.0302[0.0101,0.0604]  young=0.0000[0.0000,0.0568]  long(15-24)=0.0000[0.0000,0.0894]
    prev: all=0.6750[0.5750,0.7850]  young=0.0548[0.0000,0.1703]  long(15-24)=0.0000[0.0000,0.1840]
  Year  2  [inci(all): 0.03520% vs 0.02435%  |  prev(all): 0.6800% vs 0.43911%]
    inci: all=0.0352[0.0101,0.0604]  young=0.0000[0.0000,0.0569]  long(15-24)=0.0000[0.0000,0.0895]
    prev: all=0.6800[0.5750,0.7950]  young=0.0549[0.0000,0.1674]  long(15-24)=0.0000[0.0000,0.1883]
  Year  3  [inci(all): 0.03021% vs 0.02435%  |  prev(all): 0.6900% vs 0.43911%]
    inci: all=0.0302[0.0101,0.0604]  young=0.0000[0.0000,0.0569]  long(15-24)=0.0000[0.0000,0.0870]
    prev: all=0.6900[0.5700,0.7900]  young=0.0000[0.0000,0.1636]  long(15-24)=0.0000[0.0000,0.1812]
  Year  4  [inci(all): 0.03020% vs 0.02435%  |  prev(all): 0.6750% vs 0.43911%]
    inci: all=0.0302[0.0101,0.0604]  young=0.0000[0.0000,0.0558]  long(15-24)=0.0000[0.0000,0.0874]
    prev: all=0.6750[0.5900,0.8000]  young=0.0000[0.0000,0.1155]  long(15-24)=0.0000[0.0000,0.1784]
  Year  5  [inci(all): 0.03021% vs 0.02435%  |  prev(all): 0.6850% vs 0.43911%]
    inci: all=0.0302[0.0050,0.0554]  young=0.0000[0.0000,0.0549]  long(15-24)=0.0000[0.0000,0.0853]
    prev: all=0.6850[0.5800,0.7950]  young=0.0526[0.0000,0.1638]  long(15-24)=0.0000[0.0000,0.2498]
  Year  6  [inci(all): 0.03020% vs 0.02435%  |  prev(all): 0.6850% vs 0.43911%]
    inci: all=0.0302[0.0101,0.0554]  young=0.0000[0.0000,0.0545]  long(15-24)=0.0000[0.0000,0.0864]
    prev: all=0.6850[0.5700,0.7950]  young=0.0514[0.0000,0.1575]  long(15-24)=0.0000[0.0000,0.1741]
  Year  7  [inci(all): 0.03021% vs 0.02435%  |  prev(all): 0.6950% vs 0.43911%]
    inci: all=0.0302[0.0151,0.0604]  young=0.0000[0.0000,0.0545]  long(15-24)=0.0000[0.0000,0.0858]
    prev: all=0.6950[0.5700,0.8050]  young=0.0510[0.0000,0.1581]  long(15-24)=0.0000[0.0000,0.1742]
  Year  8  [inci(all): 0.03021% vs 0.02435%  |  prev(all): 0.6850% vs 0.43911%]
    inci: all=0.0302[0.0101,0.0553]  young=0.0000[0.0000,0.0525]  long(15-24)=0.0000[0.0000,0.0817]
    prev: all=0.6850[0.5550,0.7950]  young=0.0512[0.0000,0.1564]  long(15-24)=0.0000[0.0000,0.1733]
  Year  9  [inci(all): 0.03021% vs 0.02435%  |  prev(all): 0.6850% vs 0.43911%]
    inci: all=0.0302[0.0101,0.0604]  young=0.0000[0.0000,0.0540]  long(15-24)=0.0000[0.0000,0.0843]
    prev: all=0.6850[0.5650,0.8050]  young=0.0000[0.0000,0.1570]  long(15-24)=0.0000[0.0000,0.1712]
  Year 10  [inci(all): 0.03520% vs 0.02435%  |  prev(all): 0.6850% vs 0.43911%]
    inci: all=0.0352[0.0101,0.0604]  young=0.0000[0.0000,0.0523]  long(15-24)=0.0000[0.0000,0.0814]
    prev: all=0.6850[0.5700,0.8050]  young=0.0506[0.0000,0.1080]  long(15-24)=0.0000[0.0000,0.1682]
  Year 11  [inci(all): 0.03021% vs 0.02435%  |  prev(all): 0.6850% vs 0.43911%]
    inci: all=0.0302[0.0050,0.0554]  young=0.0000[0.0000,0.0521]  long(15-24)=0.0000[0.0000,0.0816]
    prev: all=0.6850[0.5750,0.8100]  young=0.0000[0.0000,0.1554]  long(15-24)=0.0000[0.0000,0.1720]
  Year 12  [inci(all): 0.03020% vs 0.02435%  |  prev(all): 0.6800% vs 0.43911%]
    inci: all=0.0302[0.0101,0.0554]  young=0.0000[0.0000,0.0527]  long(15-24)=0.0000[0.0000,0.0824]
    prev: all=0.6800[0.5650,0.8050]  young=0.0497[0.0000,0.1550]  long(15-24)=0.0000[0.0000,0.1667]
  Year 13  [inci(all): 0.03520% vs 0.02435%  |  prev(all): 0.6900% vs 0.43911%]
    inci: all=0.0352[0.0151,0.0604]  young=0.0000[0.0000,0.0508]  long(15-24)=0.0000[0.0000,0.0781]
    prev: all=0.6900[0.5800,0.8000]  young=0.0492[0.0000,0.1546]  long(15-24)=0.0000[0.0000,0.2297]
  Year 14  [inci(all): 0.03020% vs 0.02435%  |  prev(all): 0.6800% vs 0.43911%]
    inci: all=0.0302[0.0101,0.0554]  young=0.0000[0.0000,0.0509]  long(15-24)=0.0000[0.0000,0.0792]
    prev: all=0.6800[0.5750,0.8250]  young=0.0489[0.0000,0.1514]  long(15-24)=0.0000[0.0000,0.2240]
  Year 15  [inci(all): 0.03021% vs 0.02435%  |  prev(all): 0.6800% vs 0.43911%]
    inci: all=0.0302[0.0101,0.0603]  young=0.0000[0.0000,0.0511]  long(15-24)=0.0000[0.0000,0.0801]
    prev: all=0.6800[0.5550,0.7950]  young=0.0495[0.0000,0.1499]  long(15-24)=0.0000[0.0000,0.1596]
  Year 16  [inci(all): 0.03019% vs 0.02435%  |  prev(all): 0.6650% vs 0.43911%]
    inci: all=0.0302[0.0101,0.0554]  young=0.0000[0.0000,0.0500]  long(15-24)=0.0000[0.0000,0.0772]
    prev: all=0.6650[0.5550,0.7800]  young=0.0479[0.0000,0.1491]  long(15-24)=0.0000[0.0000,0.1626]
  Year 17  [inci(all): 0.03020% vs 0.02435%  |  prev(all): 0.6700% vs 0.43911%]
    inci: all=0.0302[0.0101,0.0603]  young=0.0000[0.0000,0.0489]  long(15-24)=0.0000[0.0000,0.0765]
    prev: all=0.6700[0.5600,0.7750]  young=0.0479[0.0000,0.1471]  long(15-24)=0.0000[0.0000,0.1663]
  Year 18  [inci(all): 0.03020% vs 0.02435%  |  prev(all): 0.6600% vs 0.43911%]
    inci: all=0.0302[0.0101,0.0604]  young=0.0000[0.0000,0.0494]  long(15-24)=0.0000[0.0000,0.0763]
    prev: all=0.6600[0.5600,0.7800]  young=0.0000[0.0000,0.1042]  long(15-24)=0.0000[0.0000,0.1586]
  Year 19  [inci(all): 0.03020% vs 0.02435%  |  prev(all): 0.6600% vs 0.43911%]
    inci: all=0.0302[0.0100,0.0604]  young=0.0000[0.0000,0.0482]  long(15-24)=0.0000[0.0000,0.0753]
    prev: all=0.6600[0.5550,0.7750]  young=0.0474[0.0000,0.1467]  long(15-24)=0.0000[0.0000,0.2280]
  Year 20  [inci(all): 0.03019% vs 0.02435%  |  prev(all): 0.6500% vs 0.43911%]
    inci: all=0.0302[0.0101,0.0554]  young=0.0000[0.0000,0.0490]  long(15-24)=0.0000[0.0000,0.0759]
    prev: all=0.6500[0.5500,0.7700]  young=0.0475[0.0000,0.1457]  long(15-24)=0.0710[0.0000,0.2242]
  Year 21  [inci(all): 0.03019% vs 0.02435%  |  prev(all): 0.6500% vs 0.43911%]
    inci: all=0.0302[0.0101,0.0554]  young=0.0000[0.0000,0.0494]  long(15-24)=0.0000[0.0000,0.0755]
    prev: all=0.6500[0.5400,0.7550]  young=0.0475[0.0000,0.1453]  long(15-24)=0.0728[0.0000,0.2209]
  Year 22  [inci(all): 0.03018% vs 0.02435%  |  prev(all): 0.6350% vs 0.43911%]
    inci: all=0.0302[0.0101,0.0604]  young=0.0000[0.0000,0.0487]  long(15-24)=0.0000[0.0000,0.0749]
    prev: all=0.6350[0.5300,0.7400]  young=0.0468[0.0000,0.1468]  long(15-24)=0.0000[0.0000,0.2247]
  Year 23  [inci(all): 0.03019% vs 0.02435%  |  prev(all): 0.6400% vs 0.43911%]
    inci: all=0.0302[0.0101,0.0604]  young=0.0000[0.0000,0.0481]  long(15-24)=0.0000[0.0000,0.0747]
    prev: all=0.6400[0.5300,0.7700]  young=0.0467[0.0000,0.1443]  long(15-24)=0.0704[0.0000,0.2204]
  Year 24  [inci(all): 0.03019% vs 0.02435%  |  prev(all): 0.6350% vs 0.43911%]
    inci: all=0.0302[0.0050,0.0553]  young=0.0000[0.0000,0.0479]  long(15-24)=0.0000[0.0000,0.0749]
    prev: all=0.6350[0.5300,0.7400]  young=0.0459[0.0000,0.1440]  long(15-24)=0.0000[0.0000,0.2131]
  Year 25  [inci(all): 0.03018% vs 0.02435%  |  prev(all): 0.6250% vs 0.43911%]
    inci: all=0.0302[0.0101,0.0554]  young=0.0000[0.0000,0.0486]  long(15-24)=0.0000[0.0000,0.0753]
    prev: all=0.6250[0.5250,0.7350]  young=0.0466[0.0000,0.1440]  long(15-24)=0.0711[0.0000,0.2196]

Merging output files...
Merged: prev_all.csv
Merged: inci_all.csv
Merged: prev_young.csv
Merged: inci_young.csv
Merged: prev_longitudinal_by_cohort.csv
Merged: inci_longitudinal_by_cohort.csv
Program finished.
DONE exit=0
