Dataset generated: dataset.csv

Simulation: BMI drift = -0.2
  Calibration targets -- inci(all): 0.02435%  prev(all): 0.43911%
  Year  1  [inci(all): 0.03236% vs 0.02435%  |  prev(all): 0.6783% vs 0.43911%]
    inci: all=0.0324[0.0296,0.0347]  young=0.0051[0.0028,0.0091]  long(15-24)=0.0062[0.0027,0.0115]
    prev: all=0.6783[0.6667,0.6903]  young=0.0390[0.0301,0.0502]  long(15-24)=0.0482[0.0338,0.0625]
  Year  2  [inci(all): 0.03196% vs 0.02435%  |  prev(all): 0.6806% vs 0.43911%]
    inci: all=0.0320[0.0297,0.0344]  young=0.0056[0.0028,0.0095]  long(15-24)=0.0062[0.0026,0.0115]
    prev: all=0.6806[0.6686,0.6911]  young=0.0409[0.0312,0.0499]  long(15-24)=0.0509[0.0388,0.0644]
  Year  3  [inci(all): 0.03261% vs 0.02435%  |  prev(all): 0.6816% vs 0.43911%]
    inci: all=0.0326[0.0301,0.0351]  young=0.0056[0.0028,0.0089]  long(15-24)=0.0052[0.0017,0.0096]
    prev: all=0.6816[0.6716,0.6928]  young=0.0404[0.0311,0.0484]  long(15-24)=0.0498[0.0387,0.0632]
  Year  4  [inci(all): 0.03216% vs 0.02435%  |  prev(all): 0.6827% vs 0.43911%]
    inci: all=0.0322[0.0295,0.0350]  young=0.0028[0.0011,0.0050]  long(15-24)=0.0035[0.0009,0.0069]
    prev: all=0.6827[0.6696,0.6941]  young=0.0374[0.0301,0.0467]  long(15-24)=0.0482[0.0361,0.0606]
  Year  5  [inci(all): 0.03186% vs 0.02435%  |  prev(all): 0.6839% vs 0.43911%]
    inci: all=0.0319[0.0296,0.0344]  young=0.0055[0.0022,0.0092]  long(15-24)=0.0060[0.0026,0.0111]
    prev: all=0.6839[0.6739,0.6952]  young=0.0381[0.0298,0.0479]  long(15-24)=0.0471[0.0358,0.0591]
  Year  6  [inci(all): 0.03246% vs 0.02435%  |  prev(all): 0.6842% vs 0.43911%]
    inci: all=0.0325[0.0301,0.0346]  young=0.0043[0.0016,0.0081]  long(15-24)=0.0042[0.0008,0.0085]
    prev: all=0.6842[0.6733,0.6956]  young=0.0373[0.0291,0.0474]  long(15-24)=0.0450[0.0340,0.0579]
  Year  7  [inci(all): 0.03171% vs 0.02435%  |  prev(all): 0.6835% vs 0.43911%]
    inci: all=0.0317[0.0294,0.0339]  young=0.0048[0.0021,0.0086]  long(15-24)=0.0059[0.0025,0.0109]
    prev: all=0.6835[0.6730,0.6935]  young=0.0373[0.0283,0.0458]  long(15-24)=0.0446[0.0319,0.0547]
  Year  8  [inci(all): 0.03155% vs 0.02435%  |  prev(all): 0.6825% vs 0.43911%]
    inci: all=0.0316[0.0293,0.0342]  young=0.0026[0.0011,0.0053]  long(15-24)=0.0033[0.0008,0.0075]
    prev: all=0.6825[0.6704,0.6950]  young=0.0348[0.0270,0.0422]  long(15-24)=0.0423[0.0308,0.0537]
  Year  9  [inci(all): 0.03140% vs 0.02435%  |  prev(all): 0.6788% vs 0.43911%]
    inci: all=0.0314[0.0291,0.0336]  young=0.0047[0.0021,0.0084]  long(15-24)=0.0058[0.0025,0.0099]
    prev: all=0.6788[0.6700,0.6892]  young=0.0362[0.0277,0.0455]  long(15-24)=0.0437[0.0313,0.0560]
  Year 10  [inci(all): 0.03196% vs 0.02435%  |  prev(all): 0.6786% vs 0.43911%]
    inci: all=0.0320[0.0292,0.0345]  young=0.0047[0.0021,0.0083]  long(15-24)=0.0041[0.0016,0.0082]
    prev: all=0.6786[0.6689,0.6906]  young=0.0353[0.0280,0.0442]  long(15-24)=0.0428[0.0340,0.0555]
  Year 11  [inci(all): 0.03045% vs 0.02435%  |  prev(all): 0.6755% vs 0.43911%]
    inci: all=0.0304[0.0285,0.0329]  young=0.0046[0.0015,0.0082]  long(15-24)=0.0048[0.0016,0.0089]
    prev: all=0.6755[0.6643,0.6864]  young=0.0366[0.0294,0.0438]  long(15-24)=0.0443[0.0339,0.0557]
  Year 12  [inci(all): 0.02979% vs 0.02435%  |  prev(all): 0.6725% vs 0.43911%]
    inci: all=0.0298[0.0274,0.0324]  young=0.0061[0.0031,0.0092]  long(15-24)=0.0056[0.0024,0.0112]
    prev: all=0.6725[0.6608,0.6821]  young=0.0378[0.0296,0.0470]  long(15-24)=0.0457[0.0335,0.0585]
  Year 13  [inci(all): 0.03105% vs 0.02435%  |  prev(all): 0.6670% vs 0.43911%]
    inci: all=0.0310[0.0284,0.0335]  young=0.0040[0.0015,0.0071]  long(15-24)=0.0032[0.0008,0.0071]
    prev: all=0.6670[0.6580,0.6786]  young=0.0359[0.0273,0.0436]  long(15-24)=0.0436[0.0317,0.0548]
  Year 14  [inci(all): 0.02984% vs 0.02435%  |  prev(all): 0.6644% vs 0.43911%]
    inci: all=0.0298[0.0277,0.0322]  young=0.0040[0.0015,0.0070]  long(15-24)=0.0039[0.0008,0.0087]
    prev: all=0.6644[0.6517,0.6762]  young=0.0351[0.0271,0.0438]  long(15-24)=0.0417[0.0321,0.0550]
  Year 15  [inci(all): 0.02913% vs 0.02435%  |  prev(all): 0.6587% vs 0.43911%]
    inci: all=0.0291[0.0267,0.0313]  young=0.0040[0.0020,0.0070]  long(15-24)=0.0055[0.0016,0.0094]
    prev: all=0.6587[0.6475,0.6704]  young=0.0354[0.0279,0.0448]  long(15-24)=0.0442[0.0344,0.0570]
  Year 16  [inci(all): 0.02848% vs 0.02435%  |  prev(all): 0.6507% vs 0.43911%]
    inci: all=0.0285[0.0263,0.0305]  young=0.0040[0.0015,0.0074]  long(15-24)=0.0039[0.0015,0.0085]
    prev: all=0.6507[0.6410,0.6638]  young=0.0351[0.0277,0.0440]  long(15-24)=0.0433[0.0318,0.0558]
  Year 17  [inci(all): 0.02857% vs 0.02435%  |  prev(all): 0.6461% vs 0.43911%]
    inci: all=0.0286[0.0264,0.0306]  young=0.0025[0.0005,0.0049]  long(15-24)=0.0031[0.0008,0.0062]
    prev: all=0.6461[0.6357,0.6574]  young=0.0333[0.0260,0.0425]  long(15-24)=0.0421[0.0313,0.0541]
  Year 18  [inci(all): 0.02782% vs 0.02435%  |  prev(all): 0.6394% vs 0.43911%]
    inci: all=0.0278[0.0256,0.0303]  young=0.0034[0.0015,0.0063]  long(15-24)=0.0038[0.0008,0.0076]
    prev: all=0.6394[0.6264,0.6503]  young=0.0336[0.0258,0.0429]  long(15-24)=0.0425[0.0313,0.0562]
  Year 19  [inci(all): 0.02822% vs 0.02435%  |  prev(all): 0.6341% vs 0.43911%]
    inci: all=0.0282[0.0259,0.0309]  young=0.0039[0.0015,0.0068]  long(15-24)=0.0045[0.0015,0.0076]
    prev: all=0.6341[0.6228,0.6450]  young=0.0324[0.0266,0.0416]  long(15-24)=0.0418[0.0325,0.0548]
  Year 20  [inci(all): 0.02792% vs 0.02435%  |  prev(all): 0.6267% vs 0.43911%]
    inci: all=0.0279[0.0259,0.0301]  young=0.0029[0.0010,0.0053]  long(15-24)=0.0037[0.0008,0.0068]
    prev: all=0.6267[0.6156,0.6366]  young=0.0308[0.0236,0.0394]  long(15-24)=0.0399[0.0293,0.0513]
  Year 21  [inci(all): 0.02772% vs 0.02435%  |  prev(all): 0.6206% vs 0.43911%]
    inci: all=0.0277[0.0257,0.0300]  young=0.0038[0.0014,0.0072]  long(15-24)=0.0052[0.0015,0.0090]
    prev: all=0.6206[0.6109,0.6312]  young=0.0325[0.0264,0.0394]  long(15-24)=0.0429[0.0316,0.0526]
  Year 22  [inci(all): 0.02756% vs 0.02435%  |  prev(all): 0.6135% vs 0.43911%]
    inci: all=0.0276[0.0251,0.0301]  young=0.0033[0.0014,0.0062]  long(15-24)=0.0037[0.0007,0.0067]
    prev: all=0.6135[0.6022,0.6230]  young=0.0309[0.0243,0.0395]  long(15-24)=0.0402[0.0305,0.0507]
  Year 23  [inci(all): 0.02776% vs 0.02435%  |  prev(all): 0.6056% vs 0.43911%]
    inci: all=0.0278[0.0257,0.0303]  young=0.0033[0.0010,0.0057]  long(15-24)=0.0044[0.0015,0.0089]
    prev: all=0.6056[0.5946,0.6184]  young=0.0295[0.0228,0.0375]  long(15-24)=0.0385[0.0281,0.0496]
  Year 24  [inci(all): 0.02695% vs 0.02435%  |  prev(all): 0.5984% vs 0.43911%]
    inci: all=0.0270[0.0250,0.0290]  young=0.0033[0.0009,0.0057]  long(15-24)=0.0037[0.0007,0.0074]
    prev: all=0.5984[0.5879,0.6088]  young=0.0288[0.0226,0.0363]  long(15-24)=0.0375[0.0278,0.0471]
  Year 25  [inci(all): 0.02716% vs 0.02435%  |  prev(all): 0.5925% vs 0.43911%]
    inci: all=0.0272[0.0250,0.0292]  young=0.0042[0.0019,0.0075]  long(15-24)=0.0051[0.0015,0.0088]
    prev: all=0.5925[0.5808,0.6027]  young=0.0293[0.0231,0.0358]  long(15-24)=0.0375[0.0299,0.0475]

Simulation: BMI drift = -0.1
  Calibration targets -- inci(all): 0.02435%  prev(all): 0.43911%
  Year  1  [inci(all): 0.03236% vs 0.02435%  |  prev(all): 0.6783% vs 0.43911%]
    inci: all=0.0324[0.0296,0.0347]  young=0.0051[0.0028,0.0091]  long(15-24)=0.0062[0.0027,0.0115]
    prev: all=0.6783[0.6667,0.6903]  young=0.0390[0.0301,0.0502]  long(15-24)=0.0482[0.0338,0.0625]
  Year  2  [inci(all): 0.03206% vs 0.02435%  |  prev(all): 0.6807% vs 0.43911%]
    inci: all=0.0321[0.0298,0.0345]  young=0.0056[0.0028,0.0095]  long(15-24)=0.0062[0.0026,0.0123]
    prev: all=0.6807[0.6686,0.6911]  young=0.0410[0.0312,0.0500]  long(15-24)=0.0511[0.0390,0.0644]
  Year  3  [inci(all): 0.03276% vs 0.02435%  |  prev(all): 0.6819% vs 0.43911%]
    inci: all=0.0328[0.0302,0.0353]  young=0.0056[0.0028,0.0089]  long(15-24)=0.0052[0.0017,0.0096]
    prev: all=0.6819[0.6719,0.6930]  young=0.0404[0.0311,0.0489]  long(15-24)=0.0498[0.0387,0.0639]
  Year  4  [inci(all): 0.03241% vs 0.02435%  |  prev(all): 0.6832% vs 0.43911%]
    inci: all=0.0324[0.0296,0.0352]  young=0.0028[0.0011,0.0050]  long(15-24)=0.0035[0.0009,0.0069]
    prev: all=0.6832[0.6701,0.6945]  young=0.0374[0.0302,0.0468]  long(15-24)=0.0484[0.0364,0.0606]
  Year  5  [inci(all): 0.03211% vs 0.02435%  |  prev(all): 0.6848% vs 0.43911%]
    inci: all=0.0321[0.0298,0.0346]  young=0.0060[0.0022,0.0098]  long(15-24)=0.0060[0.0026,0.0111]
    prev: all=0.6848[0.6747,0.6959]  young=0.0382[0.0298,0.0481]  long(15-24)=0.0473[0.0359,0.0599]
  Year  6  [inci(all): 0.03297% vs 0.02435%  |  prev(all): 0.6855% vs 0.43911%]
    inci: all=0.0330[0.0305,0.0351]  young=0.0043[0.0016,0.0081]  long(15-24)=0.0042[0.0008,0.0085]
    prev: all=0.6855[0.6747,0.6968]  young=0.0381[0.0296,0.0474]  long(15-24)=0.0459[0.0340,0.0580]
  Year  7  [inci(all): 0.03216% vs 0.02435%  |  prev(all): 0.6852% vs 0.43911%]
    inci: all=0.0322[0.0297,0.0342]  young=0.0053[0.0021,0.0090]  long(15-24)=0.0059[0.0025,0.0109]
    prev: all=0.6852[0.6745,0.6953]  young=0.0375[0.0288,0.0460]  long(15-24)=0.0452[0.0319,0.0554]
  Year  8  [inci(all): 0.03206% vs 0.02435%  |  prev(all): 0.6846% vs 0.43911%]
    inci: all=0.0321[0.0298,0.0348]  young=0.0026[0.0011,0.0058]  long(15-24)=0.0033[0.0008,0.0075]
    prev: all=0.6846[0.6727,0.6970]  young=0.0359[0.0275,0.0432]  long(15-24)=0.0425[0.0308,0.0537]
  Year  9  [inci(all): 0.03196% vs 0.02435%  |  prev(all): 0.6812% vs 0.43911%]
    inci: all=0.0320[0.0295,0.0342]  young=0.0047[0.0021,0.0084]  long(15-24)=0.0058[0.0025,0.0099]
    prev: all=0.6812[0.6725,0.6912]  young=0.0372[0.0278,0.0461]  long(15-24)=0.0445[0.0327,0.0568]
  Year 10  [inci(all): 0.03251% vs 0.02435%  |  prev(all): 0.6815% vs 0.43911%]
    inci: all=0.0325[0.0298,0.0353]  young=0.0052[0.0021,0.0083]  long(15-24)=0.0049[0.0016,0.0089]
    prev: all=0.6815[0.6719,0.6940]  young=0.0364[0.0287,0.0461]  long(15-24)=0.0438[0.0342,0.0569]
  Year 11  [inci(all): 0.03115% vs 0.02435%  |  prev(all): 0.6792% vs 0.43911%]
    inci: all=0.0312[0.0290,0.0335]  young=0.0051[0.0021,0.0088]  long(15-24)=0.0056[0.0016,0.0097]
    prev: all=0.6792[0.6679,0.6898]  young=0.0381[0.0308,0.0458]  long(15-24)=0.0451[0.0346,0.0571]
  Year 12  [inci(all): 0.03059% vs 0.02435%  |  prev(all): 0.6767% vs 0.43911%]
    inci: all=0.0306[0.0281,0.0332]  young=0.0061[0.0036,0.0097]  long(15-24)=0.0064[0.0024,0.0112]
    prev: all=0.6767[0.6655,0.6873]  young=0.0393[0.0311,0.0489]  long(15-24)=0.0472[0.0360,0.0601]
  Year 13  [inci(all): 0.03190% vs 0.02435%  |  prev(all): 0.6719% vs 0.43911%]
    inci: all=0.0319[0.0293,0.0342]  young=0.0041[0.0015,0.0071]  long(15-24)=0.0040[0.0008,0.0071]
    prev: all=0.6719[0.6624,0.6841]  young=0.0379[0.0293,0.0456]  long(15-24)=0.0452[0.0333,0.0557]
  Year 14  [inci(all): 0.03079% vs 0.02435%  |  prev(all): 0.6707% vs 0.43911%]
    inci: all=0.0308[0.0287,0.0334]  young=0.0040[0.0015,0.0070]  long(15-24)=0.0039[0.0008,0.0087]
    prev: all=0.6707[0.6573,0.6822]  young=0.0366[0.0291,0.0457]  long(15-24)=0.0433[0.0331,0.0571]
  Year 15  [inci(all): 0.03024% vs 0.02435%  |  prev(all): 0.6652% vs 0.43911%]
    inci: all=0.0302[0.0278,0.0327]  young=0.0045[0.0020,0.0080]  long(15-24)=0.0055[0.0023,0.0101]
    prev: all=0.6652[0.6541,0.6766]  young=0.0374[0.0299,0.0472]  long(15-24)=0.0461[0.0366,0.0602]
  Year 16  [inci(all): 0.02964% vs 0.02435%  |  prev(all): 0.6582% vs 0.43911%]
    inci: all=0.0296[0.0275,0.0317]  young=0.0040[0.0015,0.0079]  long(15-24)=0.0039[0.0015,0.0085]
    prev: all=0.6582[0.6482,0.6714]  young=0.0370[0.0296,0.0458]  long(15-24)=0.0456[0.0341,0.0579]
  Year 17  [inci(all): 0.02969% vs 0.02435%  |  prev(all): 0.6546% vs 0.43911%]
    inci: all=0.0297[0.0276,0.0319]  young=0.0034[0.0010,0.0054]  long(15-24)=0.0038[0.0008,0.0069]
    prev: all=0.6546[0.6437,0.6663]  young=0.0358[0.0280,0.0455]  long(15-24)=0.0445[0.0337,0.0575]
  Year 18  [inci(all): 0.02908% vs 0.02435%  |  prev(all): 0.6484% vs 0.43911%]
    inci: all=0.0291[0.0267,0.0315]  young=0.0039[0.0019,0.0063]  long(15-24)=0.0038[0.0008,0.0076]
    prev: all=0.6484[0.6358,0.6599]  young=0.0361[0.0287,0.0457]  long(15-24)=0.0456[0.0337,0.0585]
  Year 19  [inci(all): 0.02953% vs 0.02435%  |  prev(all): 0.6441% vs 0.43911%]
    inci: all=0.0295[0.0273,0.0324]  young=0.0044[0.0019,0.0073]  long(15-24)=0.0053[0.0015,0.0091]
    prev: all=0.6441[0.6327,0.6548]  young=0.0354[0.0286,0.0450]  long(15-24)=0.0457[0.0356,0.0606]
  Year 20  [inci(all): 0.02923% vs 0.02435%  |  prev(all): 0.6376% vs 0.43911%]
    inci: all=0.0292[0.0270,0.0315]  young=0.0034[0.0014,0.0058]  long(15-24)=0.0038[0.0015,0.0075]
    prev: all=0.6376[0.6258,0.6481]  young=0.0341[0.0264,0.0424]  long(15-24)=0.0443[0.0331,0.0563]
  Year 21  [inci(all): 0.02923% vs 0.02435%  |  prev(all): 0.6327% vs 0.43911%]
    inci: all=0.0292[0.0271,0.0315]  young=0.0048[0.0019,0.0077]  long(15-24)=0.0053[0.0022,0.0097]
    prev: all=0.6327[0.6221,0.6429]  young=0.0359[0.0288,0.0430]  long(15-24)=0.0472[0.0359,0.0567]
  Year 22  [inci(all): 0.02887% vs 0.02435%  |  prev(all): 0.6264% vs 0.43911%]
    inci: all=0.0289[0.0264,0.0313]  young=0.0043[0.0019,0.0072]  long(15-24)=0.0037[0.0015,0.0075]
    prev: all=0.6264[0.6152,0.6363]  young=0.0344[0.0266,0.0438]  long(15-24)=0.0438[0.0341,0.0558]
  Year 23  [inci(all): 0.02922% vs 0.02435%  |  prev(all): 0.6195% vs 0.43911%]
    inci: all=0.0292[0.0273,0.0317]  young=0.0038[0.0014,0.0062]  long(15-24)=0.0052[0.0015,0.0089]
    prev: all=0.6195[0.6084,0.6335]  young=0.0331[0.0256,0.0413]  long(15-24)=0.0427[0.0318,0.0538]
  Year 24  [inci(all): 0.02826% vs 0.02435%  |  prev(all): 0.6134% vs 0.43911%]
    inci: all=0.0283[0.0262,0.0305]  young=0.0038[0.0014,0.0066]  long(15-24)=0.0051[0.0015,0.0088]
    prev: all=0.6134[0.6024,0.6233]  young=0.0326[0.0254,0.0412]  long(15-24)=0.0427[0.0311,0.0523]
  Year 25  [inci(all): 0.02867% vs 0.02435%  |  prev(all): 0.6082% vs 0.43911%]
    inci: all=0.0287[0.0264,0.0309]  young=0.0047[0.0023,0.0080]  long(15-24)=0.0051[0.0015,0.0096]
    prev: all=0.6082[0.5969,0.6184]  young=0.0325[0.0264,0.0401]  long(15-24)=0.0417[0.0331,0.0519]

Simulation: BMI drift = +0.0
  Calibration targets -- inci(all): 0.02435%  prev(all): 0.43911%
  Year  1  [inci(all): 0.03236% vs 0.02435%  |  prev(all): 0.6783% vs 0.43911%]
    inci: all=0.0324[0.0296,0.0347]  young=0.0051[0.0028,0.0091]  long(15-24)=0.0062[0.0027,0.0115]
    prev: all=0.6783[0.6667,0.6903]  young=0.0390[0.0301,0.0502]  long(15-24)=0.0482[0.0338,0.0625]
  Year  2  [inci(all): 0.03216% vs 0.02435%  |  prev(all): 0.6808% vs 0.43911%]
    inci: all=0.0322[0.0299,0.0345]  young=0.0056[0.0028,0.0095]  long(15-24)=0.0062[0.0026,0.0123]
    prev: all=0.6808[0.6686,0.6911]  young=0.0410[0.0312,0.0500]  long(15-24)=0.0511[0.0390,0.0644]
  Year  3  [inci(all): 0.03301% vs 0.02435%  |  prev(all): 0.6821% vs 0.43911%]
    inci: all=0.0330[0.0304,0.0355]  young=0.0056[0.0028,0.0089]  long(15-24)=0.0052[0.0017,0.0096]
    prev: all=0.6821[0.6722,0.6932]  young=0.0404[0.0311,0.0489]  long(15-24)=0.0498[0.0387,0.0639]
  Year  4  [inci(all): 0.03262% vs 0.02435%  |  prev(all): 0.6836% vs 0.43911%]
    inci: all=0.0326[0.0298,0.0356]  young=0.0028[0.0011,0.0050]  long(15-24)=0.0035[0.0009,0.0069]
    prev: all=0.6836[0.6706,0.6948]  young=0.0374[0.0302,0.0468]  long(15-24)=0.0484[0.0364,0.0606]
  Year  5  [inci(all): 0.03246% vs 0.02435%  |  prev(all): 0.6854% vs 0.43911%]
    inci: all=0.0325[0.0301,0.0351]  young=0.0060[0.0027,0.0098]  long(15-24)=0.0068[0.0026,0.0120]
    prev: all=0.6854[0.6754,0.6966]  young=0.0387[0.0309,0.0484]  long(15-24)=0.0481[0.0369,0.0609]
  Year  6  [inci(all): 0.03342% vs 0.02435%  |  prev(all): 0.6866% vs 0.43911%]
    inci: all=0.0334[0.0309,0.0355]  young=0.0043[0.0016,0.0081]  long(15-24)=0.0042[0.0008,0.0085]
    prev: all=0.6866[0.6759,0.6980]  young=0.0383[0.0297,0.0475]  long(15-24)=0.0466[0.0340,0.0584]
  Year  7  [inci(all): 0.03266% vs 0.02435%  |  prev(all): 0.6866% vs 0.43911%]
    inci: all=0.0327[0.0302,0.0348]  young=0.0053[0.0021,0.0090]  long(15-24)=0.0059[0.0025,0.0109]
    prev: all=0.6866[0.6759,0.6976]  young=0.0378[0.0288,0.0463]  long(15-24)=0.0452[0.0319,0.0555]
  Year  8  [inci(all): 0.03276% vs 0.02435%  |  prev(all): 0.6868% vs 0.43911%]
    inci: all=0.0328[0.0306,0.0356]  young=0.0032[0.0011,0.0063]  long(15-24)=0.0033[0.0008,0.0075]
    prev: all=0.6868[0.6749,0.6995]  young=0.0360[0.0281,0.0438]  long(15-24)=0.0432[0.0316,0.0549]
  Year  9  [inci(all): 0.03236% vs 0.02435%  |  prev(all): 0.6838% vs 0.43911%]
    inci: all=0.0324[0.0299,0.0348]  young=0.0052[0.0021,0.0089]  long(15-24)=0.0058[0.0025,0.0107]
    prev: all=0.6838[0.6748,0.6941]  young=0.0378[0.0288,0.0467]  long(15-24)=0.0453[0.0337,0.0569]
  Year 10  [inci(all): 0.03327% vs 0.02435%  |  prev(all): 0.6849% vs 0.43911%]
    inci: all=0.0333[0.0304,0.0359]  young=0.0052[0.0026,0.0093]  long(15-24)=0.0057[0.0016,0.0106]
    prev: all=0.6849[0.6750,0.6974]  young=0.0377[0.0292,0.0483]  long(15-24)=0.0455[0.0352,0.0599]
  Year 11  [inci(all): 0.03206% vs 0.02435%  |  prev(all): 0.6835% vs 0.43911%]
    inci: all=0.0321[0.0299,0.0345]  young=0.0057[0.0026,0.0093]  long(15-24)=0.0064[0.0024,0.0113]
    prev: all=0.6835[0.6717,0.6939]  young=0.0396[0.0320,0.0472]  long(15-24)=0.0469[0.0354,0.0594]
  Year 12  [inci(all): 0.03130% vs 0.02435%  |  prev(all): 0.6814% vs 0.43911%]
    inci: all=0.0313[0.0286,0.0340]  young=0.0066[0.0036,0.0102]  long(15-24)=0.0064[0.0024,0.0112]
    prev: all=0.6814[0.6696,0.6919]  young=0.0409[0.0331,0.0511]  long(15-24)=0.0489[0.0375,0.0619]
  Year 13  [inci(all): 0.03271% vs 0.02435%  |  prev(all): 0.6775% vs 0.43911%]
    inci: all=0.0327[0.0301,0.0350]  young=0.0045[0.0015,0.0076]  long(15-24)=0.0040[0.0008,0.0072]
    prev: all=0.6775[0.6672,0.6889]  young=0.0396[0.0303,0.0479]  long(15-24)=0.0468[0.0334,0.0579]
  Year 14  [inci(all): 0.03166% vs 0.02435%  |  prev(all): 0.6766% vs 0.43911%]
    inci: all=0.0317[0.0296,0.0345]  young=0.0045[0.0020,0.0080]  long(15-24)=0.0047[0.0008,0.0094]
    prev: all=0.6766[0.6639,0.6878]  young=0.0386[0.0306,0.0474]  long(15-24)=0.0457[0.0346,0.0595]
  Year 15  [inci(all): 0.03130% vs 0.02435%  |  prev(all): 0.6721% vs 0.43911%]
    inci: all=0.0313[0.0286,0.0336]  young=0.0055[0.0025,0.0090]  long(15-24)=0.0062[0.0023,0.0109]
    prev: all=0.6721[0.6615,0.6835]  young=0.0398[0.0319,0.0499]  long(15-24)=0.0485[0.0382,0.0632]
  Year 16  [inci(all): 0.03085% vs 0.02435%  |  prev(all): 0.6662% vs 0.43911%]
    inci: all=0.0308[0.0286,0.0332]  young=0.0049[0.0015,0.0079]  long(15-24)=0.0047[0.0015,0.0093]
    prev: all=0.6662[0.6568,0.6794]  young=0.0396[0.0311,0.0486]  long(15-24)=0.0493[0.0380,0.0621]
  Year 17  [inci(all): 0.03104% vs 0.02435%  |  prev(all): 0.6635% vs 0.43911%]
    inci: all=0.0310[0.0288,0.0334]  young=0.0034[0.0010,0.0064]  long(15-24)=0.0038[0.0008,0.0077]
    prev: all=0.6635[0.6526,0.6751]  young=0.0383[0.0299,0.0471]  long(15-24)=0.0476[0.0369,0.0602]
  Year 18  [inci(all): 0.03044% vs 0.02435%  |  prev(all): 0.6587% vs 0.43911%]
    inci: all=0.0304[0.0279,0.0329]  young=0.0044[0.0019,0.0073]  long(15-24)=0.0046[0.0008,0.0091]
    prev: all=0.6587[0.6459,0.6695]  young=0.0393[0.0312,0.0487]  long(15-24)=0.0487[0.0378,0.0625]
  Year 19  [inci(all): 0.03079% vs 0.02435%  |  prev(all): 0.6552% vs 0.43911%]
    inci: all=0.0308[0.0283,0.0337]  young=0.0048[0.0019,0.0078]  long(15-24)=0.0053[0.0023,0.0099]
    prev: all=0.6552[0.6444,0.6656]  young=0.0388[0.0305,0.0482]  long(15-24)=0.0499[0.0392,0.0651]
  Year 20  [inci(all): 0.03054% vs 0.02435%  |  prev(all): 0.6496% vs 0.43911%]
    inci: all=0.0305[0.0282,0.0332]  young=0.0039[0.0019,0.0068]  long(15-24)=0.0045[0.0022,0.0083]
    prev: all=0.6496[0.6377,0.6604]  young=0.0375[0.0293,0.0467]  long(15-24)=0.0482[0.0363,0.0600]
  Year 21  [inci(all): 0.03054% vs 0.02435%  |  prev(all): 0.6457% vs 0.43911%]
    inci: all=0.0305[0.0283,0.0330]  young=0.0053[0.0024,0.0086]  long(15-24)=0.0060[0.0023,0.0105]
    prev: all=0.6457[0.6352,0.6559]  young=0.0393[0.0321,0.0464]  long(15-24)=0.0522[0.0403,0.0622]
  Year 22  [inci(all): 0.03044% vs 0.02435%  |  prev(all): 0.6407% vs 0.43911%]
    inci: all=0.0304[0.0276,0.0329]  young=0.0052[0.0028,0.0090]  long(15-24)=0.0045[0.0015,0.0097]
    prev: all=0.6407[0.6291,0.6508]  young=0.0394[0.0318,0.0491]  long(15-24)=0.0504[0.0395,0.0633]
  Year 23  [inci(all): 0.03074% vs 0.02435%  |  prev(all): 0.6353% vs 0.43911%]
    inci: all=0.0307[0.0285,0.0335]  young=0.0048[0.0019,0.0085]  long(15-24)=0.0066[0.0022,0.0111]
    prev: all=0.6353[0.6235,0.6493]  young=0.0385[0.0299,0.0474]  long(15-24)=0.0494[0.0382,0.0611]
  Year 24  [inci(all): 0.03003% vs 0.02435%  |  prev(all): 0.6299% vs 0.43911%]
    inci: all=0.0300[0.0279,0.0323]  young=0.0047[0.0019,0.0076]  long(15-24)=0.0059[0.0022,0.0104]
    prev: all=0.6299[0.6193,0.6401]  young=0.0382[0.0307,0.0468]  long(15-24)=0.0493[0.0383,0.0596]
  Year 25  [inci(all): 0.03033% vs 0.02435%  |  prev(all): 0.6258% vs 0.43911%]
    inci: all=0.0303[0.0282,0.0328]  young=0.0056[0.0024,0.0089]  long(15-24)=0.0059[0.0022,0.0110]
    prev: all=0.6258[0.6139,0.6370]  young=0.0382[0.0306,0.0475]  long(15-24)=0.0484[0.0373,0.0603]

Simulation: BMI drift = +0.1
  Calibration targets -- inci(all): 0.02435%  prev(all): 0.43911%
  Year  1  [inci(all): 0.03236% vs 0.02435%  |  prev(all): 0.6783% vs 0.43911%]
    inci: all=0.0324[0.0296,0.0347]  young=0.0051[0.0028,0.0091]  long(15-24)=0.0062[0.0027,0.0115]
    prev: all=0.6783[0.6667,0.6903]  young=0.0390[0.0301,0.0502]  long(15-24)=0.0482[0.0338,0.0625]
  Year  2  [inci(all): 0.03221% vs 0.02435%  |  prev(all): 0.6809% vs 0.43911%]
    inci: all=0.0322[0.0300,0.0346]  young=0.0056[0.0028,0.0095]  long(15-24)=0.0062[0.0026,0.0123]
    prev: all=0.6809[0.6687,0.6912]  young=0.0410[0.0312,0.0500]  long(15-24)=0.0511[0.0390,0.0644]
  Year  3  [inci(all): 0.03316% vs 0.02435%  |  prev(all): 0.6823% vs 0.43911%]
    inci: all=0.0332[0.0305,0.0356]  young=0.0056[0.0028,0.0094]  long(15-24)=0.0052[0.0018,0.0105]
    prev: all=0.6823[0.6723,0.6934]  young=0.0405[0.0317,0.0490]  long(15-24)=0.0501[0.0387,0.0639]
  Year  4  [inci(all): 0.03286% vs 0.02435%  |  prev(all): 0.6841% vs 0.43911%]
    inci: all=0.0329[0.0301,0.0359]  young=0.0033[0.0011,0.0055]  long(15-24)=0.0035[0.0009,0.0069]
    prev: all=0.6841[0.6710,0.6953]  young=0.0379[0.0302,0.0472]  long(15-24)=0.0484[0.0364,0.0621]
  Year  5  [inci(all): 0.03271% vs 0.02435%  |  prev(all): 0.6862% vs 0.43911%]
    inci: all=0.0327[0.0304,0.0353]  young=0.0065[0.0033,0.0104]  long(15-24)=0.0068[0.0026,0.0120]
    prev: all=0.6862[0.6762,0.6974]  young=0.0392[0.0314,0.0484]  long(15-24)=0.0488[0.0375,0.0609]
  Year  6  [inci(all): 0.03382% vs 0.02435%  |  prev(all): 0.6877% vs 0.43911%]
    inci: all=0.0338[0.0311,0.0361]  young=0.0043[0.0016,0.0081]  long(15-24)=0.0042[0.0008,0.0085]
    prev: all=0.6877[0.6770,0.6992]  young=0.0388[0.0307,0.0485]  long(15-24)=0.0473[0.0348,0.0597]
  Year  7  [inci(all): 0.03302% vs 0.02435%  |  prev(all): 0.6880% vs 0.43911%]
    inci: all=0.0330[0.0306,0.0351]  young=0.0053[0.0027,0.0091]  long(15-24)=0.0059[0.0025,0.0109]
    prev: all=0.6880[0.6774,0.6993]  young=0.0384[0.0293,0.0474]  long(15-24)=0.0461[0.0327,0.0563]
  Year  8  [inci(all): 0.03337% vs 0.02435%  |  prev(all): 0.6889% vs 0.43911%]
    inci: all=0.0334[0.0311,0.0363]  young=0.0037[0.0011,0.0064]  long(15-24)=0.0042[0.0017,0.0083]
    prev: all=0.6889[0.6773,0.7018]  young=0.0375[0.0291,0.0445]  long(15-24)=0.0448[0.0324,0.0558]
  Year  9  [inci(all): 0.03297% vs 0.02435%  |  prev(all): 0.6865% vs 0.43911%]
    inci: all=0.0330[0.0307,0.0355]  young=0.0053[0.0026,0.0089]  long(15-24)=0.0058[0.0025,0.0115]
    prev: all=0.6865[0.6775,0.6973]  young=0.0388[0.0298,0.0472]  long(15-24)=0.0463[0.0339,0.0594]
  Year 10  [inci(all): 0.03402% vs 0.02435%  |  prev(all): 0.6882% vs 0.43911%]
    inci: all=0.0340[0.0314,0.0368]  young=0.0057[0.0031,0.0094]  long(15-24)=0.0057[0.0016,0.0114]
    prev: all=0.6882[0.6782,0.7003]  young=0.0391[0.0311,0.0497]  long(15-24)=0.0471[0.0367,0.0621]
  Year 11  [inci(all): 0.03292% vs 0.02435%  |  prev(all): 0.6873% vs 0.43911%]
    inci: all=0.0329[0.0307,0.0354]  young=0.0057[0.0026,0.0098]  long(15-24)=0.0065[0.0024,0.0113]
    prev: all=0.6873[0.6762,0.6977]  young=0.0411[0.0329,0.0493]  long(15-24)=0.0491[0.0378,0.0615]
  Year 12  [inci(all): 0.03206% vs 0.02435%  |  prev(all): 0.6862% vs 0.43911%]
    inci: all=0.0321[0.0294,0.0346]  young=0.0072[0.0036,0.0113]  long(15-24)=0.0072[0.0032,0.0128]
    prev: all=0.6862[0.6743,0.6968]  young=0.0427[0.0347,0.0526]  long(15-24)=0.0512[0.0390,0.0649]
  Year 13  [inci(all): 0.03352% vs 0.02435%  |  prev(all): 0.6832% vs 0.43911%]
    inci: all=0.0335[0.0310,0.0362]  young=0.0046[0.0020,0.0081]  long(15-24)=0.0040[0.0008,0.0080]
    prev: all=0.6832[0.6729,0.6938]  young=0.0418[0.0334,0.0500]  long(15-24)=0.0492[0.0366,0.0619]
  Year 14  [inci(all): 0.03281% vs 0.02435%  |  prev(all): 0.6829% vs 0.43911%]
    inci: all=0.0328[0.0309,0.0355]  young=0.0050[0.0025,0.0090]  long(15-24)=0.0047[0.0016,0.0102]
    prev: all=0.6829[0.6699,0.6946]  young=0.0408[0.0331,0.0494]  long(15-24)=0.0481[0.0369,0.0634]
  Year 15  [inci(all): 0.03221% vs 0.02435%  |  prev(all): 0.6793% vs 0.43911%]
    inci: all=0.0322[0.0296,0.0347]  young=0.0060[0.0025,0.0095]  long(15-24)=0.0070[0.0023,0.0117]
    prev: all=0.6793[0.6687,0.6914]  young=0.0424[0.0348,0.0542]  long(15-24)=0.0523[0.0407,0.0675]
  Year 16  [inci(all): 0.03196% vs 0.02435%  |  prev(all): 0.6742% vs 0.43911%]
    inci: all=0.0320[0.0296,0.0344]  young=0.0049[0.0020,0.0084]  long(15-24)=0.0054[0.0016,0.0093]
    prev: all=0.6742[0.6644,0.6863]  young=0.0420[0.0335,0.0513]  long(15-24)=0.0521[0.0409,0.0643]
  Year 17  [inci(all): 0.03226% vs 0.02435%  |  prev(all): 0.6724% vs 0.43911%]
    inci: all=0.0323[0.0301,0.0350]  young=0.0039[0.0015,0.0064]  long(15-24)=0.0046[0.0015,0.0085]
    prev: all=0.6724[0.6613,0.6847]  young=0.0411[0.0320,0.0495]  long(15-24)=0.0515[0.0393,0.0643]
  Year 18  [inci(all): 0.03180% vs 0.02435%  |  prev(all): 0.6688% vs 0.43911%]
    inci: all=0.0318[0.0295,0.0342]  young=0.0049[0.0024,0.0083]  long(15-24)=0.0053[0.0015,0.0099]
    prev: all=0.6688[0.6567,0.6797]  young=0.0424[0.0337,0.0525]  long(15-24)=0.0527[0.0408,0.0668]
  Year 19  [inci(all): 0.03235% vs 0.02435%  |  prev(all): 0.6667% vs 0.43911%]
    inci: all=0.0324[0.0299,0.0349]  young=0.0058[0.0029,0.0092]  long(15-24)=0.0061[0.0023,0.0113]
    prev: all=0.6667[0.6553,0.6770]  young=0.0423[0.0340,0.0517]  long(15-24)=0.0538[0.0424,0.0684]
  Year 20  [inci(all): 0.03195% vs 0.02435%  |  prev(all): 0.6624% vs 0.43911%]
    inci: all=0.0320[0.0297,0.0347]  young=0.0048[0.0024,0.0082]  long(15-24)=0.0060[0.0023,0.0105]
    prev: all=0.6624[0.6496,0.6727]  young=0.0414[0.0322,0.0509]  long(15-24)=0.0534[0.0400,0.0668]
  Year 21  [inci(all): 0.03235% vs 0.02435%  |  prev(all): 0.6591% vs 0.43911%]
    inci: all=0.0324[0.0299,0.0346]  young=0.0067[0.0038,0.0105]  long(15-24)=0.0075[0.0037,0.0128]
    prev: all=0.6591[0.6485,0.6694]  young=0.0445[0.0358,0.0516]  long(15-24)=0.0577[0.0449,0.0682]
  Year 22  [inci(all): 0.03200% vs 0.02435%  |  prev(all): 0.6555% vs 0.43911%]
    inci: all=0.0320[0.0294,0.0348]  young=0.0062[0.0033,0.0100]  long(15-24)=0.0059[0.0022,0.0097]
    prev: all=0.6555[0.6443,0.6663]  young=0.0454[0.0366,0.0562]  long(15-24)=0.0567[0.0448,0.0722]
  Year 23  [inci(all): 0.03210% vs 0.02435%  |  prev(all): 0.6509% vs 0.43911%]
    inci: all=0.0321[0.0298,0.0348]  young=0.0057[0.0028,0.0100]  long(15-24)=0.0074[0.0030,0.0126]
    prev: all=0.6509[0.6393,0.6637]  young=0.0445[0.0347,0.0554]  long(15-24)=0.0559[0.0428,0.0681]
  Year 24  [inci(all): 0.03194% vs 0.02435%  |  prev(all): 0.6470% vs 0.43911%]
    inci: all=0.0319[0.0299,0.0345]  young=0.0057[0.0028,0.0085]  long(15-24)=0.0066[0.0029,0.0111]
    prev: all=0.6470[0.6365,0.6572]  young=0.0444[0.0345,0.0523]  long(15-24)=0.0560[0.0427,0.0663]
  Year 25  [inci(all): 0.03210% vs 0.02435%  |  prev(all): 0.6442% vs 0.43911%]
    inci: all=0.0321[0.0299,0.0346]  young=0.0061[0.0033,0.0099]  long(15-24)=0.0066[0.0029,0.0117]
    prev: all=0.6442[0.6314,0.6552]  young=0.0443[0.0362,0.0528]  long(15-24)=0.0557[0.0446,0.0682]

Simulation: BMI drift = +0.2
  Calibration targets -- inci(all): 0.02435%  prev(all): 0.43911%
  Year  1  [inci(all): 0.03236% vs 0.02435%  |  prev(all): 0.6783% vs 0.43911%]
    inci: all=0.0324[0.0296,0.0347]  young=0.0051[0.0028,0.0091]  long(15-24)=0.0062[0.0027,0.0115]
    prev: all=0.6783[0.6667,0.6903]  young=0.0390[0.0301,0.0502]  long(15-24)=0.0482[0.0338,0.0625]
  Year  2  [inci(all): 0.03231% vs 0.02435%  |  prev(all): 0.6809% vs 0.43911%]
    inci: all=0.0323[0.0301,0.0347]  young=0.0056[0.0028,0.0095]  long(15-24)=0.0062[0.0026,0.0123]
    prev: all=0.6809[0.6689,0.6913]  young=0.0410[0.0312,0.0500]  long(15-24)=0.0511[0.0390,0.0644]
  Year  3  [inci(all): 0.03337% vs 0.02435%  |  prev(all): 0.6827% vs 0.43911%]
    inci: all=0.0334[0.0307,0.0358]  young=0.0061[0.0028,0.0094]  long(15-24)=0.0053[0.0026,0.0105]
    prev: all=0.6827[0.6724,0.6937]  young=0.0406[0.0317,0.0490]  long(15-24)=0.0506[0.0387,0.0639]
  Year  4  [inci(all): 0.03306% vs 0.02435%  |  prev(all): 0.6846% vs 0.43911%]
    inci: all=0.0331[0.0304,0.0361]  young=0.0033[0.0011,0.0055]  long(15-24)=0.0035[0.0009,0.0069]
    prev: all=0.6846[0.6715,0.6959]  young=0.0380[0.0303,0.0478]  long(15-24)=0.0485[0.0364,0.0622]
  Year  5  [inci(all): 0.03312% vs 0.02435%  |  prev(all): 0.6870% vs 0.43911%]
    inci: all=0.0331[0.0309,0.0358]  young=0.0065[0.0033,0.0104]  long(15-24)=0.0068[0.0026,0.0120]
    prev: all=0.6870[0.6769,0.6983]  young=0.0392[0.0314,0.0484]  long(15-24)=0.0488[0.0375,0.0609]
  Year  6  [inci(all): 0.03428% vs 0.02435%  |  prev(all): 0.6891% vs 0.43911%]
    inci: all=0.0343[0.0317,0.0365]  young=0.0043[0.0016,0.0081]  long(15-24)=0.0042[0.0008,0.0085]
    prev: all=0.6891[0.6783,0.7006]  young=0.0389[0.0307,0.0485]  long(15-24)=0.0473[0.0348,0.0597]
  Year  7  [inci(all): 0.03337% vs 0.02435%  |  prev(all): 0.6896% vs 0.43911%]
    inci: all=0.0334[0.0310,0.0355]  young=0.0059[0.0027,0.0096]  long(15-24)=0.0059[0.0025,0.0110]
    prev: all=0.6896[0.6790,0.7011]  young=0.0386[0.0298,0.0478]  long(15-24)=0.0463[0.0335,0.0571]
  Year  8  [inci(all): 0.03397% vs 0.02435%  |  prev(all): 0.6911% vs 0.43911%]
    inci: all=0.0340[0.0317,0.0368]  young=0.0037[0.0011,0.0069]  long(15-24)=0.0042[0.0017,0.0083]
    prev: all=0.6911[0.6793,0.7044]  young=0.0376[0.0291,0.0451]  long(15-24)=0.0450[0.0324,0.0566]
  Year  9  [inci(all): 0.03352% vs 0.02435%  |  prev(all): 0.6892% vs 0.43911%]
    inci: all=0.0335[0.0312,0.0360]  young=0.0053[0.0026,0.0094]  long(15-24)=0.0066[0.0025,0.0115]
    prev: all=0.6892[0.6799,0.6998]  young=0.0393[0.0304,0.0478]  long(15-24)=0.0467[0.0339,0.0594]
  Year 10  [inci(all): 0.03478% vs 0.02435%  |  prev(all): 0.6916% vs 0.43911%]
    inci: all=0.0348[0.0322,0.0374]  young=0.0062[0.0036,0.0099]  long(15-24)=0.0057[0.0024,0.0114]
    prev: all=0.6916[0.6815,0.7039]  young=0.0401[0.0321,0.0503]  long(15-24)=0.0480[0.0375,0.0632]
  Year 11  [inci(all): 0.03372% vs 0.02435%  |  prev(all): 0.6910% vs 0.43911%]
    inci: all=0.0337[0.0313,0.0362]  young=0.0062[0.0031,0.0098]  long(15-24)=0.0065[0.0024,0.0113]
    prev: all=0.6910[0.6799,0.7020]  young=0.0422[0.0339,0.0509]  long(15-24)=0.0501[0.0387,0.0621]
  Year 12  [inci(all): 0.03297% vs 0.02435%  |  prev(all): 0.6910% vs 0.43911%]
    inci: all=0.0330[0.0302,0.0355]  young=0.0077[0.0046,0.0117]  long(15-24)=0.0072[0.0032,0.0128]
    prev: all=0.6910[0.6791,0.7019]  young=0.0439[0.0362,0.0548]  long(15-24)=0.0521[0.0406,0.0668]
  Year 13  [inci(all): 0.03453% vs 0.02435%  |  prev(all): 0.6887% vs 0.43911%]
    inci: all=0.0345[0.0319,0.0371]  young=0.0051[0.0025,0.0086]  long(15-24)=0.0048[0.0016,0.0088]
    prev: all=0.6887[0.6786,0.6999]  young=0.0435[0.0344,0.0516]  long(15-24)=0.0508[0.0389,0.0628]
  Year 14  [inci(all): 0.03387% vs 0.02435%  |  prev(all): 0.6893% vs 0.43911%]
    inci: all=0.0339[0.0319,0.0366]  young=0.0055[0.0025,0.0095]  long(15-24)=0.0055[0.0016,0.0103]
    prev: all=0.6893[0.6764,0.7006]  young=0.0426[0.0341,0.0517]  long(15-24)=0.0502[0.0384,0.0642]
  Year 15  [inci(all): 0.03347% vs 0.02435%  |  prev(all): 0.6867% vs 0.43911%]
    inci: all=0.0335[0.0307,0.0358]  young=0.0065[0.0030,0.0105]  long(15-24)=0.0070[0.0024,0.0125]
    prev: all=0.6867[0.6766,0.6991]  young=0.0449[0.0368,0.0567]  long(15-24)=0.0546[0.0422,0.0702]
  Year 16  [inci(all): 0.03342% vs 0.02435%  |  prev(all): 0.6832% vs 0.43911%]
    inci: all=0.0334[0.0309,0.0357]  young=0.0059[0.0025,0.0089]  long(15-24)=0.0054[0.0023,0.0100]
    prev: all=0.6832[0.6733,0.6955]  young=0.0449[0.0356,0.0543]  long(15-24)=0.0549[0.0425,0.0657]
  Year 17  [inci(all): 0.03357% vs 0.02435%  |  prev(all): 0.6822% vs 0.43911%]
    inci: all=0.0336[0.0312,0.0363]  young=0.0044[0.0020,0.0074]  long(15-24)=0.0046[0.0015,0.0092]
    prev: all=0.6822[0.6711,0.6942]  young=0.0442[0.0347,0.0535]  long(15-24)=0.0538[0.0416,0.0667]
  Year 18  [inci(all): 0.03316% vs 0.02435%  |  prev(all): 0.6795% vs 0.43911%]
    inci: all=0.0332[0.0308,0.0357]  young=0.0058[0.0029,0.0092]  long(15-24)=0.0061[0.0023,0.0114]
    prev: all=0.6795[0.6673,0.6909]  young=0.0457[0.0362,0.0551]  long(15-24)=0.0558[0.0436,0.0709]
  Year 19  [inci(all): 0.03397% vs 0.02435%  |  prev(all): 0.6788% vs 0.43911%]
    inci: all=0.0340[0.0315,0.0367]  young=0.0063[0.0034,0.0102]  long(15-24)=0.0069[0.0030,0.0121]
    prev: all=0.6788[0.6675,0.6893]  young=0.0466[0.0373,0.0553]  long(15-24)=0.0584[0.0462,0.0722]
  Year 20  [inci(all): 0.03352% vs 0.02435%  |  prev(all): 0.6754% vs 0.43911%]
    inci: all=0.0335[0.0312,0.0364]  young=0.0058[0.0024,0.0091]  long(15-24)=0.0060[0.0030,0.0113]
    prev: all=0.6754[0.6628,0.6870]  young=0.0461[0.0367,0.0558]  long(15-24)=0.0586[0.0453,0.0713]
  Year 21  [inci(all): 0.03392% vs 0.02435%  |  prev(all): 0.6739% vs 0.43911%]
    inci: all=0.0339[0.0315,0.0365]  young=0.0072[0.0038,0.0115]  long(15-24)=0.0082[0.0045,0.0135]
    prev: all=0.6739[0.6633,0.6842]  young=0.0493[0.0407,0.0576]  long(15-24)=0.0634[0.0503,0.0743]
  Year 22  [inci(all): 0.03376% vs 0.02435%  |  prev(all): 0.6715% vs 0.43911%]
    inci: all=0.0338[0.0310,0.0366]  young=0.0072[0.0038,0.0114]  long(15-24)=0.0067[0.0022,0.0112]
    prev: all=0.6715[0.6598,0.6818]  young=0.0505[0.0413,0.0614]  long(15-24)=0.0624[0.0506,0.0783]
  Year 23  [inci(all): 0.03411% vs 0.02435%  |  prev(all): 0.6681% vs 0.43911%]
    inci: all=0.0341[0.0314,0.0370]  young=0.0066[0.0033,0.0113]  long(15-24)=0.0081[0.0037,0.0141]
    prev: all=0.6681[0.6568,0.6806]  young=0.0505[0.0405,0.0616]  long(15-24)=0.0630[0.0488,0.0759]
  Year 24  [inci(all): 0.03397% vs 0.02435%  |  prev(all): 0.6654% vs 0.43911%]
    inci: all=0.0340[0.0317,0.0365]  young=0.0061[0.0028,0.0090]  long(15-24)=0.0073[0.0030,0.0125]
    prev: all=0.6654[0.6550,0.6763]  young=0.0508[0.0401,0.0601]  long(15-24)=0.0636[0.0502,0.0751]
  Year 25  [inci(all): 0.03447% vs 0.02435%  |  prev(all): 0.6646% vs 0.43911%]
    inci: all=0.0345[0.0323,0.0370]  young=0.0075[0.0047,0.0113]  long(15-24)=0.0088[0.0044,0.0147]
    prev: all=0.6646[0.6512,0.6761]  young=0.0511[0.0429,0.0603]  long(15-24)=0.0646[0.0512,0.0765]

Merging output files...
Merged: prev_all.csv
Merged: inci_all.csv
Merged: prev_young.csv
Merged: inci_young.csv
Merged: prev_longitudinal_by_cohort.csv
Merged: inci_longitudinal_by_cohort.csv
Program finished.
DONE exit=0
