Dataset generated: dataset.csv

Simulation: BMI drift = -0.2
  Calibration targets -- inci(all): 0.02435%  prev(all): 0.43911%
  Year  1  [inci(all): 0.03186% vs 0.02435%  |  prev(all): 0.6779% vs 0.43911%]
    inci: all=0.0319[0.0295,0.0345]  young=0.0051[0.0028,0.0096]  long(15-24)=0.0063[0.0027,0.0124]
    prev: all=0.6779[0.6673,0.6895]  young=0.0390[0.0305,0.0509]  long(15-24)=0.0482[0.0356,0.0620]
  Year  2  [inci(all): 0.03236% vs 0.02435%  |  prev(all): 0.6802% vs 0.43911%]
    inci: all=0.0324[0.0302,0.0349]  young=0.0056[0.0028,0.0095]  long(15-24)=0.0062[0.0026,0.0115]
    prev: all=0.6802[0.6687,0.6920]  young=0.0399[0.0309,0.0494]  long(15-24)=0.0501[0.0370,0.0643]
  Year  3  [inci(all): 0.03307% vs 0.02435%  |  prev(all): 0.6820% vs 0.43911%]
    inci: all=0.0331[0.0308,0.0356]  young=0.0050[0.0022,0.0083]  long(15-24)=0.0052[0.0017,0.0088]
    prev: all=0.6820[0.6713,0.6935]  young=0.0394[0.0310,0.0494]  long(15-24)=0.0490[0.0383,0.0611]
  Year  4  [inci(all): 0.03266% vs 0.02435%  |  prev(all): 0.6833% vs 0.43911%]
    inci: all=0.0327[0.0298,0.0355]  young=0.0033[0.0011,0.0055]  long(15-24)=0.0035[0.0009,0.0069]
    prev: all=0.6833[0.6701,0.6953]  young=0.0369[0.0292,0.0473]  long(15-24)=0.0473[0.0353,0.0600]
  Year  5  [inci(all): 0.03261% vs 0.02435%  |  prev(all): 0.6848% vs 0.43911%]
    inci: all=0.0326[0.0303,0.0351]  young=0.0060[0.0022,0.0093]  long(15-24)=0.0060[0.0026,0.0111]
    prev: all=0.6848[0.6749,0.6963]  young=0.0380[0.0289,0.0474]  long(15-24)=0.0470[0.0342,0.0599]
  Year  6  [inci(all): 0.03271% vs 0.02435%  |  prev(all): 0.6857% vs 0.43911%]
    inci: all=0.0327[0.0302,0.0351]  young=0.0043[0.0016,0.0076]  long(15-24)=0.0043[0.0009,0.0085]
    prev: all=0.6857[0.6751,0.6975]  young=0.0376[0.0287,0.0464]  long(15-24)=0.0456[0.0339,0.0575]
  Year  7  [inci(all): 0.03211% vs 0.02435%  |  prev(all): 0.6858% vs 0.43911%]
    inci: all=0.0321[0.0299,0.0345]  young=0.0053[0.0021,0.0090]  long(15-24)=0.0059[0.0025,0.0109]
    prev: all=0.6858[0.6744,0.6960]  young=0.0369[0.0288,0.0453]  long(15-24)=0.0445[0.0328,0.0556]
  Year  8  [inci(all): 0.03211% vs 0.02435%  |  prev(all): 0.6854% vs 0.43911%]
    inci: all=0.0321[0.0298,0.0350]  young=0.0026[0.0011,0.0053]  long(15-24)=0.0033[0.0008,0.0067]
    prev: all=0.6854[0.6739,0.6974]  young=0.0354[0.0275,0.0424]  long(15-24)=0.0428[0.0317,0.0548]
  Year  9  [inci(all): 0.03226% vs 0.02435%  |  prev(all): 0.6826% vs 0.43911%]
    inci: all=0.0323[0.0299,0.0345]  young=0.0047[0.0026,0.0084]  long(15-24)=0.0058[0.0025,0.0107]
    prev: all=0.6826[0.6735,0.6919]  young=0.0367[0.0285,0.0459]  long(15-24)=0.0445[0.0328,0.0577]
  Year 10  [inci(all): 0.03342% vs 0.02435%  |  prev(all): 0.6832% vs 0.43911%]
    inci: all=0.0334[0.0306,0.0360]  young=0.0052[0.0026,0.0083]  long(15-24)=0.0049[0.0016,0.0090]
    prev: all=0.6832[0.6727,0.6947]  young=0.0364[0.0292,0.0452]  long(15-24)=0.0439[0.0343,0.0578]
  Year 11  [inci(all): 0.03151% vs 0.02435%  |  prev(all): 0.6810% vs 0.43911%]
    inci: all=0.0315[0.0294,0.0340]  young=0.0051[0.0026,0.0088]  long(15-24)=0.0056[0.0016,0.0097]
    prev: all=0.6810[0.6706,0.6904]  young=0.0380[0.0303,0.0454]  long(15-24)=0.0459[0.0354,0.0563]
  Year 12  [inci(all): 0.03110% vs 0.02435%  |  prev(all): 0.6781% vs 0.43911%]
    inci: all=0.0311[0.0287,0.0338]  young=0.0061[0.0031,0.0097]  long(15-24)=0.0056[0.0024,0.0104]
    prev: all=0.6781[0.6659,0.6896]  young=0.0393[0.0311,0.0474]  long(15-24)=0.0473[0.0352,0.0592]
  Year 13  [inci(all): 0.03226% vs 0.02435%  |  prev(all): 0.6751% vs 0.43911%]
    inci: all=0.0323[0.0294,0.0346]  young=0.0040[0.0015,0.0071]  long(15-24)=0.0032[0.0008,0.0072]
    prev: all=0.6751[0.6651,0.6861]  young=0.0375[0.0294,0.0456]  long(15-24)=0.0452[0.0340,0.0562]
  Year 14  [inci(all): 0.03130% vs 0.02435%  |  prev(all): 0.6731% vs 0.43911%]
    inci: all=0.0313[0.0292,0.0342]  young=0.0040[0.0015,0.0075]  long(15-24)=0.0039[0.0008,0.0086]
    prev: all=0.6731[0.6613,0.6850]  young=0.0366[0.0285,0.0447]  long(15-24)=0.0425[0.0323,0.0548]
  Year 15  [inci(all): 0.03110% vs 0.02435%  |  prev(all): 0.6689% vs 0.43911%]
    inci: all=0.0311[0.0285,0.0337]  young=0.0055[0.0025,0.0090]  long(15-24)=0.0063[0.0024,0.0117]
    prev: all=0.6689[0.6573,0.6821]  young=0.0384[0.0309,0.0477]  long(15-24)=0.0470[0.0360,0.0595]
  Year 16  [inci(all): 0.03044% vs 0.02435%  |  prev(all): 0.6635% vs 0.43911%]
    inci: all=0.0304[0.0281,0.0325]  young=0.0045[0.0015,0.0074]  long(15-24)=0.0046[0.0015,0.0085]
    prev: all=0.6635[0.6535,0.6739]  young=0.0375[0.0291,0.0473]  long(15-24)=0.0458[0.0355,0.0587]
  Year 17  [inci(all): 0.03064% vs 0.02435%  |  prev(all): 0.6598% vs 0.43911%]
    inci: all=0.0306[0.0284,0.0332]  young=0.0030[0.0010,0.0054]  long(15-24)=0.0038[0.0008,0.0069]
    prev: all=0.6598[0.6492,0.6718]  young=0.0359[0.0279,0.0445]  long(15-24)=0.0445[0.0336,0.0583]
  Year 18  [inci(all): 0.03014% vs 0.02435%  |  prev(all): 0.6546% vs 0.43911%]
    inci: all=0.0301[0.0277,0.0327]  young=0.0044[0.0019,0.0078]  long(15-24)=0.0046[0.0015,0.0084]
    prev: all=0.6546[0.6421,0.6652]  young=0.0369[0.0288,0.0467]  long(15-24)=0.0464[0.0353,0.0600]
  Year 19  [inci(all): 0.03054% vs 0.02435%  |  prev(all): 0.6508% vs 0.43911%]
    inci: all=0.0305[0.0282,0.0331]  young=0.0044[0.0019,0.0077]  long(15-24)=0.0053[0.0015,0.0099]
    prev: all=0.6508[0.6403,0.6615]  young=0.0367[0.0292,0.0469]  long(15-24)=0.0470[0.0363,0.0624]
  Year 20  [inci(all): 0.03004% vs 0.02435%  |  prev(all): 0.6452% vs 0.43911%]
    inci: all=0.0300[0.0277,0.0325]  young=0.0034[0.0014,0.0063]  long(15-24)=0.0038[0.0015,0.0083]
    prev: all=0.6452[0.6340,0.6553]  young=0.0357[0.0274,0.0440]  long(15-24)=0.0458[0.0339,0.0574]
  Year 21  [inci(all): 0.03019% vs 0.02435%  |  prev(all): 0.6408% vs 0.43911%]
    inci: all=0.0302[0.0279,0.0324]  young=0.0048[0.0024,0.0082]  long(15-24)=0.0053[0.0022,0.0097]
    prev: all=0.6408[0.6308,0.6514]  young=0.0365[0.0296,0.0436]  long(15-24)=0.0480[0.0367,0.0577]
  Year 22  [inci(all): 0.02998% vs 0.02435%  |  prev(all): 0.6355% vs 0.43911%]
    inci: all=0.0300[0.0273,0.0324]  young=0.0048[0.0019,0.0086]  long(15-24)=0.0037[0.0015,0.0082]
    prev: all=0.6355[0.6241,0.6463]  young=0.0362[0.0282,0.0462]  long(15-24)=0.0462[0.0350,0.0581]
  Year 23  [inci(all): 0.03033% vs 0.02435%  |  prev(all): 0.6293% vs 0.43911%]
    inci: all=0.0303[0.0283,0.0327]  young=0.0043[0.0019,0.0076]  long(15-24)=0.0059[0.0022,0.0111]
    prev: all=0.6293[0.6183,0.6423]  young=0.0361[0.0269,0.0446]  long(15-24)=0.0464[0.0347,0.0575]
  Year 24  [inci(all): 0.02968% vs 0.02435%  |  prev(all): 0.6241% vs 0.43911%]
    inci: all=0.0297[0.0276,0.0318]  young=0.0043[0.0014,0.0066]  long(15-24)=0.0052[0.0015,0.0096]
    prev: all=0.6241[0.6136,0.6351]  young=0.0353[0.0283,0.0430]  long(15-24)=0.0455[0.0333,0.0553]
  Year 25  [inci(all): 0.02998% vs 0.02435%  |  prev(all): 0.6196% vs 0.43911%]
    inci: all=0.0300[0.0280,0.0320]  young=0.0052[0.0024,0.0085]  long(15-24)=0.0058[0.0022,0.0103]
    prev: all=0.6196[0.6075,0.6301]  young=0.0358[0.0287,0.0438]  long(15-24)=0.0452[0.0358,0.0556]

Simulation: BMI drift = -0.1
  Calibration targets -- inci(all): 0.02435%  prev(all): 0.43911%
  Year  1  [inci(all): 0.03186% vs 0.02435%  |  prev(all): 0.6779% vs 0.43911%]
    inci: all=0.0319[0.0295,0.0345]  young=0.0051[0.0028,0.0096]  long(15-24)=0.0063[0.0027,0.0124]
    prev: all=0.6779[0.6673,0.6895]  young=0.0390[0.0305,0.0509]  long(15-24)=0.0482[0.0356,0.0620]
  Year  2  [inci(all): 0.03246% vs 0.02435%  |  prev(all): 0.6802% vs 0.43911%]
    inci: all=0.0325[0.0303,0.0349]  young=0.0056[0.0028,0.0095]  long(15-24)=0.0062[0.0026,0.0115]
    prev: all=0.6802[0.6687,0.6920]  young=0.0399[0.0309,0.0494]  long(15-24)=0.0501[0.0370,0.0643]
  Year  3  [inci(all): 0.03316% vs 0.02435%  |  prev(all): 0.6820% vs 0.43911%]
    inci: all=0.0332[0.0308,0.0356]  young=0.0050[0.0022,0.0083]  long(15-24)=0.0052[0.0017,0.0088]
    prev: all=0.6820[0.6714,0.6935]  young=0.0396[0.0310,0.0496]  long(15-24)=0.0490[0.0383,0.0611]
  Year  4  [inci(all): 0.03271% vs 0.02435%  |  prev(all): 0.6833% vs 0.43911%]
    inci: all=0.0327[0.0299,0.0355]  young=0.0033[0.0011,0.0055]  long(15-24)=0.0035[0.0009,0.0069]
    prev: all=0.6833[0.6702,0.6955]  young=0.0369[0.0296,0.0473]  long(15-24)=0.0473[0.0353,0.0600]
  Year  5  [inci(all): 0.03272% vs 0.02435%  |  prev(all): 0.6850% vs 0.43911%]
    inci: all=0.0327[0.0303,0.0352]  young=0.0060[0.0022,0.0098]  long(15-24)=0.0060[0.0026,0.0111]
    prev: all=0.6850[0.6750,0.6965]  young=0.0381[0.0289,0.0479]  long(15-24)=0.0471[0.0343,0.0599]
  Year  6  [inci(all): 0.03276% vs 0.02435%  |  prev(all): 0.6860% vs 0.43911%]
    inci: all=0.0328[0.0303,0.0351]  young=0.0043[0.0016,0.0076]  long(15-24)=0.0043[0.0009,0.0085]
    prev: all=0.6860[0.6753,0.6977]  young=0.0377[0.0289,0.0469]  long(15-24)=0.0457[0.0339,0.0583]
  Year  7  [inci(all): 0.03221% vs 0.02435%  |  prev(all): 0.6861% vs 0.43911%]
    inci: all=0.0322[0.0300,0.0346]  young=0.0053[0.0021,0.0090]  long(15-24)=0.0059[0.0025,0.0109]
    prev: all=0.6861[0.6746,0.6964]  young=0.0370[0.0288,0.0453]  long(15-24)=0.0445[0.0328,0.0556]
  Year  8  [inci(all): 0.03226% vs 0.02435%  |  prev(all): 0.6859% vs 0.43911%]
    inci: all=0.0323[0.0298,0.0350]  young=0.0032[0.0011,0.0058]  long(15-24)=0.0033[0.0008,0.0075]
    prev: all=0.6859[0.6741,0.6978]  young=0.0359[0.0280,0.0424]  long(15-24)=0.0437[0.0317,0.0548]
  Year  9  [inci(all): 0.03231% vs 0.02435%  |  prev(all): 0.6831% vs 0.43911%]
    inci: all=0.0323[0.0300,0.0346]  young=0.0047[0.0026,0.0084]  long(15-24)=0.0058[0.0025,0.0107]
    prev: all=0.6831[0.6742,0.6927]  young=0.0373[0.0288,0.0464]  long(15-24)=0.0453[0.0329,0.0578]
  Year 10  [inci(all): 0.03357% vs 0.02435%  |  prev(all): 0.6839% vs 0.43911%]
    inci: all=0.0336[0.0308,0.0362]  young=0.0052[0.0026,0.0083]  long(15-24)=0.0049[0.0016,0.0090]
    prev: all=0.6839[0.6731,0.6960]  young=0.0367[0.0297,0.0468]  long(15-24)=0.0440[0.0343,0.0579]
  Year 11  [inci(all): 0.03161% vs 0.02435%  |  prev(all): 0.6815% vs 0.43911%]
    inci: all=0.0316[0.0294,0.0341]  young=0.0051[0.0026,0.0088]  long(15-24)=0.0056[0.0016,0.0097]
    prev: all=0.6815[0.6712,0.6911]  young=0.0384[0.0303,0.0458]  long(15-24)=0.0461[0.0354,0.0565]
  Year 12  [inci(all): 0.03120% vs 0.02435%  |  prev(all): 0.6789% vs 0.43911%]
    inci: all=0.0312[0.0288,0.0339]  young=0.0061[0.0031,0.0097]  long(15-24)=0.0064[0.0024,0.0104]
    prev: all=0.6789[0.6668,0.6904]  young=0.0398[0.0321,0.0481]  long(15-24)=0.0480[0.0361,0.0608]
  Year 13  [inci(all): 0.03236% vs 0.02435%  |  prev(all): 0.6759% vs 0.43911%]
    inci: all=0.0324[0.0295,0.0347]  young=0.0045[0.0015,0.0076]  long(15-24)=0.0039[0.0008,0.0079]
    prev: all=0.6759[0.6658,0.6872]  young=0.0388[0.0299,0.0465]  long(15-24)=0.0461[0.0348,0.0571]
  Year 14  [inci(all): 0.03135% vs 0.02435%  |  prev(all): 0.6741% vs 0.43911%]
    inci: all=0.0314[0.0292,0.0343]  young=0.0045[0.0020,0.0075]  long(15-24)=0.0047[0.0008,0.0087]
    prev: all=0.6741[0.6623,0.6861]  young=0.0377[0.0291,0.0462]  long(15-24)=0.0440[0.0331,0.0548]
  Year 15  [inci(all): 0.03130% vs 0.02435%  |  prev(all): 0.6699% vs 0.43911%]
    inci: all=0.0313[0.0287,0.0339]  young=0.0055[0.0030,0.0095]  long(15-24)=0.0063[0.0024,0.0117]
    prev: all=0.6699[0.6586,0.6834]  young=0.0397[0.0319,0.0497]  long(15-24)=0.0484[0.0375,0.0619]
  Year 16  [inci(all): 0.03059% vs 0.02435%  |  prev(all): 0.6647% vs 0.43911%]
    inci: all=0.0306[0.0284,0.0327]  young=0.0045[0.0015,0.0079]  long(15-24)=0.0046[0.0016,0.0085]
    prev: all=0.6647[0.6547,0.6749]  young=0.0386[0.0306,0.0480]  long(15-24)=0.0472[0.0371,0.0590]
  Year 17  [inci(all): 0.03080% vs 0.02435%  |  prev(all): 0.6613% vs 0.43911%]
    inci: all=0.0308[0.0285,0.0333]  young=0.0030[0.0010,0.0054]  long(15-24)=0.0038[0.0008,0.0069]
    prev: all=0.6613[0.6508,0.6731]  young=0.0369[0.0289,0.0460]  long(15-24)=0.0454[0.0348,0.0587]
  Year 18  [inci(all): 0.03029% vs 0.02435%  |  prev(all): 0.6561% vs 0.43911%]
    inci: all=0.0303[0.0278,0.0329]  young=0.0049[0.0020,0.0078]  long(15-24)=0.0046[0.0015,0.0091]
    prev: all=0.6561[0.6438,0.6669]  young=0.0384[0.0298,0.0478]  long(15-24)=0.0473[0.0365,0.0608]
  Year 19  [inci(all): 0.03074% vs 0.02435%  |  prev(all): 0.6525% vs 0.43911%]
    inci: all=0.0307[0.0283,0.0334]  young=0.0048[0.0019,0.0078]  long(15-24)=0.0053[0.0015,0.0099]
    prev: all=0.6525[0.6420,0.6632]  young=0.0377[0.0304,0.0480]  long(15-24)=0.0484[0.0378,0.0647]
  Year 20  [inci(all): 0.03024% vs 0.02435%  |  prev(all): 0.6471% vs 0.43911%]
    inci: all=0.0302[0.0279,0.0328]  young=0.0039[0.0014,0.0067]  long(15-24)=0.0045[0.0015,0.0090]
    prev: all=0.6471[0.6358,0.6572]  young=0.0370[0.0284,0.0454]  long(15-24)=0.0474[0.0354,0.0594]
  Year 21  [inci(all): 0.03034% vs 0.02435%  |  prev(all): 0.6427% vs 0.43911%]
    inci: all=0.0303[0.0280,0.0326]  young=0.0053[0.0024,0.0082]  long(15-24)=0.0060[0.0022,0.0097]
    prev: all=0.6427[0.6327,0.6536]  young=0.0379[0.0306,0.0455]  long(15-24)=0.0501[0.0389,0.0599]
  Year 22  [inci(all): 0.03028% vs 0.02435%  |  prev(all): 0.6378% vs 0.43911%]
    inci: all=0.0303[0.0276,0.0327]  young=0.0052[0.0024,0.0086]  long(15-24)=0.0045[0.0015,0.0082]
    prev: all=0.6378[0.6264,0.6486]  young=0.0377[0.0291,0.0482]  long(15-24)=0.0481[0.0366,0.0602]
  Year 23  [inci(all): 0.03058% vs 0.02435%  |  prev(all): 0.6317% vs 0.43911%]
    inci: all=0.0306[0.0284,0.0329]  young=0.0047[0.0024,0.0081]  long(15-24)=0.0066[0.0022,0.0111]
    prev: all=0.6317[0.6206,0.6446]  young=0.0377[0.0285,0.0470]  long(15-24)=0.0482[0.0364,0.0599]
  Year 24  [inci(all): 0.02988% vs 0.02435%  |  prev(all): 0.6265% vs 0.43911%]
    inci: all=0.0299[0.0277,0.0320]  young=0.0043[0.0014,0.0066]  long(15-24)=0.0052[0.0015,0.0096]
    prev: all=0.6265[0.6160,0.6377]  young=0.0365[0.0293,0.0449]  long(15-24)=0.0472[0.0361,0.0573]
  Year 25  [inci(all): 0.03028% vs 0.02435%  |  prev(all): 0.6221% vs 0.43911%]
    inci: all=0.0303[0.0281,0.0324]  young=0.0052[0.0024,0.0089]  long(15-24)=0.0059[0.0022,0.0110]
    prev: all=0.6221[0.6099,0.6325]  young=0.0372[0.0297,0.0447]  long(15-24)=0.0469[0.0367,0.0572]

Simulation: BMI drift = +0.0
  Calibration targets -- inci(all): 0.02435%  prev(all): 0.43911%
  Year  1  [inci(all): 0.03186% vs 0.02435%  |  prev(all): 0.6779% vs 0.43911%]
    inci: all=0.0319[0.0295,0.0345]  young=0.0051[0.0028,0.0096]  long(15-24)=0.0063[0.0027,0.0124]
    prev: all=0.6779[0.6673,0.6895]  young=0.0390[0.0305,0.0509]  long(15-24)=0.0482[0.0356,0.0620]
  Year  2  [inci(all): 0.03246% vs 0.02435%  |  prev(all): 0.6802% vs 0.43911%]
    inci: all=0.0325[0.0303,0.0349]  young=0.0056[0.0028,0.0095]  long(15-24)=0.0062[0.0026,0.0115]
    prev: all=0.6802[0.6687,0.6920]  young=0.0399[0.0309,0.0494]  long(15-24)=0.0501[0.0370,0.0643]
  Year  3  [inci(all): 0.03316% vs 0.02435%  |  prev(all): 0.6821% vs 0.43911%]
    inci: all=0.0332[0.0308,0.0357]  young=0.0050[0.0022,0.0083]  long(15-24)=0.0052[0.0017,0.0088]
    prev: all=0.6821[0.6714,0.6936]  young=0.0396[0.0310,0.0496]  long(15-24)=0.0490[0.0383,0.0611]
  Year  4  [inci(all): 0.03271% vs 0.02435%  |  prev(all): 0.6834% vs 0.43911%]
    inci: all=0.0327[0.0299,0.0355]  young=0.0033[0.0011,0.0055]  long(15-24)=0.0035[0.0009,0.0069]
    prev: all=0.6834[0.6702,0.6958]  young=0.0369[0.0296,0.0473]  long(15-24)=0.0473[0.0353,0.0600]
  Year  5  [inci(all): 0.03276% vs 0.02435%  |  prev(all): 0.6850% vs 0.43911%]
    inci: all=0.0328[0.0303,0.0352]  young=0.0060[0.0022,0.0098]  long(15-24)=0.0060[0.0026,0.0111]
    prev: all=0.6850[0.6750,0.6966]  young=0.0381[0.0289,0.0479]  long(15-24)=0.0471[0.0343,0.0599]
  Year  6  [inci(all): 0.03286% vs 0.02435%  |  prev(all): 0.6862% vs 0.43911%]
    inci: all=0.0329[0.0303,0.0353]  young=0.0043[0.0016,0.0076]  long(15-24)=0.0043[0.0009,0.0085]
    prev: all=0.6862[0.6756,0.6978]  young=0.0377[0.0289,0.0469]  long(15-24)=0.0457[0.0339,0.0583]
  Year  7  [inci(all): 0.03241% vs 0.02435%  |  prev(all): 0.6865% vs 0.43911%]
    inci: all=0.0324[0.0301,0.0349]  young=0.0053[0.0027,0.0090]  long(15-24)=0.0059[0.0025,0.0109]
    prev: all=0.6865[0.6749,0.6969]  young=0.0373[0.0288,0.0453]  long(15-24)=0.0446[0.0335,0.0556]
  Year  8  [inci(all): 0.03231% vs 0.02435%  |  prev(all): 0.6863% vs 0.43911%]
    inci: all=0.0323[0.0298,0.0351]  young=0.0032[0.0011,0.0063]  long(15-24)=0.0041[0.0008,0.0083]
    prev: all=0.6863[0.6745,0.6983]  young=0.0361[0.0280,0.0434]  long(15-24)=0.0441[0.0324,0.0556]
  Year  9  [inci(all): 0.03241% vs 0.02435%  |  prev(all): 0.6835% vs 0.43911%]
    inci: all=0.0324[0.0301,0.0347]  young=0.0052[0.0026,0.0089]  long(15-24)=0.0058[0.0025,0.0107]
    prev: all=0.6835[0.6749,0.6933]  young=0.0377[0.0293,0.0466]  long(15-24)=0.0454[0.0330,0.0578]
  Year 10  [inci(all): 0.03372% vs 0.02435%  |  prev(all): 0.6846% vs 0.43911%]
    inci: all=0.0337[0.0308,0.0364]  young=0.0052[0.0026,0.0088]  long(15-24)=0.0049[0.0016,0.0098]
    prev: all=0.6846[0.6739,0.6965]  young=0.0369[0.0300,0.0468]  long(15-24)=0.0446[0.0350,0.0586]
  Year 11  [inci(all): 0.03171% vs 0.02435%  |  prev(all): 0.6825% vs 0.43911%]
    inci: all=0.0317[0.0295,0.0341]  young=0.0051[0.0026,0.0088]  long(15-24)=0.0056[0.0016,0.0097]
    prev: all=0.6825[0.6721,0.6918]  young=0.0385[0.0303,0.0465]  long(15-24)=0.0466[0.0354,0.0570]
  Year 12  [inci(all): 0.03135% vs 0.02435%  |  prev(all): 0.6797% vs 0.43911%]
    inci: all=0.0314[0.0289,0.0341]  young=0.0066[0.0031,0.0102]  long(15-24)=0.0064[0.0024,0.0112]
    prev: all=0.6797[0.6679,0.6915]  young=0.0399[0.0321,0.0491]  long(15-24)=0.0488[0.0368,0.0610]
  Year 13  [inci(all): 0.03246% vs 0.02435%  |  prev(all): 0.6769% vs 0.43911%]
    inci: all=0.0325[0.0298,0.0349]  young=0.0045[0.0015,0.0076]  long(15-24)=0.0039[0.0008,0.0079]
    prev: all=0.6769[0.6667,0.6886]  young=0.0390[0.0304,0.0466]  long(15-24)=0.0467[0.0350,0.0573]
  Year 14  [inci(all): 0.03146% vs 0.02435%  |  prev(all): 0.6753% vs 0.43911%]
    inci: all=0.0315[0.0295,0.0344]  young=0.0045[0.0020,0.0075]  long(15-24)=0.0047[0.0008,0.0087]
    prev: all=0.6753[0.6634,0.6873]  young=0.0381[0.0296,0.0467]  long(15-24)=0.0441[0.0331,0.0548]
  Year 15  [inci(all): 0.03145% vs 0.02435%  |  prev(all): 0.6711% vs 0.43911%]
    inci: all=0.0315[0.0289,0.0340]  young=0.0055[0.0030,0.0095]  long(15-24)=0.0063[0.0024,0.0117]
    prev: all=0.6711[0.6599,0.6849]  young=0.0398[0.0319,0.0498]  long(15-24)=0.0485[0.0376,0.0619]
  Year 16  [inci(all): 0.03069% vs 0.02435%  |  prev(all): 0.6660% vs 0.43911%]
    inci: all=0.0307[0.0285,0.0329]  young=0.0045[0.0020,0.0084]  long(15-24)=0.0047[0.0016,0.0093]
    prev: all=0.6660[0.6559,0.6757]  young=0.0391[0.0306,0.0480]  long(15-24)=0.0473[0.0371,0.0596]
  Year 17  [inci(all): 0.03094% vs 0.02435%  |  prev(all): 0.6627% vs 0.43911%]
    inci: all=0.0309[0.0286,0.0334]  young=0.0034[0.0010,0.0059]  long(15-24)=0.0046[0.0015,0.0077]
    prev: all=0.6627[0.6519,0.6744]  young=0.0378[0.0294,0.0464]  long(15-24)=0.0462[0.0353,0.0606]
  Year 18  [inci(all): 0.03039% vs 0.02435%  |  prev(all): 0.6577% vs 0.43911%]
    inci: all=0.0304[0.0279,0.0331]  young=0.0049[0.0020,0.0078]  long(15-24)=0.0053[0.0015,0.0099]
    prev: all=0.6577[0.6451,0.6687]  young=0.0390[0.0303,0.0488]  long(15-24)=0.0487[0.0372,0.0638]
  Year 19  [inci(all): 0.03105% vs 0.02435%  |  prev(all): 0.6544% vs 0.43911%]
    inci: all=0.0310[0.0286,0.0337]  young=0.0053[0.0024,0.0087]  long(15-24)=0.0061[0.0023,0.0107]
    prev: all=0.6544[0.6438,0.6649]  young=0.0388[0.0310,0.0494]  long(15-24)=0.0499[0.0386,0.0669]
  Year 20  [inci(all): 0.03049% vs 0.02435%  |  prev(all): 0.6492% vs 0.43911%]
    inci: all=0.0305[0.0281,0.0330]  young=0.0043[0.0019,0.0072]  long(15-24)=0.0053[0.0023,0.0090]
    prev: all=0.6492[0.6378,0.6595]  young=0.0381[0.0285,0.0473]  long(15-24)=0.0497[0.0376,0.0616]
  Year 21  [inci(all): 0.03049% vs 0.02435%  |  prev(all): 0.6451% vs 0.43911%]
    inci: all=0.0305[0.0282,0.0327]  young=0.0053[0.0024,0.0082]  long(15-24)=0.0060[0.0022,0.0097]
    prev: all=0.6451[0.6346,0.6558]  young=0.0393[0.0316,0.0469]  long(15-24)=0.0517[0.0397,0.0622]
  Year 22  [inci(all): 0.03043% vs 0.02435%  |  prev(all): 0.6399% vs 0.43911%]
    inci: all=0.0304[0.0277,0.0330]  young=0.0052[0.0024,0.0091]  long(15-24)=0.0045[0.0015,0.0082]
    prev: all=0.6399[0.6290,0.6508]  young=0.0391[0.0305,0.0505]  long(15-24)=0.0498[0.0379,0.0625]
  Year 23  [inci(all): 0.03078% vs 0.02435%  |  prev(all): 0.6341% vs 0.43911%]
    inci: all=0.0308[0.0286,0.0332]  young=0.0047[0.0024,0.0081]  long(15-24)=0.0067[0.0022,0.0111]
    prev: all=0.6341[0.6226,0.6470]  young=0.0390[0.0298,0.0484]  long(15-24)=0.0503[0.0382,0.0620]
  Year 24  [inci(all): 0.03013% vs 0.02435%  |  prev(all): 0.6291% vs 0.43911%]
    inci: all=0.0301[0.0279,0.0323]  young=0.0043[0.0019,0.0071]  long(15-24)=0.0059[0.0022,0.0096]
    prev: all=0.6291[0.6190,0.6402]  young=0.0383[0.0307,0.0462]  long(15-24)=0.0494[0.0374,0.0596]
  Year 25  [inci(all): 0.03048% vs 0.02435%  |  prev(all): 0.6251% vs 0.43911%]
    inci: all=0.0305[0.0283,0.0326]  young=0.0052[0.0024,0.0089]  long(15-24)=0.0059[0.0022,0.0110]
    prev: all=0.6251[0.6127,0.6355]  young=0.0382[0.0309,0.0462]  long(15-24)=0.0491[0.0388,0.0596]

Simulation: BMI drift = +0.1
  Calibration targets -- inci(all): 0.02435%  prev(all): 0.43911%
  Year  1  [inci(all): 0.03186% vs 0.02435%  |  prev(all): 0.6779% vs 0.43911%]
    inci: all=0.0319[0.0295,0.0345]  young=0.0051[0.0028,0.0096]  long(15-24)=0.0063[0.0027,0.0124]
    prev: all=0.6779[0.6673,0.6895]  young=0.0390[0.0305,0.0509]  long(15-24)=0.0482[0.0356,0.0620]
  Year  2  [inci(all): 0.03246% vs 0.02435%  |  prev(all): 0.6802% vs 0.43911%]
    inci: all=0.0325[0.0303,0.0349]  young=0.0056[0.0028,0.0095]  long(15-24)=0.0062[0.0026,0.0115]
    prev: all=0.6802[0.6688,0.6920]  young=0.0403[0.0309,0.0499]  long(15-24)=0.0501[0.0378,0.0652]
  Year  3  [inci(all): 0.03321% vs 0.02435%  |  prev(all): 0.6821% vs 0.43911%]
    inci: all=0.0332[0.0309,0.0357]  young=0.0050[0.0022,0.0083]  long(15-24)=0.0052[0.0017,0.0088]
    prev: all=0.6821[0.6714,0.6936]  young=0.0398[0.0310,0.0496]  long(15-24)=0.0496[0.0383,0.0620]
  Year  4  [inci(all): 0.03281% vs 0.02435%  |  prev(all): 0.6835% vs 0.43911%]
    inci: all=0.0328[0.0299,0.0355]  young=0.0033[0.0011,0.0055]  long(15-24)=0.0035[0.0009,0.0069]
    prev: all=0.6835[0.6703,0.6959]  young=0.0373[0.0297,0.0473]  long(15-24)=0.0474[0.0355,0.0604]
  Year  5  [inci(all): 0.03281% vs 0.02435%  |  prev(all): 0.6853% vs 0.43911%]
    inci: all=0.0328[0.0304,0.0353]  young=0.0060[0.0022,0.0098]  long(15-24)=0.0068[0.0026,0.0112]
    prev: all=0.6853[0.6753,0.6968]  young=0.0385[0.0289,0.0479]  long(15-24)=0.0472[0.0351,0.0607]
  Year  6  [inci(all): 0.03296% vs 0.02435%  |  prev(all): 0.6864% vs 0.43911%]
    inci: all=0.0330[0.0304,0.0353]  young=0.0043[0.0016,0.0076]  long(15-24)=0.0043[0.0009,0.0085]
    prev: all=0.6864[0.6759,0.6981]  young=0.0377[0.0289,0.0469]  long(15-24)=0.0457[0.0339,0.0583]
  Year  7  [inci(all): 0.03246% vs 0.02435%  |  prev(all): 0.6869% vs 0.43911%]
    inci: all=0.0325[0.0301,0.0349]  young=0.0053[0.0027,0.0090]  long(15-24)=0.0059[0.0025,0.0109]
    prev: all=0.6869[0.6752,0.6971]  young=0.0373[0.0288,0.0453]  long(15-24)=0.0446[0.0335,0.0556]
  Year  8  [inci(all): 0.03236% vs 0.02435%  |  prev(all): 0.6866% vs 0.43911%]
    inci: all=0.0324[0.0298,0.0352]  young=0.0032[0.0011,0.0063]  long(15-24)=0.0041[0.0008,0.0083]
    prev: all=0.6866[0.6751,0.6985]  young=0.0364[0.0280,0.0434]  long(15-24)=0.0441[0.0324,0.0556]
  Year  9  [inci(all): 0.03251% vs 0.02435%  |  prev(all): 0.6838% vs 0.43911%]
    inci: all=0.0325[0.0301,0.0347]  young=0.0052[0.0026,0.0089]  long(15-24)=0.0058[0.0025,0.0107]
    prev: all=0.6838[0.6754,0.6938]  young=0.0378[0.0293,0.0477]  long(15-24)=0.0454[0.0337,0.0578]
  Year 10  [inci(all): 0.03387% vs 0.02435%  |  prev(all): 0.6850% vs 0.43911%]
    inci: all=0.0339[0.0309,0.0366]  young=0.0052[0.0026,0.0088]  long(15-24)=0.0049[0.0016,0.0098]
    prev: all=0.6850[0.6742,0.6971]  young=0.0374[0.0300,0.0468]  long(15-24)=0.0449[0.0350,0.0587]
  Year 11  [inci(all): 0.03181% vs 0.02435%  |  prev(all): 0.6833% vs 0.43911%]
    inci: all=0.0318[0.0297,0.0343]  young=0.0057[0.0026,0.0093]  long(15-24)=0.0064[0.0024,0.0113]
    prev: all=0.6833[0.6726,0.6923]  young=0.0392[0.0309,0.0472]  long(15-24)=0.0476[0.0362,0.0583]
  Year 12  [inci(all): 0.03155% vs 0.02435%  |  prev(all): 0.6805% vs 0.43911%]
    inci: all=0.0316[0.0290,0.0343]  young=0.0067[0.0031,0.0107]  long(15-24)=0.0064[0.0032,0.0120]
    prev: all=0.6805[0.6687,0.6924]  young=0.0413[0.0326,0.0505]  long(15-24)=0.0503[0.0376,0.0633]
  Year 13  [inci(all): 0.03261% vs 0.02435%  |  prev(all): 0.6780% vs 0.43911%]
    inci: all=0.0326[0.0299,0.0350]  young=0.0046[0.0020,0.0076]  long(15-24)=0.0040[0.0008,0.0079]
    prev: all=0.6780[0.6677,0.6890]  young=0.0400[0.0309,0.0480]  long(15-24)=0.0477[0.0350,0.0594]
  Year 14  [inci(all): 0.03160% vs 0.02435%  |  prev(all): 0.6761% vs 0.43911%]
    inci: all=0.0316[0.0295,0.0345]  young=0.0045[0.0020,0.0080]  long(15-24)=0.0047[0.0008,0.0094]
    prev: all=0.6761[0.6642,0.6887]  young=0.0391[0.0305,0.0482]  long(15-24)=0.0456[0.0353,0.0568]
  Year 15  [inci(all): 0.03155% vs 0.02435%  |  prev(all): 0.6723% vs 0.43911%]
    inci: all=0.0316[0.0289,0.0342]  young=0.0060[0.0030,0.0095]  long(15-24)=0.0070[0.0031,0.0117]
    prev: all=0.6723[0.6608,0.6862]  young=0.0408[0.0328,0.0514]  long(15-24)=0.0500[0.0391,0.0626]
  Year 16  [inci(all): 0.03080% vs 0.02435%  |  prev(all): 0.6671% vs 0.43911%]
    inci: all=0.0308[0.0287,0.0330]  young=0.0049[0.0020,0.0084]  long(15-24)=0.0054[0.0016,0.0093]
    prev: all=0.6671[0.6571,0.6770]  young=0.0396[0.0316,0.0489]  long(15-24)=0.0487[0.0380,0.0605]
  Year 17  [inci(all): 0.03110% vs 0.02435%  |  prev(all): 0.6640% vs 0.43911%]
    inci: all=0.0311[0.0288,0.0335]  young=0.0039[0.0015,0.0064]  long(15-24)=0.0046[0.0015,0.0085]
    prev: all=0.6640[0.6532,0.6759]  young=0.0388[0.0299,0.0475]  long(15-24)=0.0475[0.0360,0.0614]
  Year 18  [inci(all): 0.03054% vs 0.02435%  |  prev(all): 0.6592% vs 0.43911%]
    inci: all=0.0305[0.0281,0.0332]  young=0.0049[0.0024,0.0083]  long(15-24)=0.0053[0.0015,0.0099]
    prev: all=0.6592[0.6466,0.6697]  young=0.0401[0.0312,0.0505]  long(15-24)=0.0496[0.0388,0.0646]
  Year 19  [inci(all): 0.03124% vs 0.02435%  |  prev(all): 0.6560% vs 0.43911%]
    inci: all=0.0312[0.0288,0.0339]  young=0.0053[0.0024,0.0087]  long(15-24)=0.0061[0.0023,0.0107]
    prev: all=0.6560[0.6452,0.6668]  young=0.0397[0.0319,0.0503]  long(15-24)=0.0511[0.0402,0.0683]
  Year 20  [inci(all): 0.03064% vs 0.02435%  |  prev(all): 0.6509% vs 0.43911%]
    inci: all=0.0306[0.0285,0.0332]  young=0.0043[0.0019,0.0077]  long(15-24)=0.0053[0.0023,0.0091]
    prev: all=0.6509[0.6396,0.6611]  young=0.0393[0.0294,0.0478]  long(15-24)=0.0511[0.0390,0.0627]
  Year 21  [inci(all): 0.03074% vs 0.02435%  |  prev(all): 0.6471% vs 0.43911%]
    inci: all=0.0307[0.0283,0.0329]  young=0.0057[0.0029,0.0091]  long(15-24)=0.0060[0.0030,0.0105]
    prev: all=0.6471[0.6368,0.6574]  young=0.0405[0.0326,0.0484]  long(15-24)=0.0532[0.0411,0.0638]
  Year 22  [inci(all): 0.03053% vs 0.02435%  |  prev(all): 0.6418% vs 0.43911%]
    inci: all=0.0305[0.0278,0.0330]  young=0.0052[0.0028,0.0091]  long(15-24)=0.0045[0.0015,0.0082]
    prev: all=0.6418[0.6306,0.6528]  young=0.0405[0.0315,0.0514]  long(15-24)=0.0520[0.0395,0.0648]
  Year 23  [inci(all): 0.03099% vs 0.02435%  |  prev(all): 0.6363% vs 0.43911%]
    inci: all=0.0310[0.0289,0.0336]  young=0.0048[0.0024,0.0085]  long(15-24)=0.0067[0.0022,0.0119]
    prev: all=0.6363[0.6250,0.6490]  young=0.0406[0.0313,0.0502]  long(15-24)=0.0523[0.0391,0.0648]
  Year 24  [inci(all): 0.03033% vs 0.02435%  |  prev(all): 0.6315% vs 0.43911%]
    inci: all=0.0303[0.0281,0.0326]  young=0.0047[0.0019,0.0071]  long(15-24)=0.0059[0.0022,0.0103]
    prev: all=0.6315[0.6213,0.6424]  young=0.0393[0.0312,0.0477]  long(15-24)=0.0515[0.0390,0.0612]
  Year 25  [inci(all): 0.03073% vs 0.02435%  |  prev(all): 0.6275% vs 0.43911%]
    inci: all=0.0307[0.0286,0.0328]  young=0.0056[0.0028,0.0089]  long(15-24)=0.0059[0.0022,0.0110]
    prev: all=0.6275[0.6153,0.6380]  young=0.0400[0.0320,0.0476]  long(15-24)=0.0510[0.0403,0.0615]

Simulation: BMI drift = +0.2
  Calibration targets -- inci(all): 0.02435%  prev(all): 0.43911%
  Year  1  [inci(all): 0.03186% vs 0.02435%  |  prev(all): 0.6779% vs 0.43911%]
    inci: all=0.0319[0.0295,0.0345]  young=0.0051[0.0028,0.0096]  long(15-24)=0.0063[0.0027,0.0124]
    prev: all=0.6779[0.6673,0.6895]  young=0.0390[0.0305,0.0509]  long(15-24)=0.0482[0.0356,0.0620]
  Year  2  [inci(all): 0.03246% vs 0.02435%  |  prev(all): 0.6802% vs 0.43911%]
    inci: all=0.0325[0.0303,0.0349]  young=0.0056[0.0028,0.0095]  long(15-24)=0.0062[0.0026,0.0115]
    prev: all=0.6802[0.6688,0.6920]  young=0.0403[0.0309,0.0499]  long(15-24)=0.0501[0.0378,0.0652]
  Year  3  [inci(all): 0.03321% vs 0.02435%  |  prev(all): 0.6822% vs 0.43911%]
    inci: all=0.0332[0.0309,0.0357]  young=0.0050[0.0022,0.0083]  long(15-24)=0.0052[0.0017,0.0088]
    prev: all=0.6822[0.6715,0.6936]  young=0.0398[0.0310,0.0496]  long(15-24)=0.0496[0.0383,0.0620]
  Year  4  [inci(all): 0.03286% vs 0.02435%  |  prev(all): 0.6836% vs 0.43911%]
    inci: all=0.0329[0.0300,0.0356]  young=0.0033[0.0011,0.0055]  long(15-24)=0.0035[0.0009,0.0069]
    prev: all=0.6836[0.6704,0.6959]  young=0.0373[0.0297,0.0473]  long(15-24)=0.0474[0.0355,0.0604]
  Year  5  [inci(all): 0.03281% vs 0.02435%  |  prev(all): 0.6853% vs 0.43911%]
    inci: all=0.0328[0.0304,0.0353]  young=0.0060[0.0022,0.0098]  long(15-24)=0.0068[0.0026,0.0112]
    prev: all=0.6853[0.6753,0.6968]  young=0.0385[0.0289,0.0479]  long(15-24)=0.0472[0.0351,0.0607]
  Year  6  [inci(all): 0.03307% vs 0.02435%  |  prev(all): 0.6867% vs 0.43911%]
    inci: all=0.0331[0.0305,0.0354]  young=0.0043[0.0016,0.0076]  long(15-24)=0.0043[0.0017,0.0085]
    prev: all=0.6867[0.6761,0.6982]  young=0.0378[0.0289,0.0469]  long(15-24)=0.0458[0.0339,0.0587]
  Year  7  [inci(all): 0.03256% vs 0.02435%  |  prev(all): 0.6872% vs 0.43911%]
    inci: all=0.0326[0.0302,0.0349]  young=0.0053[0.0027,0.0091]  long(15-24)=0.0059[0.0025,0.0117]
    prev: all=0.6872[0.6755,0.6975]  young=0.0373[0.0289,0.0453]  long(15-24)=0.0446[0.0335,0.0556]
  Year  8  [inci(all): 0.03246% vs 0.02435%  |  prev(all): 0.6870% vs 0.43911%]
    inci: all=0.0325[0.0299,0.0353]  young=0.0037[0.0011,0.0064]  long(15-24)=0.0042[0.0008,0.0083]
    prev: all=0.6870[0.6751,0.6990]  young=0.0365[0.0280,0.0439]  long(15-24)=0.0446[0.0324,0.0556]
  Year  9  [inci(all): 0.03256% vs 0.02435%  |  prev(all): 0.6842% vs 0.43911%]
    inci: all=0.0326[0.0302,0.0347]  young=0.0052[0.0026,0.0089]  long(15-24)=0.0058[0.0025,0.0107]
    prev: all=0.6842[0.6757,0.6942]  young=0.0379[0.0294,0.0477]  long(15-24)=0.0454[0.0337,0.0585]
  Year 10  [inci(all): 0.03392% vs 0.02435%  |  prev(all): 0.6855% vs 0.43911%]
    inci: all=0.0339[0.0311,0.0367]  young=0.0052[0.0026,0.0088]  long(15-24)=0.0049[0.0016,0.0098]
    prev: all=0.6855[0.6746,0.6974]  young=0.0375[0.0302,0.0468]  long(15-24)=0.0449[0.0350,0.0588]
  Year 11  [inci(all): 0.03196% vs 0.02435%  |  prev(all): 0.6838% vs 0.43911%]
    inci: all=0.0320[0.0298,0.0345]  young=0.0057[0.0026,0.0093]  long(15-24)=0.0064[0.0024,0.0113]
    prev: all=0.6838[0.6732,0.6928]  young=0.0395[0.0309,0.0472]  long(15-24)=0.0477[0.0362,0.0588]
  Year 12  [inci(all): 0.03160% vs 0.02435%  |  prev(all): 0.6812% vs 0.43911%]
    inci: all=0.0316[0.0291,0.0343]  young=0.0067[0.0031,0.0107]  long(15-24)=0.0064[0.0032,0.0120]
    prev: all=0.6812[0.6691,0.6929]  young=0.0414[0.0326,0.0505]  long(15-24)=0.0504[0.0376,0.0633]
  Year 13  [inci(all): 0.03286% vs 0.02435%  |  prev(all): 0.6790% vs 0.43911%]
    inci: all=0.0329[0.0301,0.0353]  young=0.0046[0.0020,0.0081]  long(15-24)=0.0040[0.0016,0.0080]
    prev: all=0.6790[0.6684,0.6900]  young=0.0406[0.0313,0.0485]  long(15-24)=0.0484[0.0358,0.0597]
  Year 14  [inci(all): 0.03180% vs 0.02435%  |  prev(all): 0.6771% vs 0.43911%]
    inci: all=0.0318[0.0297,0.0347]  young=0.0045[0.0020,0.0080]  long(15-24)=0.0047[0.0016,0.0094]
    prev: all=0.6771[0.6656,0.6896]  young=0.0396[0.0311,0.0486]  long(15-24)=0.0464[0.0354,0.0576]
  Year 15  [inci(all): 0.03170% vs 0.02435%  |  prev(all): 0.6735% vs 0.43911%]
    inci: all=0.0317[0.0291,0.0343]  young=0.0060[0.0030,0.0100]  long(15-24)=0.0070[0.0031,0.0117]
    prev: all=0.6735[0.6622,0.6869]  young=0.0413[0.0333,0.0524]  long(15-24)=0.0505[0.0391,0.0635]
  Year 16  [inci(all): 0.03095% vs 0.02435%  |  prev(all): 0.6685% vs 0.43911%]
    inci: all=0.0309[0.0287,0.0330]  young=0.0049[0.0020,0.0084]  long(15-24)=0.0054[0.0016,0.0093]
    prev: all=0.6685[0.6583,0.6784]  young=0.0404[0.0326,0.0495]  long(15-24)=0.0495[0.0386,0.0613]
  Year 17  [inci(all): 0.03130% vs 0.02435%  |  prev(all): 0.6656% vs 0.43911%]
    inci: all=0.0313[0.0290,0.0338]  young=0.0039[0.0015,0.0064]  long(15-24)=0.0046[0.0015,0.0085]
    prev: all=0.6656[0.6546,0.6776]  young=0.0393[0.0310,0.0486]  long(15-24)=0.0483[0.0368,0.0616]
  Year 18  [inci(all): 0.03064% vs 0.02435%  |  prev(all): 0.6607% vs 0.43911%]
    inci: all=0.0306[0.0282,0.0334]  young=0.0049[0.0024,0.0083]  long(15-24)=0.0053[0.0015,0.0107]
    prev: all=0.6607[0.6483,0.6714]  young=0.0408[0.0322,0.0510]  long(15-24)=0.0508[0.0397,0.0649]
  Year 19  [inci(all): 0.03145% vs 0.02435%  |  prev(all): 0.6578% vs 0.43911%]
    inci: all=0.0314[0.0290,0.0340]  young=0.0053[0.0024,0.0087]  long(15-24)=0.0061[0.0023,0.0113]
    prev: all=0.6578[0.6467,0.6687]  young=0.0409[0.0326,0.0515]  long(15-24)=0.0527[0.0410,0.0695]
  Year 20  [inci(all): 0.03089% vs 0.02435%  |  prev(all): 0.6527% vs 0.43911%]
    inci: all=0.0309[0.0286,0.0334]  young=0.0048[0.0019,0.0077]  long(15-24)=0.0053[0.0023,0.0098]
    prev: all=0.6527[0.6416,0.6631]  young=0.0404[0.0313,0.0497]  long(15-24)=0.0528[0.0399,0.0646]
  Year 21  [inci(all): 0.03089% vs 0.02435%  |  prev(all): 0.6491% vs 0.43911%]
    inci: all=0.0309[0.0285,0.0331]  young=0.0057[0.0029,0.0091]  long(15-24)=0.0067[0.0030,0.0105]
    prev: all=0.6491[0.6388,0.6594]  young=0.0417[0.0335,0.0493]  long(15-24)=0.0547[0.0412,0.0653]
  Year 22  [inci(all): 0.03079% vs 0.02435%  |  prev(all): 0.6441% vs 0.43911%]
    inci: all=0.0308[0.0281,0.0333]  young=0.0057[0.0029,0.0095]  long(15-24)=0.0052[0.0015,0.0089]
    prev: all=0.6441[0.6333,0.6552]  young=0.0423[0.0334,0.0528]  long(15-24)=0.0541[0.0417,0.0674]
  Year 23  [inci(all): 0.03119% vs 0.02435%  |  prev(all): 0.6386% vs 0.43911%]
    inci: all=0.0312[0.0292,0.0338]  young=0.0048[0.0024,0.0085]  long(15-24)=0.0067[0.0022,0.0119]
    prev: all=0.6386[0.6273,0.6515]  young=0.0415[0.0327,0.0515]  long(15-24)=0.0535[0.0393,0.0670]
  Year 24  [inci(all): 0.03054% vs 0.02435%  |  prev(all): 0.6341% vs 0.43911%]
    inci: all=0.0305[0.0284,0.0328]  young=0.0047[0.0019,0.0076]  long(15-24)=0.0059[0.0022,0.0103]
    prev: all=0.6341[0.6235,0.6452]  young=0.0406[0.0327,0.0490]  long(15-24)=0.0530[0.0413,0.0641]
  Year 25  [inci(all): 0.03089% vs 0.02435%  |  prev(all): 0.6302% vs 0.43911%]
    inci: all=0.0309[0.0286,0.0331]  young=0.0057[0.0028,0.0094]  long(15-24)=0.0066[0.0029,0.0110]
    prev: all=0.6302[0.6181,0.6408]  young=0.0409[0.0330,0.0486]  long(15-24)=0.0528[0.0418,0.0632]

Merging output files...
Merged: prev_all.csv
Merged: inci_all.csv
Merged: prev_young.csv
Merged: inci_young.csv
Merged: prev_longitudinal_by_cohort.csv
Merged: inci_longitudinal_by_cohort.csv
Program finished.
DONE exit=0
