Dataset generated: dataset.csv

Simulation: BMI drift = -0.2
  Calibration targets -- inci(all): 0.02435%  prev(all): 0.43911%
  Year  1  [inci(all): 0.03186% vs 0.02435%  |  prev(all): 0.6779% vs 0.43911%]
    inci: all=0.0319[0.0295,0.0345]  young=0.0051[0.0028,0.0096]  long(15-24)=0.0063[0.0027,0.0124]
    prev: all=0.6779[0.6673,0.6895]  young=0.0390[0.0305,0.0509]  long(15-24)=0.0482[0.0356,0.0620]
  Year  2  [inci(all): 0.03236% vs 0.02435%  |  prev(all): 0.6801% vs 0.43911%]
    inci: all=0.0324[0.0302,0.0349]  young=0.0056[0.0028,0.0090]  long(15-24)=0.0062[0.0026,0.0106]
    prev: all=0.6801[0.6687,0.6920]  young=0.0398[0.0309,0.0494]  long(15-24)=0.0497[0.0370,0.0638]
  Year  3  [inci(all): 0.03306% vs 0.02435%  |  prev(all): 0.6820% vs 0.43911%]
    inci: all=0.0331[0.0308,0.0356]  young=0.0050[0.0022,0.0083]  long(15-24)=0.0052[0.0017,0.0088]
    prev: all=0.6820[0.6713,0.6935]  young=0.0393[0.0310,0.0494]  long(15-24)=0.0490[0.0383,0.0611]
  Year  4  [inci(all): 0.03266% vs 0.02435%  |  prev(all): 0.6832% vs 0.43911%]
    inci: all=0.0327[0.0298,0.0355]  young=0.0033[0.0011,0.0055]  long(15-24)=0.0035[0.0009,0.0069]
    prev: all=0.6832[0.6701,0.6953]  young=0.0367[0.0291,0.0468]  long(15-24)=0.0468[0.0353,0.0600]
  Year  5  [inci(all): 0.03256% vs 0.02435%  |  prev(all): 0.6847% vs 0.43911%]
    inci: all=0.0326[0.0302,0.0351]  young=0.0060[0.0022,0.0093]  long(15-24)=0.0060[0.0026,0.0111]
    prev: all=0.6847[0.6748,0.6962]  young=0.0380[0.0288,0.0474]  long(15-24)=0.0464[0.0342,0.0592]
  Year  6  [inci(all): 0.03271% vs 0.02435%  |  prev(all): 0.6856% vs 0.43911%]
    inci: all=0.0327[0.0302,0.0351]  young=0.0043[0.0016,0.0075]  long(15-24)=0.0043[0.0009,0.0085]
    prev: all=0.6856[0.6751,0.6974]  young=0.0372[0.0286,0.0464]  long(15-24)=0.0452[0.0339,0.0575]
  Year  7  [inci(all): 0.03211% vs 0.02435%  |  prev(all): 0.6857% vs 0.43911%]
    inci: all=0.0321[0.0298,0.0345]  young=0.0053[0.0021,0.0090]  long(15-24)=0.0059[0.0025,0.0109]
    prev: all=0.6857[0.6743,0.6958]  young=0.0363[0.0283,0.0453]  long(15-24)=0.0445[0.0328,0.0556]
  Year  8  [inci(all): 0.03211% vs 0.02435%  |  prev(all): 0.6853% vs 0.43911%]
    inci: all=0.0321[0.0298,0.0349]  young=0.0026[0.0005,0.0053]  long(15-24)=0.0025[0.0000,0.0058]
    prev: all=0.6853[0.6738,0.6973]  young=0.0349[0.0270,0.0413]  long(15-24)=0.0424[0.0315,0.0540]
  Year  9  [inci(all): 0.03221% vs 0.02435%  |  prev(all): 0.6825% vs 0.43911%]
    inci: all=0.0322[0.0299,0.0345]  young=0.0047[0.0021,0.0084]  long(15-24)=0.0058[0.0016,0.0107]
    prev: all=0.6825[0.6731,0.6917]  young=0.0362[0.0282,0.0456]  long(15-24)=0.0437[0.0328,0.0566]
  Year 10  [inci(all): 0.03342% vs 0.02435%  |  prev(all): 0.6830% vs 0.43911%]
    inci: all=0.0334[0.0305,0.0358]  young=0.0047[0.0021,0.0083]  long(15-24)=0.0049[0.0016,0.0090]
    prev: all=0.6830[0.6726,0.6946]  young=0.0354[0.0282,0.0446]  long(15-24)=0.0432[0.0336,0.0570]
  Year 11  [inci(all): 0.03145% vs 0.02435%  |  prev(all): 0.6808% vs 0.43911%]
    inci: all=0.0315[0.0293,0.0339]  young=0.0051[0.0026,0.0083]  long(15-24)=0.0049[0.0016,0.0097]
    prev: all=0.6808[0.6705,0.6903]  young=0.0370[0.0293,0.0443]  long(15-24)=0.0450[0.0339,0.0556]
  Year 12  [inci(all): 0.03105% vs 0.02435%  |  prev(all): 0.6779% vs 0.43911%]
    inci: all=0.0311[0.0287,0.0337]  young=0.0061[0.0031,0.0092]  long(15-24)=0.0056[0.0024,0.0104]
    prev: all=0.6779[0.6659,0.6893]  young=0.0387[0.0301,0.0461]  long(15-24)=0.0465[0.0351,0.0584]
  Year 13  [inci(all): 0.03216% vs 0.02435%  |  prev(all): 0.6748% vs 0.43911%]
    inci: all=0.0322[0.0293,0.0344]  young=0.0040[0.0015,0.0071]  long(15-24)=0.0032[0.0008,0.0072]
    prev: all=0.6748[0.6646,0.6859]  young=0.0370[0.0288,0.0451]  long(15-24)=0.0445[0.0333,0.0554]
  Year 14  [inci(all): 0.03125% vs 0.02435%  |  prev(all): 0.6726% vs 0.43911%]
    inci: all=0.0312[0.0291,0.0341]  young=0.0040[0.0015,0.0075]  long(15-24)=0.0039[0.0008,0.0086]
    prev: all=0.6726[0.6611,0.6847]  young=0.0357[0.0276,0.0446]  long(15-24)=0.0417[0.0315,0.0540]
  Year 15  [inci(all): 0.03095% vs 0.02435%  |  prev(all): 0.6684% vs 0.43911%]
    inci: all=0.0309[0.0284,0.0337]  young=0.0050[0.0025,0.0085]  long(15-24)=0.0062[0.0023,0.0109]
    prev: all=0.6684[0.6567,0.6814]  young=0.0369[0.0293,0.0458]  long(15-24)=0.0460[0.0351,0.0587]
  Year 16  [inci(all): 0.03034% vs 0.02435%  |  prev(all): 0.6625% vs 0.43911%]
    inci: all=0.0303[0.0281,0.0324]  young=0.0044[0.0015,0.0074]  long(15-24)=0.0046[0.0015,0.0085]
    prev: all=0.6625[0.6528,0.6733]  young=0.0361[0.0282,0.0449]  long(15-24)=0.0448[0.0348,0.0578]
  Year 17  [inci(all): 0.03059% vs 0.02435%  |  prev(all): 0.6591% vs 0.43911%]
    inci: all=0.0306[0.0283,0.0331]  young=0.0029[0.0005,0.0049]  long(15-24)=0.0038[0.0008,0.0069]
    prev: all=0.6591[0.6487,0.6711]  young=0.0348[0.0260,0.0440]  long(15-24)=0.0431[0.0322,0.0556]
  Year 18  [inci(all): 0.02999% vs 0.02435%  |  prev(all): 0.6537% vs 0.43911%]
    inci: all=0.0300[0.0274,0.0325]  young=0.0039[0.0019,0.0068]  long(15-24)=0.0046[0.0008,0.0084]
    prev: all=0.6537[0.6417,0.6642]  young=0.0350[0.0273,0.0444]  long(15-24)=0.0442[0.0335,0.0581]
  Year 19  [inci(all): 0.03039% vs 0.02435%  |  prev(all): 0.6497% vs 0.43911%]
    inci: all=0.0304[0.0281,0.0330]  young=0.0043[0.0019,0.0072]  long(15-24)=0.0046[0.0015,0.0083]
    prev: all=0.6497[0.6395,0.6604]  young=0.0344[0.0271,0.0435]  long(15-24)=0.0439[0.0341,0.0578]
  Year 20  [inci(all): 0.02988% vs 0.02435%  |  prev(all): 0.6442% vs 0.43911%]
    inci: all=0.0299[0.0276,0.0323]  young=0.0029[0.0010,0.0053]  long(15-24)=0.0037[0.0008,0.0068]
    prev: all=0.6442[0.6327,0.6542]  young=0.0327[0.0250,0.0409]  long(15-24)=0.0422[0.0315,0.0541]
  Year 21  [inci(all): 0.02998% vs 0.02435%  |  prev(all): 0.6397% vs 0.43911%]
    inci: all=0.0300[0.0277,0.0321]  young=0.0043[0.0019,0.0072]  long(15-24)=0.0052[0.0015,0.0090]
    prev: all=0.6397[0.6294,0.6500]  young=0.0331[0.0263,0.0401]  long(15-24)=0.0441[0.0331,0.0533]
  Year 22  [inci(all): 0.02988% vs 0.02435%  |  prev(all): 0.6341% vs 0.43911%]
    inci: all=0.0299[0.0272,0.0323]  young=0.0043[0.0019,0.0081]  long(15-24)=0.0037[0.0015,0.0074]
    prev: all=0.6341[0.6230,0.6449]  young=0.0328[0.0257,0.0424]  long(15-24)=0.0416[0.0320,0.0526]
  Year 23  [inci(all): 0.03018% vs 0.02435%  |  prev(all): 0.6277% vs 0.43911%]
    inci: all=0.0302[0.0281,0.0325]  young=0.0043[0.0019,0.0071]  long(15-24)=0.0059[0.0022,0.0104]
    prev: all=0.6277[0.6168,0.6408]  young=0.0323[0.0247,0.0403]  long(15-24)=0.0415[0.0304,0.0530]
  Year 24  [inci(all): 0.02953% vs 0.02435%  |  prev(all): 0.6222% vs 0.43911%]
    inci: all=0.0295[0.0275,0.0316]  young=0.0038[0.0014,0.0066]  long(15-24)=0.0044[0.0015,0.0088]
    prev: all=0.6222[0.6116,0.6331]  young=0.0316[0.0246,0.0396]  long(15-24)=0.0411[0.0294,0.0501]
  Year 25  [inci(all): 0.02972% vs 0.02435%  |  prev(all): 0.6174% vs 0.43911%]
    inci: all=0.0297[0.0277,0.0318]  young=0.0047[0.0019,0.0080]  long(15-24)=0.0051[0.0015,0.0095]
    prev: all=0.6174[0.6053,0.6282]  young=0.0320[0.0245,0.0395]  long(15-24)=0.0409[0.0315,0.0512]

Simulation: BMI drift = -0.1
  Calibration targets -- inci(all): 0.02435%  prev(all): 0.43911%
  Year  1  [inci(all): 0.03186% vs 0.02435%  |  prev(all): 0.6779% vs 0.43911%]
    inci: all=0.0319[0.0295,0.0345]  young=0.0051[0.0028,0.0096]  long(15-24)=0.0063[0.0027,0.0124]
    prev: all=0.6779[0.6673,0.6895]  young=0.0390[0.0305,0.0509]  long(15-24)=0.0482[0.0356,0.0620]
  Year  2  [inci(all): 0.03241% vs 0.02435%  |  prev(all): 0.6802% vs 0.43911%]
    inci: all=0.0324[0.0302,0.0349]  young=0.0056[0.0028,0.0090]  long(15-24)=0.0062[0.0026,0.0106]
    prev: all=0.6802[0.6687,0.6920]  young=0.0398[0.0309,0.0494]  long(15-24)=0.0497[0.0370,0.0638]
  Year  3  [inci(all): 0.03316% vs 0.02435%  |  prev(all): 0.6820% vs 0.43911%]
    inci: all=0.0332[0.0308,0.0356]  young=0.0050[0.0022,0.0083]  long(15-24)=0.0052[0.0017,0.0088]
    prev: all=0.6820[0.6714,0.6935]  young=0.0395[0.0310,0.0496]  long(15-24)=0.0490[0.0383,0.0611]
  Year  4  [inci(all): 0.03271% vs 0.02435%  |  prev(all): 0.6833% vs 0.43911%]
    inci: all=0.0327[0.0299,0.0355]  young=0.0033[0.0011,0.0055]  long(15-24)=0.0035[0.0009,0.0069]
    prev: all=0.6833[0.6702,0.6955]  young=0.0368[0.0292,0.0469]  long(15-24)=0.0468[0.0353,0.0600]
  Year  5  [inci(all): 0.03272% vs 0.02435%  |  prev(all): 0.6849% vs 0.43911%]
    inci: all=0.0327[0.0303,0.0352]  young=0.0060[0.0022,0.0098]  long(15-24)=0.0060[0.0026,0.0111]
    prev: all=0.6849[0.6750,0.6965]  young=0.0381[0.0288,0.0479]  long(15-24)=0.0470[0.0343,0.0592]
  Year  6  [inci(all): 0.03276% vs 0.02435%  |  prev(all): 0.6860% vs 0.43911%]
    inci: all=0.0328[0.0303,0.0351]  young=0.0043[0.0016,0.0076]  long(15-24)=0.0043[0.0009,0.0085]
    prev: all=0.6860[0.6753,0.6977]  young=0.0375[0.0289,0.0465]  long(15-24)=0.0456[0.0339,0.0580]
  Year  7  [inci(all): 0.03221% vs 0.02435%  |  prev(all): 0.6861% vs 0.43911%]
    inci: all=0.0322[0.0300,0.0346]  young=0.0053[0.0021,0.0090]  long(15-24)=0.0059[0.0025,0.0109]
    prev: all=0.6861[0.6746,0.6964]  young=0.0368[0.0283,0.0453]  long(15-24)=0.0445[0.0328,0.0556]
  Year  8  [inci(all): 0.03226% vs 0.02435%  |  prev(all): 0.6859% vs 0.43911%]
    inci: all=0.0323[0.0298,0.0350]  young=0.0032[0.0011,0.0058]  long(15-24)=0.0033[0.0008,0.0075]
    prev: all=0.6859[0.6741,0.6978]  young=0.0355[0.0275,0.0422]  long(15-24)=0.0433[0.0317,0.0548]
  Year  9  [inci(all): 0.03231% vs 0.02435%  |  prev(all): 0.6831% vs 0.43911%]
    inci: all=0.0323[0.0300,0.0346]  young=0.0047[0.0026,0.0084]  long(15-24)=0.0058[0.0025,0.0107]
    prev: all=0.6831[0.6741,0.6926]  young=0.0372[0.0283,0.0462]  long(15-24)=0.0452[0.0328,0.0578]
  Year 10  [inci(all): 0.03352% vs 0.02435%  |  prev(all): 0.6838% vs 0.43911%]
    inci: all=0.0335[0.0307,0.0362]  young=0.0047[0.0026,0.0083]  long(15-24)=0.0049[0.0016,0.0090]
    prev: all=0.6838[0.6731,0.6959]  young=0.0363[0.0287,0.0458]  long(15-24)=0.0440[0.0341,0.0578]
  Year 11  [inci(all): 0.03160% vs 0.02435%  |  prev(all): 0.6814% vs 0.43911%]
    inci: all=0.0316[0.0294,0.0340]  young=0.0051[0.0026,0.0088]  long(15-24)=0.0056[0.0016,0.0097]
    prev: all=0.6814[0.6711,0.6909]  young=0.0380[0.0303,0.0451]  long(15-24)=0.0459[0.0346,0.0564]
  Year 12  [inci(all): 0.03120% vs 0.02435%  |  prev(all): 0.6789% vs 0.43911%]
    inci: all=0.0312[0.0287,0.0339]  young=0.0061[0.0031,0.0097]  long(15-24)=0.0064[0.0024,0.0104]
    prev: all=0.6789[0.6668,0.6903]  young=0.0393[0.0306,0.0481]  long(15-24)=0.0479[0.0360,0.0600]
  Year 13  [inci(all): 0.03231% vs 0.02435%  |  prev(all): 0.6758% vs 0.43911%]
    inci: all=0.0323[0.0295,0.0347]  young=0.0040[0.0015,0.0071]  long(15-24)=0.0039[0.0008,0.0079]
    prev: all=0.6758[0.6657,0.6870]  young=0.0380[0.0294,0.0460]  long(15-24)=0.0459[0.0348,0.0564]
  Year 14  [inci(all): 0.03135% vs 0.02435%  |  prev(all): 0.6739% vs 0.43911%]
    inci: all=0.0313[0.0292,0.0343]  young=0.0045[0.0020,0.0075]  long(15-24)=0.0047[0.0008,0.0087]
    prev: all=0.6739[0.6622,0.6859]  young=0.0372[0.0286,0.0457]  long(15-24)=0.0439[0.0331,0.0548]
  Year 15  [inci(all): 0.03125% vs 0.02435%  |  prev(all): 0.6698% vs 0.43911%]
    inci: all=0.0312[0.0286,0.0339]  young=0.0055[0.0025,0.0090]  long(15-24)=0.0063[0.0024,0.0109]
    prev: all=0.6698[0.6583,0.6833]  young=0.0388[0.0310,0.0484]  long(15-24)=0.0478[0.0375,0.0609]
  Year 16  [inci(all): 0.03054% vs 0.02435%  |  prev(all): 0.6643% vs 0.43911%]
    inci: all=0.0305[0.0283,0.0327]  young=0.0044[0.0015,0.0079]  long(15-24)=0.0046[0.0016,0.0085]
    prev: all=0.6643[0.6546,0.6747]  young=0.0376[0.0300,0.0469]  long(15-24)=0.0465[0.0364,0.0590]
  Year 17  [inci(all): 0.03080% vs 0.02435%  |  prev(all): 0.6608% vs 0.43911%]
    inci: all=0.0308[0.0284,0.0333]  young=0.0029[0.0010,0.0049]  long(15-24)=0.0038[0.0008,0.0069]
    prev: all=0.6608[0.6503,0.6729]  young=0.0358[0.0274,0.0445]  long(15-24)=0.0446[0.0345,0.0583]
  Year 18  [inci(all): 0.03019% vs 0.02435%  |  prev(all): 0.6557% vs 0.43911%]
    inci: all=0.0302[0.0277,0.0328]  young=0.0044[0.0019,0.0078]  long(15-24)=0.0046[0.0008,0.0091]
    prev: all=0.6557[0.6434,0.6666]  young=0.0366[0.0283,0.0472]  long(15-24)=0.0465[0.0353,0.0600]
  Year 19  [inci(all): 0.03064% vs 0.02435%  |  prev(all): 0.6522% vs 0.43911%]
    inci: all=0.0306[0.0282,0.0333]  young=0.0044[0.0019,0.0073]  long(15-24)=0.0053[0.0015,0.0091]
    prev: all=0.6522[0.6417,0.6628]  young=0.0362[0.0291,0.0455]  long(15-24)=0.0462[0.0363,0.0616]
  Year 20  [inci(all): 0.03014% vs 0.02435%  |  prev(all): 0.6465% vs 0.43911%]
    inci: all=0.0301[0.0278,0.0327]  young=0.0034[0.0014,0.0063]  long(15-24)=0.0045[0.0015,0.0083]
    prev: all=0.6465[0.6353,0.6568]  young=0.0351[0.0264,0.0439]  long(15-24)=0.0447[0.0338,0.0566]
  Year 21  [inci(all): 0.03024% vs 0.02435%  |  prev(all): 0.6422% vs 0.43911%]
    inci: all=0.0302[0.0279,0.0324]  young=0.0048[0.0019,0.0081]  long(15-24)=0.0053[0.0022,0.0097]
    prev: all=0.6422[0.6321,0.6528]  young=0.0364[0.0292,0.0434]  long(15-24)=0.0481[0.0367,0.0571]
  Year 22  [inci(all): 0.03018% vs 0.02435%  |  prev(all): 0.6370% vs 0.43911%]
    inci: all=0.0302[0.0275,0.0326]  young=0.0048[0.0019,0.0086]  long(15-24)=0.0037[0.0015,0.0082]
    prev: all=0.6370[0.6259,0.6480]  young=0.0358[0.0277,0.0462]  long(15-24)=0.0457[0.0357,0.0582]
  Year 23  [inci(all): 0.03048% vs 0.02435%  |  prev(all): 0.6310% vs 0.43911%]
    inci: all=0.0305[0.0284,0.0329]  young=0.0043[0.0019,0.0081]  long(15-24)=0.0059[0.0022,0.0104]
    prev: all=0.6310[0.6198,0.6438]  young=0.0361[0.0261,0.0441]  long(15-24)=0.0457[0.0339,0.0568]
  Year 24  [inci(all): 0.02978% vs 0.02435%  |  prev(all): 0.6257% vs 0.43911%]
    inci: all=0.0298[0.0277,0.0319]  young=0.0043[0.0014,0.0066]  long(15-24)=0.0052[0.0015,0.0096]
    prev: all=0.6257[0.6152,0.6369]  young=0.0346[0.0274,0.0429]  long(15-24)=0.0448[0.0341,0.0545]
  Year 25  [inci(all): 0.03013% vs 0.02435%  |  prev(all): 0.6212% vs 0.43911%]
    inci: all=0.0301[0.0280,0.0322]  young=0.0052[0.0024,0.0089]  long(15-24)=0.0058[0.0022,0.0110]
    prev: all=0.6212[0.6087,0.6319]  young=0.0349[0.0278,0.0429]  long(15-24)=0.0439[0.0345,0.0550]

Simulation: BMI drift = +0.0
  Calibration targets -- inci(all): 0.02435%  prev(all): 0.43911%
  Year  1  [inci(all): 0.03186% vs 0.02435%  |  prev(all): 0.6779% vs 0.43911%]
    inci: all=0.0319[0.0295,0.0345]  young=0.0051[0.0028,0.0096]  long(15-24)=0.0063[0.0027,0.0124]
    prev: all=0.6779[0.6673,0.6895]  young=0.0390[0.0305,0.0509]  long(15-24)=0.0482[0.0356,0.0620]
  Year  2  [inci(all): 0.03246% vs 0.02435%  |  prev(all): 0.6802% vs 0.43911%]
    inci: all=0.0325[0.0303,0.0349]  young=0.0056[0.0028,0.0095]  long(15-24)=0.0062[0.0026,0.0115]
    prev: all=0.6802[0.6687,0.6920]  young=0.0399[0.0309,0.0494]  long(15-24)=0.0501[0.0370,0.0643]
  Year  3  [inci(all): 0.03316% vs 0.02435%  |  prev(all): 0.6821% vs 0.43911%]
    inci: all=0.0332[0.0308,0.0357]  young=0.0050[0.0022,0.0083]  long(15-24)=0.0052[0.0017,0.0088]
    prev: all=0.6821[0.6714,0.6936]  young=0.0396[0.0310,0.0496]  long(15-24)=0.0490[0.0383,0.0611]
  Year  4  [inci(all): 0.03271% vs 0.02435%  |  prev(all): 0.6834% vs 0.43911%]
    inci: all=0.0327[0.0299,0.0355]  young=0.0033[0.0011,0.0055]  long(15-24)=0.0035[0.0009,0.0069]
    prev: all=0.6834[0.6702,0.6958]  young=0.0369[0.0296,0.0473]  long(15-24)=0.0473[0.0353,0.0600]
  Year  5  [inci(all): 0.03276% vs 0.02435%  |  prev(all): 0.6850% vs 0.43911%]
    inci: all=0.0328[0.0303,0.0352]  young=0.0060[0.0022,0.0098]  long(15-24)=0.0060[0.0026,0.0111]
    prev: all=0.6850[0.6750,0.6966]  young=0.0381[0.0289,0.0479]  long(15-24)=0.0471[0.0343,0.0599]
  Year  6  [inci(all): 0.03286% vs 0.02435%  |  prev(all): 0.6862% vs 0.43911%]
    inci: all=0.0329[0.0303,0.0353]  young=0.0043[0.0016,0.0076]  long(15-24)=0.0043[0.0009,0.0085]
    prev: all=0.6862[0.6756,0.6978]  young=0.0377[0.0289,0.0469]  long(15-24)=0.0457[0.0339,0.0583]
  Year  7  [inci(all): 0.03241% vs 0.02435%  |  prev(all): 0.6865% vs 0.43911%]
    inci: all=0.0324[0.0301,0.0349]  young=0.0053[0.0027,0.0090]  long(15-24)=0.0059[0.0025,0.0109]
    prev: all=0.6865[0.6749,0.6969]  young=0.0373[0.0288,0.0453]  long(15-24)=0.0446[0.0335,0.0556]
  Year  8  [inci(all): 0.03231% vs 0.02435%  |  prev(all): 0.6863% vs 0.43911%]
    inci: all=0.0323[0.0298,0.0351]  young=0.0032[0.0011,0.0063]  long(15-24)=0.0041[0.0008,0.0083]
    prev: all=0.6863[0.6745,0.6983]  young=0.0361[0.0280,0.0434]  long(15-24)=0.0441[0.0324,0.0556]
  Year  9  [inci(all): 0.03241% vs 0.02435%  |  prev(all): 0.6835% vs 0.43911%]
    inci: all=0.0324[0.0301,0.0347]  young=0.0052[0.0026,0.0089]  long(15-24)=0.0058[0.0025,0.0107]
    prev: all=0.6835[0.6749,0.6933]  young=0.0377[0.0293,0.0466]  long(15-24)=0.0454[0.0330,0.0578]
  Year 10  [inci(all): 0.03372% vs 0.02435%  |  prev(all): 0.6846% vs 0.43911%]
    inci: all=0.0337[0.0308,0.0364]  young=0.0052[0.0026,0.0088]  long(15-24)=0.0049[0.0016,0.0098]
    prev: all=0.6846[0.6739,0.6965]  young=0.0369[0.0300,0.0468]  long(15-24)=0.0446[0.0350,0.0586]
  Year 11  [inci(all): 0.03171% vs 0.02435%  |  prev(all): 0.6825% vs 0.43911%]
    inci: all=0.0317[0.0295,0.0341]  young=0.0051[0.0026,0.0088]  long(15-24)=0.0056[0.0016,0.0097]
    prev: all=0.6825[0.6721,0.6918]  young=0.0385[0.0303,0.0465]  long(15-24)=0.0466[0.0354,0.0570]
  Year 12  [inci(all): 0.03135% vs 0.02435%  |  prev(all): 0.6797% vs 0.43911%]
    inci: all=0.0314[0.0289,0.0341]  young=0.0066[0.0031,0.0102]  long(15-24)=0.0064[0.0024,0.0112]
    prev: all=0.6797[0.6679,0.6915]  young=0.0399[0.0321,0.0491]  long(15-24)=0.0488[0.0368,0.0610]
  Year 13  [inci(all): 0.03246% vs 0.02435%  |  prev(all): 0.6769% vs 0.43911%]
    inci: all=0.0325[0.0298,0.0349]  young=0.0045[0.0015,0.0076]  long(15-24)=0.0039[0.0008,0.0079]
    prev: all=0.6769[0.6667,0.6886]  young=0.0390[0.0304,0.0466]  long(15-24)=0.0467[0.0350,0.0573]
  Year 14  [inci(all): 0.03146% vs 0.02435%  |  prev(all): 0.6753% vs 0.43911%]
    inci: all=0.0315[0.0295,0.0344]  young=0.0045[0.0020,0.0075]  long(15-24)=0.0047[0.0008,0.0087]
    prev: all=0.6753[0.6634,0.6873]  young=0.0381[0.0296,0.0467]  long(15-24)=0.0441[0.0331,0.0548]
  Year 15  [inci(all): 0.03145% vs 0.02435%  |  prev(all): 0.6711% vs 0.43911%]
    inci: all=0.0315[0.0289,0.0340]  young=0.0055[0.0030,0.0095]  long(15-24)=0.0063[0.0024,0.0117]
    prev: all=0.6711[0.6599,0.6849]  young=0.0398[0.0319,0.0498]  long(15-24)=0.0485[0.0376,0.0619]
  Year 16  [inci(all): 0.03069% vs 0.02435%  |  prev(all): 0.6660% vs 0.43911%]
    inci: all=0.0307[0.0285,0.0329]  young=0.0045[0.0020,0.0084]  long(15-24)=0.0047[0.0016,0.0093]
    prev: all=0.6660[0.6559,0.6757]  young=0.0391[0.0306,0.0480]  long(15-24)=0.0473[0.0371,0.0596]
  Year 17  [inci(all): 0.03094% vs 0.02435%  |  prev(all): 0.6627% vs 0.43911%]
    inci: all=0.0309[0.0286,0.0334]  young=0.0034[0.0010,0.0059]  long(15-24)=0.0046[0.0015,0.0077]
    prev: all=0.6627[0.6519,0.6744]  young=0.0378[0.0294,0.0464]  long(15-24)=0.0462[0.0353,0.0606]
  Year 18  [inci(all): 0.03039% vs 0.02435%  |  prev(all): 0.6577% vs 0.43911%]
    inci: all=0.0304[0.0279,0.0331]  young=0.0049[0.0020,0.0078]  long(15-24)=0.0053[0.0015,0.0099]
    prev: all=0.6577[0.6451,0.6687]  young=0.0390[0.0303,0.0488]  long(15-24)=0.0487[0.0372,0.0638]
  Year 19  [inci(all): 0.03105% vs 0.02435%  |  prev(all): 0.6544% vs 0.43911%]
    inci: all=0.0310[0.0286,0.0337]  young=0.0053[0.0024,0.0087]  long(15-24)=0.0061[0.0023,0.0107]
    prev: all=0.6544[0.6438,0.6649]  young=0.0388[0.0310,0.0494]  long(15-24)=0.0499[0.0386,0.0669]
  Year 20  [inci(all): 0.03049% vs 0.02435%  |  prev(all): 0.6492% vs 0.43911%]
    inci: all=0.0305[0.0281,0.0330]  young=0.0043[0.0019,0.0072]  long(15-24)=0.0053[0.0023,0.0090]
    prev: all=0.6492[0.6378,0.6595]  young=0.0381[0.0285,0.0473]  long(15-24)=0.0497[0.0376,0.0616]
  Year 21  [inci(all): 0.03049% vs 0.02435%  |  prev(all): 0.6451% vs 0.43911%]
    inci: all=0.0305[0.0282,0.0327]  young=0.0053[0.0024,0.0082]  long(15-24)=0.0060[0.0022,0.0097]
    prev: all=0.6451[0.6346,0.6558]  young=0.0393[0.0316,0.0469]  long(15-24)=0.0517[0.0397,0.0622]
  Year 22  [inci(all): 0.03043% vs 0.02435%  |  prev(all): 0.6399% vs 0.43911%]
    inci: all=0.0304[0.0277,0.0330]  young=0.0052[0.0024,0.0091]  long(15-24)=0.0045[0.0015,0.0082]
    prev: all=0.6399[0.6290,0.6508]  young=0.0391[0.0305,0.0505]  long(15-24)=0.0498[0.0379,0.0625]
  Year 23  [inci(all): 0.03078% vs 0.02435%  |  prev(all): 0.6341% vs 0.43911%]
    inci: all=0.0308[0.0286,0.0332]  young=0.0047[0.0024,0.0081]  long(15-24)=0.0067[0.0022,0.0111]
    prev: all=0.6341[0.6226,0.6470]  young=0.0390[0.0298,0.0484]  long(15-24)=0.0503[0.0382,0.0620]
  Year 24  [inci(all): 0.03013% vs 0.02435%  |  prev(all): 0.6291% vs 0.43911%]
    inci: all=0.0301[0.0279,0.0323]  young=0.0043[0.0019,0.0071]  long(15-24)=0.0059[0.0022,0.0096]
    prev: all=0.6291[0.6190,0.6402]  young=0.0383[0.0307,0.0462]  long(15-24)=0.0494[0.0374,0.0596]
  Year 25  [inci(all): 0.03048% vs 0.02435%  |  prev(all): 0.6251% vs 0.43911%]
    inci: all=0.0305[0.0283,0.0326]  young=0.0052[0.0024,0.0089]  long(15-24)=0.0059[0.0022,0.0110]
    prev: all=0.6251[0.6127,0.6355]  young=0.0382[0.0309,0.0462]  long(15-24)=0.0491[0.0388,0.0596]

Simulation: BMI drift = +0.1
  Calibration targets -- inci(all): 0.02435%  prev(all): 0.43911%
  Year  1  [inci(all): 0.03186% vs 0.02435%  |  prev(all): 0.6779% vs 0.43911%]
    inci: all=0.0319[0.0295,0.0345]  young=0.0051[0.0028,0.0096]  long(15-24)=0.0063[0.0027,0.0124]
    prev: all=0.6779[0.6673,0.6895]  young=0.0390[0.0305,0.0509]  long(15-24)=0.0482[0.0356,0.0620]
  Year  2  [inci(all): 0.03246% vs 0.02435%  |  prev(all): 0.6802% vs 0.43911%]
    inci: all=0.0325[0.0303,0.0349]  young=0.0056[0.0028,0.0095]  long(15-24)=0.0062[0.0026,0.0115]
    prev: all=0.6802[0.6688,0.6920]  young=0.0403[0.0309,0.0499]  long(15-24)=0.0501[0.0378,0.0652]
  Year  3  [inci(all): 0.03321% vs 0.02435%  |  prev(all): 0.6821% vs 0.43911%]
    inci: all=0.0332[0.0309,0.0357]  young=0.0050[0.0022,0.0083]  long(15-24)=0.0052[0.0017,0.0088]
    prev: all=0.6821[0.6714,0.6936]  young=0.0398[0.0310,0.0496]  long(15-24)=0.0496[0.0383,0.0620]
  Year  4  [inci(all): 0.03281% vs 0.02435%  |  prev(all): 0.6835% vs 0.43911%]
    inci: all=0.0328[0.0299,0.0355]  young=0.0033[0.0011,0.0055]  long(15-24)=0.0035[0.0009,0.0069]
    prev: all=0.6835[0.6703,0.6959]  young=0.0373[0.0297,0.0473]  long(15-24)=0.0474[0.0355,0.0604]
  Year  5  [inci(all): 0.03281% vs 0.02435%  |  prev(all): 0.6853% vs 0.43911%]
    inci: all=0.0328[0.0304,0.0353]  young=0.0060[0.0022,0.0098]  long(15-24)=0.0068[0.0026,0.0112]
    prev: all=0.6853[0.6753,0.6968]  young=0.0385[0.0289,0.0479]  long(15-24)=0.0472[0.0351,0.0607]
  Year  6  [inci(all): 0.03296% vs 0.02435%  |  prev(all): 0.6864% vs 0.43911%]
    inci: all=0.0330[0.0304,0.0353]  young=0.0043[0.0016,0.0076]  long(15-24)=0.0043[0.0009,0.0085]
    prev: all=0.6864[0.6759,0.6981]  young=0.0377[0.0289,0.0469]  long(15-24)=0.0457[0.0339,0.0583]
  Year  7  [inci(all): 0.03246% vs 0.02435%  |  prev(all): 0.6869% vs 0.43911%]
    inci: all=0.0325[0.0301,0.0349]  young=0.0053[0.0027,0.0090]  long(15-24)=0.0059[0.0025,0.0109]
    prev: all=0.6869[0.6752,0.6971]  young=0.0373[0.0288,0.0453]  long(15-24)=0.0446[0.0335,0.0556]
  Year  8  [inci(all): 0.03241% vs 0.02435%  |  prev(all): 0.6867% vs 0.43911%]
    inci: all=0.0324[0.0298,0.0352]  young=0.0032[0.0011,0.0063]  long(15-24)=0.0041[0.0008,0.0083]
    prev: all=0.6867[0.6751,0.6985]  young=0.0364[0.0280,0.0434]  long(15-24)=0.0441[0.0324,0.0556]
  Year  9  [inci(all): 0.03251% vs 0.02435%  |  prev(all): 0.6839% vs 0.43911%]
    inci: all=0.0325[0.0301,0.0347]  young=0.0052[0.0026,0.0089]  long(15-24)=0.0058[0.0025,0.0107]
    prev: all=0.6839[0.6754,0.6938]  young=0.0378[0.0293,0.0477]  long(15-24)=0.0454[0.0337,0.0578]
  Year 10  [inci(all): 0.03387% vs 0.02435%  |  prev(all): 0.6850% vs 0.43911%]
    inci: all=0.0339[0.0310,0.0366]  young=0.0052[0.0026,0.0088]  long(15-24)=0.0049[0.0016,0.0098]
    prev: all=0.6850[0.6743,0.6971]  young=0.0374[0.0300,0.0468]  long(15-24)=0.0449[0.0350,0.0587]
  Year 11  [inci(all): 0.03181% vs 0.02435%  |  prev(all): 0.6833% vs 0.43911%]
    inci: all=0.0318[0.0297,0.0344]  young=0.0057[0.0026,0.0093]  long(15-24)=0.0065[0.0024,0.0113]
    prev: all=0.6833[0.6726,0.6923]  young=0.0396[0.0309,0.0475]  long(15-24)=0.0477[0.0362,0.0583]
  Year 12  [inci(all): 0.03155% vs 0.02435%  |  prev(all): 0.6806% vs 0.43911%]
    inci: all=0.0316[0.0290,0.0343]  young=0.0067[0.0031,0.0107]  long(15-24)=0.0064[0.0032,0.0120]
    prev: all=0.6806[0.6687,0.6925]  young=0.0414[0.0326,0.0510]  long(15-24)=0.0504[0.0377,0.0633]
  Year 13  [inci(all): 0.03266% vs 0.02435%  |  prev(all): 0.6781% vs 0.43911%]
    inci: all=0.0327[0.0299,0.0350]  young=0.0046[0.0020,0.0081]  long(15-24)=0.0040[0.0016,0.0080]
    prev: all=0.6781[0.6677,0.6892]  young=0.0405[0.0314,0.0486]  long(15-24)=0.0484[0.0350,0.0594]
  Year 14  [inci(all): 0.03165% vs 0.02435%  |  prev(all): 0.6763% vs 0.43911%]
    inci: all=0.0317[0.0296,0.0346]  young=0.0045[0.0020,0.0080]  long(15-24)=0.0047[0.0008,0.0094]
    prev: all=0.6763[0.6644,0.6887]  young=0.0396[0.0312,0.0486]  long(15-24)=0.0462[0.0354,0.0571]
  Year 15  [inci(all): 0.03160% vs 0.02435%  |  prev(all): 0.6725% vs 0.43911%]
    inci: all=0.0316[0.0289,0.0343]  young=0.0060[0.0030,0.0100]  long(15-24)=0.0070[0.0031,0.0117]
    prev: all=0.6725[0.6612,0.6862]  young=0.0414[0.0333,0.0524]  long(15-24)=0.0507[0.0391,0.0634]
  Year 16  [inci(all): 0.03085% vs 0.02435%  |  prev(all): 0.6673% vs 0.43911%]
    inci: all=0.0308[0.0287,0.0330]  young=0.0049[0.0020,0.0084]  long(15-24)=0.0054[0.0016,0.0093]
    prev: all=0.6673[0.6573,0.6773]  young=0.0405[0.0324,0.0495]  long(15-24)=0.0496[0.0387,0.0617]
  Year 17  [inci(all): 0.03115% vs 0.02435%  |  prev(all): 0.6643% vs 0.43911%]
    inci: all=0.0312[0.0288,0.0336]  young=0.0039[0.0015,0.0064]  long(15-24)=0.0046[0.0015,0.0085]
    prev: all=0.6643[0.6535,0.6764]  young=0.0397[0.0313,0.0491]  long(15-24)=0.0490[0.0375,0.0621]
  Year 18  [inci(all): 0.03054% vs 0.02435%  |  prev(all): 0.6596% vs 0.43911%]
    inci: all=0.0305[0.0281,0.0332]  young=0.0053[0.0024,0.0088]  long(15-24)=0.0053[0.0015,0.0107]
    prev: all=0.6596[0.6471,0.6701]  young=0.0410[0.0322,0.0516]  long(15-24)=0.0504[0.0397,0.0654]
  Year 19  [inci(all): 0.03134% vs 0.02435%  |  prev(all): 0.6565% vs 0.43911%]
    inci: all=0.0313[0.0289,0.0339]  young=0.0053[0.0024,0.0087]  long(15-24)=0.0061[0.0023,0.0114]
    prev: all=0.6565[0.6456,0.6673]  young=0.0411[0.0330,0.0515]  long(15-24)=0.0524[0.0410,0.0688]
  Year 20  [inci(all): 0.03074% vs 0.02435%  |  prev(all): 0.6514% vs 0.43911%]
    inci: all=0.0307[0.0285,0.0333]  young=0.0048[0.0019,0.0077]  long(15-24)=0.0053[0.0023,0.0098]
    prev: all=0.6514[0.6401,0.6615]  young=0.0408[0.0313,0.0493]  long(15-24)=0.0520[0.0397,0.0642]
  Year 21  [inci(all): 0.03084% vs 0.02435%  |  prev(all): 0.6477% vs 0.43911%]
    inci: all=0.0308[0.0284,0.0330]  young=0.0057[0.0029,0.0091]  long(15-24)=0.0067[0.0030,0.0112]
    prev: all=0.6477[0.6373,0.6579]  young=0.0421[0.0340,0.0498]  long(15-24)=0.0551[0.0427,0.0659]
  Year 22  [inci(all): 0.03069% vs 0.02435%  |  prev(all): 0.6426% vs 0.43911%]
    inci: all=0.0307[0.0280,0.0333]  young=0.0057[0.0029,0.0095]  long(15-24)=0.0052[0.0015,0.0089]
    prev: all=0.6426[0.6316,0.6538]  young=0.0429[0.0338,0.0533]  long(15-24)=0.0543[0.0424,0.0679]
  Year 23  [inci(all): 0.03114% vs 0.02435%  |  prev(all): 0.6372% vs 0.43911%]
    inci: all=0.0311[0.0290,0.0337]  young=0.0052[0.0028,0.0090]  long(15-24)=0.0074[0.0030,0.0119]
    prev: all=0.6372[0.6258,0.6497]  young=0.0425[0.0332,0.0533]  long(15-24)=0.0545[0.0413,0.0680]
  Year 24  [inci(all): 0.03048% vs 0.02435%  |  prev(all): 0.6324% vs 0.43911%]
    inci: all=0.0305[0.0283,0.0328]  young=0.0048[0.0024,0.0076]  long(15-24)=0.0059[0.0022,0.0103]
    prev: all=0.6324[0.6223,0.6439]  young=0.0421[0.0335,0.0495]  long(15-24)=0.0538[0.0420,0.0639]
  Year 25  [inci(all): 0.03084% vs 0.02435%  |  prev(all): 0.6285% vs 0.43911%]
    inci: all=0.0308[0.0286,0.0330]  young=0.0057[0.0028,0.0094]  long(15-24)=0.0066[0.0029,0.0110]
    prev: all=0.6285[0.6163,0.6391]  young=0.0419[0.0339,0.0504]  long(15-24)=0.0532[0.0417,0.0643]

Simulation: BMI drift = +0.2
  Calibration targets -- inci(all): 0.02435%  prev(all): 0.43911%
  Year  1  [inci(all): 0.03186% vs 0.02435%  |  prev(all): 0.6779% vs 0.43911%]
    inci: all=0.0319[0.0295,0.0345]  young=0.0051[0.0028,0.0096]  long(15-24)=0.0063[0.0027,0.0124]
    prev: all=0.6779[0.6673,0.6895]  young=0.0390[0.0305,0.0509]  long(15-24)=0.0482[0.0356,0.0620]
  Year  2  [inci(all): 0.03246% vs 0.02435%  |  prev(all): 0.6802% vs 0.43911%]
    inci: all=0.0325[0.0303,0.0349]  young=0.0056[0.0028,0.0095]  long(15-24)=0.0062[0.0026,0.0115]
    prev: all=0.6802[0.6688,0.6920]  young=0.0403[0.0309,0.0499]  long(15-24)=0.0501[0.0378,0.0652]
  Year  3  [inci(all): 0.03321% vs 0.02435%  |  prev(all): 0.6822% vs 0.43911%]
    inci: all=0.0332[0.0309,0.0357]  young=0.0050[0.0022,0.0083]  long(15-24)=0.0052[0.0017,0.0088]
    prev: all=0.6822[0.6715,0.6936]  young=0.0398[0.0310,0.0496]  long(15-24)=0.0496[0.0383,0.0620]
  Year  4  [inci(all): 0.03286% vs 0.02435%  |  prev(all): 0.6836% vs 0.43911%]
    inci: all=0.0329[0.0300,0.0356]  young=0.0033[0.0011,0.0055]  long(15-24)=0.0035[0.0009,0.0069]
    prev: all=0.6836[0.6704,0.6959]  young=0.0373[0.0297,0.0473]  long(15-24)=0.0474[0.0355,0.0604]
  Year  5  [inci(all): 0.03281% vs 0.02435%  |  prev(all): 0.6853% vs 0.43911%]
    inci: all=0.0328[0.0304,0.0353]  young=0.0060[0.0022,0.0098]  long(15-24)=0.0068[0.0026,0.0112]
    prev: all=0.6853[0.6753,0.6968]  young=0.0385[0.0289,0.0479]  long(15-24)=0.0472[0.0351,0.0607]
  Year  6  [inci(all): 0.03307% vs 0.02435%  |  prev(all): 0.6867% vs 0.43911%]
    inci: all=0.0331[0.0305,0.0354]  young=0.0043[0.0016,0.0076]  long(15-24)=0.0043[0.0017,0.0085]
    prev: all=0.6867[0.6761,0.6982]  young=0.0378[0.0289,0.0469]  long(15-24)=0.0458[0.0339,0.0587]
  Year  7  [inci(all): 0.03261% vs 0.02435%  |  prev(all): 0.6872% vs 0.43911%]
    inci: all=0.0326[0.0302,0.0349]  young=0.0054[0.0027,0.0096]  long(15-24)=0.0059[0.0025,0.0117]
    prev: all=0.6872[0.6755,0.6975]  young=0.0373[0.0289,0.0453]  long(15-24)=0.0446[0.0335,0.0556]
  Year  8  [inci(all): 0.03251% vs 0.02435%  |  prev(all): 0.6870% vs 0.43911%]
    inci: all=0.0325[0.0299,0.0353]  young=0.0037[0.0011,0.0064]  long(15-24)=0.0042[0.0008,0.0083]
    prev: all=0.6870[0.6753,0.6990]  young=0.0366[0.0280,0.0440]  long(15-24)=0.0446[0.0324,0.0556]
  Year  9  [inci(all): 0.03256% vs 0.02435%  |  prev(all): 0.6842% vs 0.43911%]
    inci: all=0.0326[0.0302,0.0348]  young=0.0052[0.0026,0.0089]  long(15-24)=0.0058[0.0025,0.0107]
    prev: all=0.6842[0.6758,0.6942]  young=0.0383[0.0294,0.0477]  long(15-24)=0.0454[0.0337,0.0585]
  Year 10  [inci(all): 0.03403% vs 0.02435%  |  prev(all): 0.6856% vs 0.43911%]
    inci: all=0.0340[0.0311,0.0368]  young=0.0057[0.0026,0.0088]  long(15-24)=0.0049[0.0016,0.0098]
    prev: all=0.6856[0.6747,0.6975]  young=0.0379[0.0305,0.0474]  long(15-24)=0.0449[0.0350,0.0588]
  Year 11  [inci(all): 0.03206% vs 0.02435%  |  prev(all): 0.6841% vs 0.43911%]
    inci: all=0.0321[0.0299,0.0346]  young=0.0057[0.0026,0.0093]  long(15-24)=0.0065[0.0024,0.0113]
    prev: all=0.6841[0.6735,0.6930]  young=0.0402[0.0314,0.0483]  long(15-24)=0.0483[0.0362,0.0589]
  Year 12  [inci(all): 0.03165% vs 0.02435%  |  prev(all): 0.6815% vs 0.43911%]
    inci: all=0.0317[0.0291,0.0343]  young=0.0067[0.0031,0.0107]  long(15-24)=0.0064[0.0032,0.0120]
    prev: all=0.6815[0.6692,0.6931]  young=0.0423[0.0331,0.0511]  long(15-24)=0.0506[0.0384,0.0638]
  Year 13  [inci(all): 0.03296% vs 0.02435%  |  prev(all): 0.6793% vs 0.43911%]
    inci: all=0.0330[0.0301,0.0353]  young=0.0051[0.0025,0.0086]  long(15-24)=0.0048[0.0016,0.0087]
    prev: all=0.6793[0.6686,0.6905]  young=0.0414[0.0314,0.0496]  long(15-24)=0.0491[0.0372,0.0609]
  Year 14  [inci(all): 0.03191% vs 0.02435%  |  prev(all): 0.6776% vs 0.43911%]
    inci: all=0.0319[0.0298,0.0348]  young=0.0050[0.0020,0.0085]  long(15-24)=0.0047[0.0016,0.0094]
    prev: all=0.6776[0.6659,0.6901]  young=0.0406[0.0321,0.0497]  long(15-24)=0.0471[0.0355,0.0588]
  Year 15  [inci(all): 0.03181% vs 0.02435%  |  prev(all): 0.6739% vs 0.43911%]
    inci: all=0.0318[0.0292,0.0343]  young=0.0060[0.0030,0.0105]  long(15-24)=0.0070[0.0031,0.0118]
    prev: all=0.6739[0.6627,0.6873]  young=0.0428[0.0343,0.0538]  long(15-24)=0.0523[0.0398,0.0655]
  Year 16  [inci(all): 0.03105% vs 0.02435%  |  prev(all): 0.6691% vs 0.43911%]
    inci: all=0.0310[0.0288,0.0332]  young=0.0050[0.0020,0.0084]  long(15-24)=0.0054[0.0023,0.0093]
    prev: all=0.6691[0.6589,0.6789]  young=0.0419[0.0340,0.0514]  long(15-24)=0.0510[0.0403,0.0636]
  Year 17  [inci(all): 0.03140% vs 0.02435%  |  prev(all): 0.6661% vs 0.43911%]
    inci: all=0.0314[0.0290,0.0338]  young=0.0039[0.0015,0.0069]  long(15-24)=0.0046[0.0015,0.0085]
    prev: all=0.6661[0.6552,0.6782]  young=0.0412[0.0323,0.0505]  long(15-24)=0.0506[0.0385,0.0640]
  Year 18  [inci(all): 0.03080% vs 0.02435%  |  prev(all): 0.6614% vs 0.43911%]
    inci: all=0.0308[0.0283,0.0335]  young=0.0054[0.0024,0.0088]  long(15-24)=0.0054[0.0015,0.0107]
    prev: all=0.6614[0.6491,0.6722]  young=0.0427[0.0340,0.0530]  long(15-24)=0.0526[0.0405,0.0669]
  Year 19  [inci(all): 0.03170% vs 0.02435%  |  prev(all): 0.6588% vs 0.43911%]
    inci: all=0.0317[0.0293,0.0342]  young=0.0063[0.0034,0.0102]  long(15-24)=0.0068[0.0030,0.0121]
    prev: all=0.6588[0.6479,0.6696]  young=0.0436[0.0348,0.0539]  long(15-24)=0.0553[0.0433,0.0707]
  Year 20  [inci(all): 0.03110% vs 0.02435%  |  prev(all): 0.6539% vs 0.43911%]
    inci: all=0.0311[0.0288,0.0337]  young=0.0053[0.0024,0.0082]  long(15-24)=0.0060[0.0030,0.0105]
    prev: all=0.6539[0.6427,0.6640]  young=0.0433[0.0328,0.0515]  long(15-24)=0.0549[0.0421,0.0680]
  Year 21  [inci(all): 0.03114% vs 0.02435%  |  prev(all): 0.6505% vs 0.43911%]
    inci: all=0.0311[0.0288,0.0333]  young=0.0062[0.0033,0.0096]  long(15-24)=0.0075[0.0037,0.0120]
    prev: all=0.6505[0.6403,0.6608]  young=0.0450[0.0364,0.0536]  long(15-24)=0.0591[0.0450,0.0689]
  Year 22  [inci(all): 0.03109% vs 0.02435%  |  prev(all): 0.6459% vs 0.43911%]
    inci: all=0.0311[0.0284,0.0336]  young=0.0067[0.0033,0.0105]  long(15-24)=0.0059[0.0022,0.0097]
    prev: all=0.6459[0.6353,0.6570]  young=0.0461[0.0376,0.0562]  long(15-24)=0.0578[0.0461,0.0726]
  Year 23  [inci(all): 0.03134% vs 0.02435%  |  prev(all): 0.6406% vs 0.43911%]
    inci: all=0.0313[0.0292,0.0340]  young=0.0052[0.0028,0.0095]  long(15-24)=0.0074[0.0030,0.0126]
    prev: all=0.6406[0.6294,0.6534]  young=0.0453[0.0361,0.0553]  long(15-24)=0.0570[0.0437,0.0704]
  Year 24  [inci(all): 0.03078% vs 0.02435%  |  prev(all): 0.6363% vs 0.43911%]
    inci: all=0.0308[0.0286,0.0331]  young=0.0057[0.0024,0.0085]  long(15-24)=0.0066[0.0030,0.0111]
    prev: all=0.6363[0.6255,0.6476]  young=0.0453[0.0364,0.0537]  long(15-24)=0.0576[0.0456,0.0683]
  Year 25  [inci(all): 0.03114% vs 0.02435%  |  prev(all): 0.6326% vs 0.43911%]
    inci: all=0.0311[0.0289,0.0335]  young=0.0061[0.0033,0.0099]  long(15-24)=0.0066[0.0029,0.0124]
    prev: all=0.6326[0.6203,0.6431]  young=0.0451[0.0368,0.0533]  long(15-24)=0.0564[0.0454,0.0687]

Merging output files...
Merged: prev_all.csv
Merged: inci_all.csv
Merged: prev_young.csv
Merged: inci_young.csv
Merged: prev_longitudinal_by_cohort.csv
Merged: inci_longitudinal_by_cohort.csv
Program finished.
DONE exit=0
